14:44:09 **** Auto Build of configuration Debug for project BaseProject_bsp_xuartps_intr_example_1 ****
make pre-build main-build 
a9-linaro-pre-build-step
' '
'Building file: ../src/xuartps_intr_example.c'
'Invoking: ARM v7 gcc compiler'
arm-none-eabi-gcc -Wall -O0 -g3 -c -fmessage-length=0 -MT"src/xuartps_intr_example.o" -mcpu=cortex-a9 -mfpu=vfpv3 -mfloat-abi=hard -I../../BaseProject_bsp/ps7_cortexa9_0/include -MMD -MP -MF"src/xuartps_intr_example.d" -MT"src/xuartps_intr_example.o" -o "src/xuartps_intr_example.o" "../src/xuartps_intr_example.c"
'Finished building: ../src/xuartps_intr_example.c'
' '
'Building target: BaseProject_bsp_xuartps_intr_example_1.elf'
'Invoking: ARM v7 gcc linker'
arm-none-eabi-gcc -mcpu=cortex-a9 -mfpu=vfpv3 -mfloat-abi=hard -Wl,-build-id=none -specs=Xilinx.spec -Wl,-T -Wl,../src/lscript.ld -L../../BaseProject_bsp/ps7_cortexa9_0/lib -o "BaseProject_bsp_xuartps_intr_example_1.elf"  ./src/xuartps_intr_example.o   -Wl,--start-group,-lxil,-lgcc,-lc,--end-group
'Finished building target: BaseProject_bsp_xuartps_intr_example_1.elf'
' '
'Invoking: ARM v7 Print Size'
arm-none-eabi-size BaseProject_bsp_xuartps_intr_example_1.elf  |tee "BaseProject_bsp_xuartps_intr_example_1.elf.size"
   text	   data	    bss	    dec	    hex	filename
  38948	   2368	  23592	  64908	   fd8c	BaseProject_bsp_xuartps_intr_example_1.elf
'Finished building: BaseProject_bsp_xuartps_intr_example_1.elf.size'
' '

14:44:10 Build Finished (took 633ms)

