17:51:51 **** Clean-only build of configuration Debug for project Uart_Driver ****
make clean 
rm -rf  ./src/Uart.o ./src/helloworld.o ./src/platform.o  ./src/Uart.d ./src/helloworld.d ./src/platform.d  Uart_Driver.elf.size  Uart_Driver.elf
' '
17:51:51 **** Clean-only build of project BaseProject_bsp ****
make -k clean 
make -C ps7_cortexa9_0/libsrc/coresightps_dcc_v1_5/src -s clean 
make -C ps7_cortexa9_0/libsrc/cpu_cortexa9_v2_7/src -s clean 
make -C ps7_cortexa9_0/libsrc/ddrps_v1_0/src -s clean 
make -C ps7_cortexa9_0/libsrc/devcfg_v3_5/src -s clean 
make -C ps7_cortexa9_0/libsrc/dmaps_v2_4/src -s clean 
make -C ps7_cortexa9_0/libsrc/emacps_v3_9/src -s clean 
make -C ps7_cortexa9_0/libsrc/gpiops_v3_5/src -s clean 
make -C ps7_cortexa9_0/libsrc/iicps_v3_9/src -s clean 
make -C ps7_cortexa9_0/libsrc/qspips_v3_6/src -s clean 
make -C ps7_cortexa9_0/libsrc/scugic_v4_0/src -s clean 
make -C ps7_cortexa9_0/libsrc/scutimer_v2_1/src -s clean 
make -C ps7_cortexa9_0/libsrc/scuwdt_v2_1/src -s clean 
make -C ps7_cortexa9_0/libsrc/sdps_v3_7/src -s clean 
make -C ps7_cortexa9_0/libsrc/spips_v3_2/src -s clean 
make -C ps7_cortexa9_0/libsrc/standalone_v7_0/src -s clean 
make -C ps7_cortexa9_0/libsrc/uartps_v3_7/src -s clean 
make -C ps7_cortexa9_0/libsrc/usbps_v2_4/src -s clean 
make -C ps7_cortexa9_0/libsrc/xadcps_v2_3/src -s clean 
rm -f ps7_cortexa9_0/lib/libxil.a
17:51:52 **** Build of project BaseProject_bsp ****
make -k all 
"Running Make include in ps7_cortexa9_0/libsrc/coresightps_dcc_v1_5/src"
make -C ps7_cortexa9_0/libsrc/coresightps_dcc_v1_5/src -s include  "SHELL=CMD" "COMPILER=arm-none-eabi-gcc" "ARCHIVER=arm-none-eabi-ar" "COMPILER_FLAGS=  -O2 -c" "EXTRA_COMPILER_FLAGS=-mcpu=cortex-a9 -mfpu=vfpv3 -mfloat-abi=hard -nostartfiles -g -Wall -Wextra"
"Running Make include in ps7_cortexa9_0/libsrc/cpu_cortexa9_v2_7/src"
make -C ps7_cortexa9_0/libsrc/cpu_cortexa9_v2_7/src -s include  "SHELL=CMD" "COMPILER=arm-none-eabi-gcc" "ARCHIVER=arm-none-eabi-ar" "COMPILER_FLAGS=  -O2 -c" "EXTRA_COMPILER_FLAGS=-mcpu=cortex-a9 -mfpu=vfpv3 -mfloat-abi=hard -nostartfiles -g -Wall -Wextra"
"Running Make include in ps7_cortexa9_0/libsrc/ddrps_v1_0/src"
make -C ps7_cortexa9_0/libsrc/ddrps_v1_0/src -s include  "SHELL=CMD" "COMPILER=arm-none-eabi-gcc" "ARCHIVER=arm-none-eabi-ar" "COMPILER_FLAGS=  -O2 -c" "EXTRA_COMPILER_FLAGS=-mcpu=cortex-a9 -mfpu=vfpv3 -mfloat-abi=hard -nostartfiles -g -Wall -Wextra"
"Running Make include in ps7_cortexa9_0/libsrc/devcfg_v3_5/src"
make -C ps7_cortexa9_0/libsrc/devcfg_v3_5/src -s include  "SHELL=CMD" "COMPILER=arm-none-eabi-gcc" "ARCHIVER=arm-none-eabi-ar" "COMPILER_FLAGS=  -O2 -c" "EXTRA_COMPILER_FLAGS=-mcpu=cortex-a9 -mfpu=vfpv3 -mfloat-abi=hard -nostartfiles -g -Wall -Wextra"
"Running Make include in ps7_cortexa9_0/libsrc/dmaps_v2_4/src"
make -C ps7_cortexa9_0/libsrc/dmaps_v2_4/src -s include  "SHELL=CMD" "COMPILER=arm-none-eabi-gcc" "ARCHIVER=arm-none-eabi-ar" "COMPILER_FLAGS=  -O2 -c" "EXTRA_COMPILER_FLAGS=-mcpu=cortex-a9 -mfpu=vfpv3 -mfloat-abi=hard -nostartfiles -g -Wall -Wextra"
"Running Make include in ps7_cortexa9_0/libsrc/emacps_v3_9/src"
make -C ps7_cortexa9_0/libsrc/emacps_v3_9/src -s include  "SHELL=CMD" "COMPILER=arm-none-eabi-gcc" "ARCHIVER=arm-none-eabi-ar" "COMPILER_FLAGS=  -O2 -c" "EXTRA_COMPILER_FLAGS=-mcpu=cortex-a9 -mfpu=vfpv3 -mfloat-abi=hard -nostartfiles -g -Wall -Wextra"
"Running Make include in ps7_cortexa9_0/libsrc/gpiops_v3_5/src"
make -C ps7_cortexa9_0/libsrc/gpiops_v3_5/src -s include  "SHELL=CMD" "COMPILER=arm-none-eabi-gcc" "ARCHIVER=arm-none-eabi-ar" "COMPILER_FLAGS=  -O2 -c" "EXTRA_COMPILER_FLAGS=-mcpu=cortex-a9 -mfpu=vfpv3 -mfloat-abi=hard -nostartfiles -g -Wall -Wextra"
"Running Make include in ps7_cortexa9_0/libsrc/iicps_v3_9/src"
make -C ps7_cortexa9_0/libsrc/iicps_v3_9/src -s include  "SHELL=CMD" "COMPILER=arm-none-eabi-gcc" "ARCHIVER=arm-none-eabi-ar" "COMPILER_FLAGS=  -O2 -c" "EXTRA_COMPILER_FLAGS=-mcpu=cortex-a9 -mfpu=vfpv3 -mfloat-abi=hard -nostartfiles -g -Wall -Wextra"
"Running Make include in ps7_cortexa9_0/libsrc/qspips_v3_6/src"
make -C ps7_cortexa9_0/libsrc/qspips_v3_6/src -s include  "SHELL=CMD" "COMPILER=arm-none-eabi-gcc" "ARCHIVER=arm-none-eabi-ar" "COMPILER_FLAGS=  -O2 -c" "EXTRA_COMPILER_FLAGS=-mcpu=cortex-a9 -mfpu=vfpv3 -mfloat-abi=hard -nostartfiles -g -Wall -Wextra"
"Running Make include in ps7_cortexa9_0/libsrc/scugic_v4_0/src"
make -C ps7_cortexa9_0/libsrc/scugic_v4_0/src -s include  "SHELL=CMD" "COMPILER=arm-none-eabi-gcc" "ARCHIVER=arm-none-eabi-ar" "COMPILER_FLAGS=  -O2 -c" "EXTRA_COMPILER_FLAGS=-mcpu=cortex-a9 -mfpu=vfpv3 -mfloat-abi=hard -nostartfiles -g -Wall -Wextra"
"Running Make include in ps7_cortexa9_0/libsrc/scutimer_v2_1/src"
make -C ps7_cortexa9_0/libsrc/scutimer_v2_1/src -s include  "SHELL=CMD" "COMPILER=arm-none-eabi-gcc" "ARCHIVER=arm-none-eabi-ar" "COMPILER_FLAGS=  -O2 -c" "EXTRA_COMPILER_FLAGS=-mcpu=cortex-a9 -mfpu=vfpv3 -mfloat-abi=hard -nostartfiles -g -Wall -Wextra"
"Running Make include in ps7_cortexa9_0/libsrc/scuwdt_v2_1/src"
make -C ps7_cortexa9_0/libsrc/scuwdt_v2_1/src -s include  "SHELL=CMD" "COMPILER=arm-none-eabi-gcc" "ARCHIVER=arm-none-eabi-ar" "COMPILER_FLAGS=  -O2 -c" "EXTRA_COMPILER_FLAGS=-mcpu=cortex-a9 -mfpu=vfpv3 -mfloat-abi=hard -nostartfiles -g -Wall -Wextra"
"Running Make include in ps7_cortexa9_0/libsrc/sdps_v3_7/src"
make -C ps7_cortexa9_0/libsrc/sdps_v3_7/src -s include  "SHELL=CMD" "COMPILER=arm-none-eabi-gcc" "ARCHIVER=arm-none-eabi-ar" "COMPILER_FLAGS=  -O2 -c" "EXTRA_COMPILER_FLAGS=-mcpu=cortex-a9 -mfpu=vfpv3 -mfloat-abi=hard -nostartfiles -g -Wall -Wextra"
"Running Make include in ps7_cortexa9_0/libsrc/spips_v3_2/src"
make -C ps7_cortexa9_0/libsrc/spips_v3_2/src -s include  "SHELL=CMD" "COMPILER=arm-none-eabi-gcc" "ARCHIVER=arm-none-eabi-ar" "COMPILER_FLAGS=  -O2 -c" "EXTRA_COMPILER_FLAGS=-mcpu=cortex-a9 -mfpu=vfpv3 -mfloat-abi=hard -nostartfiles -g -Wall -Wextra"
"Running Make include in ps7_cortexa9_0/libsrc/standalone_v7_0/src"
make -C ps7_cortexa9_0/libsrc/standalone_v7_0/src -s include  "SHELL=CMD" "COMPILER=arm-none-eabi-gcc" "ARCHIVER=arm-none-eabi-ar" "COMPILER_FLAGS=  -O2 -c" "EXTRA_COMPILER_FLAGS=-mcpu=cortex-a9 -mfpu=vfpv3 -mfloat-abi=hard -nostartfiles -g -Wall -Wextra"
"Running Make include in ps7_cortexa9_0/libsrc/uartps_v3_7/src"
make -C ps7_cortexa9_0/libsrc/uartps_v3_7/src -s include  "SHELL=CMD" "COMPILER=arm-none-eabi-gcc" "ARCHIVER=arm-none-eabi-ar" "COMPILER_FLAGS=  -O2 -c" "EXTRA_COMPILER_FLAGS=-mcpu=cortex-a9 -mfpu=vfpv3 -mfloat-abi=hard -nostartfiles -g -Wall -Wextra"
"Running Make include in ps7_cortexa9_0/libsrc/usbps_v2_4/src"
make -C ps7_cortexa9_0/libsrc/usbps_v2_4/src -s include  "SHELL=CMD" "COMPILER=arm-none-eabi-gcc" "ARCHIVER=arm-none-eabi-ar" "COMPILER_FLAGS=  -O2 -c" "EXTRA_COMPILER_FLAGS=-mcpu=cortex-a9 -mfpu=vfpv3 -mfloat-abi=hard -nostartfiles -g -Wall -Wextra"
"Running Make include in ps7_cortexa9_0/libsrc/xadcps_v2_3/src"
make -C ps7_cortexa9_0/libsrc/xadcps_v2_3/src -s include  "SHELL=CMD" "COMPILER=arm-none-eabi-gcc" "ARCHIVER=arm-none-eabi-ar" "COMPILER_FLAGS=  -O2 -c" "EXTRA_COMPILER_FLAGS=-mcpu=cortex-a9 -mfpu=vfpv3 -mfloat-abi=hard -nostartfiles -g -Wall -Wextra"
"Running Make libs in ps7_cortexa9_0/libsrc/coresightps_dcc_v1_5/src"
make -C ps7_cortexa9_0/libsrc/coresightps_dcc_v1_5/src -s libs  "SHELL=CMD" "COMPILER=arm-none-eabi-gcc" "ARCHIVER=arm-none-eabi-ar" "COMPILER_FLAGS=  -O2 -c" "EXTRA_COMPILER_FLAGS=-mcpu=cortex-a9 -mfpu=vfpv3 -mfloat-abi=hard -nostartfiles -g -Wall -Wextra"
"Compiling coresightps_dcc"
arm-none-eabi-ar: creating ../../../lib/libxil.a
"Running Make libs in ps7_cortexa9_0/libsrc/cpu_cortexa9_v2_7/src"
make -C ps7_cortexa9_0/libsrc/cpu_cortexa9_v2_7/src -s libs  "SHELL=CMD" "COMPILER=arm-none-eabi-gcc" "ARCHIVER=arm-none-eabi-ar" "COMPILER_FLAGS=  -O2 -c" "EXTRA_COMPILER_FLAGS=-mcpu=cortex-a9 -mfpu=vfpv3 -mfloat-abi=hard -nostartfiles -g -Wall -Wextra"
"Compiling cpu_cortexa9"
"Running Make libs in ps7_cortexa9_0/libsrc/ddrps_v1_0/src"
make -C ps7_cortexa9_0/libsrc/ddrps_v1_0/src -s libs  "SHELL=CMD" "COMPILER=arm-none-eabi-gcc" "ARCHIVER=arm-none-eabi-ar" "COMPILER_FLAGS=  -O2 -c" "EXTRA_COMPILER_FLAGS=-mcpu=cortex-a9 -mfpu=vfpv3 -mfloat-abi=hard -nostartfiles -g -Wall -Wextra"
"Compiling ddrps"
"Running Make libs in ps7_cortexa9_0/libsrc/devcfg_v3_5/src"
make -C ps7_cortexa9_0/libsrc/devcfg_v3_5/src -s libs  "SHELL=CMD" "COMPILER=arm-none-eabi-gcc" "ARCHIVER=arm-none-eabi-ar" "COMPILER_FLAGS=  -O2 -c" "EXTRA_COMPILER_FLAGS=-mcpu=cortex-a9 -mfpu=vfpv3 -mfloat-abi=hard -nostartfiles -g -Wall -Wextra"
"Compiling devcfg"
"Running Make libs in ps7_cortexa9_0/libsrc/dmaps_v2_4/src"
make -C ps7_cortexa9_0/libsrc/dmaps_v2_4/src -s libs  "SHELL=CMD" "COMPILER=arm-none-eabi-gcc" "ARCHIVER=arm-none-eabi-ar" "COMPILER_FLAGS=  -O2 -c" "EXTRA_COMPILER_FLAGS=-mcpu=cortex-a9 -mfpu=vfpv3 -mfloat-abi=hard -nostartfiles -g -Wall -Wextra"
"Compiling dmaps"
"Running Make libs in ps7_cortexa9_0/libsrc/emacps_v3_9/src"
make -C ps7_cortexa9_0/libsrc/emacps_v3_9/src -s libs  "SHELL=CMD" "COMPILER=arm-none-eabi-gcc" "ARCHIVER=arm-none-eabi-ar" "COMPILER_FLAGS=  -O2 -c" "EXTRA_COMPILER_FLAGS=-mcpu=cortex-a9 -mfpu=vfpv3 -mfloat-abi=hard -nostartfiles -g -Wall -Wextra"
"Compiling emacps"
"Running Make libs in ps7_cortexa9_0/libsrc/gpiops_v3_5/src"
make -C ps7_cortexa9_0/libsrc/gpiops_v3_5/src -s libs  "SHELL=CMD" "COMPILER=arm-none-eabi-gcc" "ARCHIVER=arm-none-eabi-ar" "COMPILER_FLAGS=  -O2 -c" "EXTRA_COMPILER_FLAGS=-mcpu=cortex-a9 -mfpu=vfpv3 -mfloat-abi=hard -nostartfiles -g -Wall -Wextra"
"Compiling gpiops"
"Running Make libs in ps7_cortexa9_0/libsrc/iicps_v3_9/src"
make -C ps7_cortexa9_0/libsrc/iicps_v3_9/src -s libs  "SHELL=CMD" "COMPILER=arm-none-eabi-gcc" "ARCHIVER=arm-none-eabi-ar" "COMPILER_FLAGS=  -O2 -c" "EXTRA_COMPILER_FLAGS=-mcpu=cortex-a9 -mfpu=vfpv3 -mfloat-abi=hard -nostartfiles -g -Wall -Wextra"
"Compiling iicps"
"Running Make libs in ps7_cortexa9_0/libsrc/qspips_v3_6/src"
make -C ps7_cortexa9_0/libsrc/qspips_v3_6/src -s libs  "SHELL=CMD" "COMPILER=arm-none-eabi-gcc" "ARCHIVER=arm-none-eabi-ar" "COMPILER_FLAGS=  -O2 -c" "EXTRA_COMPILER_FLAGS=-mcpu=cortex-a9 -mfpu=vfpv3 -mfloat-abi=hard -nostartfiles -g -Wall -Wextra"
"Compiling qspips"
"Running Make libs in ps7_cortexa9_0/libsrc/scugic_v4_0/src"
make -C ps7_cortexa9_0/libsrc/scugic_v4_0/src -s libs  "SHELL=CMD" "COMPILER=arm-none-eabi-gcc" "ARCHIVER=arm-none-eabi-ar" "COMPILER_FLAGS=  -O2 -c" "EXTRA_COMPILER_FLAGS=-mcpu=cortex-a9 -mfpu=vfpv3 -mfloat-abi=hard -nostartfiles -g -Wall -Wextra"
"Compiling scugic"
"Running Make libs in ps7_cortexa9_0/libsrc/scutimer_v2_1/src"
make -C ps7_cortexa9_0/libsrc/scutimer_v2_1/src -s libs  "SHELL=CMD" "COMPILER=arm-none-eabi-gcc" "ARCHIVER=arm-none-eabi-ar" "COMPILER_FLAGS=  -O2 -c" "EXTRA_COMPILER_FLAGS=-mcpu=cortex-a9 -mfpu=vfpv3 -mfloat-abi=hard -nostartfiles -g -Wall -Wextra"
"Compiling scutimer"
"Running Make libs in ps7_cortexa9_0/libsrc/scuwdt_v2_1/src"
make -C ps7_cortexa9_0/libsrc/scuwdt_v2_1/src -s libs  "SHELL=CMD" "COMPILER=arm-none-eabi-gcc" "ARCHIVER=arm-none-eabi-ar" "COMPILER_FLAGS=  -O2 -c" "EXTRA_COMPILER_FLAGS=-mcpu=cortex-a9 -mfpu=vfpv3 -mfloat-abi=hard -nostartfiles -g -Wall -Wextra"
"Compiling scuwdt"
"Running Make libs in ps7_cortexa9_0/libsrc/sdps_v3_7/src"
make -C ps7_cortexa9_0/libsrc/sdps_v3_7/src -s libs  "SHELL=CMD" "COMPILER=arm-none-eabi-gcc" "ARCHIVER=arm-none-eabi-ar" "COMPILER_FLAGS=  -O2 -c" "EXTRA_COMPILER_FLAGS=-mcpu=cortex-a9 -mfpu=vfpv3 -mfloat-abi=hard -nostartfiles -g -Wall -Wextra"
"Compiling sdps"
"Running Make libs in ps7_cortexa9_0/libsrc/spips_v3_2/src"
make -C ps7_cortexa9_0/libsrc/spips_v3_2/src -s libs  "SHELL=CMD" "COMPILER=arm-none-eabi-gcc" "ARCHIVER=arm-none-eabi-ar" "COMPILER_FLAGS=  -O2 -c" "EXTRA_COMPILER_FLAGS=-mcpu=cortex-a9 -mfpu=vfpv3 -mfloat-abi=hard -nostartfiles -g -Wall -Wextra"
"Compiling spips"
"Running Make libs in ps7_cortexa9_0/libsrc/standalone_v7_0/src"
make -C ps7_cortexa9_0/libsrc/standalone_v7_0/src -s libs  "SHELL=CMD" "COMPILER=arm-none-eabi-gcc" "ARCHIVER=arm-none-eabi-ar" "COMPILER_FLAGS=  -O2 -c" "EXTRA_COMPILER_FLAGS=-mcpu=cortex-a9 -mfpu=vfpv3 -mfloat-abi=hard -nostartfiles -g -Wall -Wextra"
"Compiling standalone"
In file included from usleep.c:56:
xtime_l.h:87:9: note: #pragma message: For the sleep routines, Global timer is being used
 #pragma message ("For the sleep routines, Global timer is being used")
         ^~~~~~~
In file included from xil_sleeptimer.c:51:
xtime_l.h:87:9: note: #pragma message: For the sleep routines, Global timer is being used
 #pragma message ("For the sleep routines, Global timer is being used")
         ^~~~~~~
In file included from xtime_l.c:49:
xtime_l.h:87:9: note: #pragma message: For the sleep routines, Global timer is being used
 #pragma message ("For the sleep routines, Global timer is being used")
         ^~~~~~~
In file included from sleep.c:53:
xtime_l.h:87:9: note: #pragma message: For the sleep routines, Global timer is being used
 #pragma message ("For the sleep routines, Global timer is being used")
         ^~~~~~~
"Running Make libs in ps7_cortexa9_0/libsrc/uartps_v3_7/src"
make -C ps7_cortexa9_0/libsrc/uartps_v3_7/src -s libs  "SHELL=CMD" "COMPILER=arm-none-eabi-gcc" "ARCHIVER=arm-none-eabi-ar" "COMPILER_FLAGS=  -O2 -c" "EXTRA_COMPILER_FLAGS=-mcpu=cortex-a9 -mfpu=vfpv3 -mfloat-abi=hard -nostartfiles -g -Wall -Wextra"
"Compiling uartps"
"Running Make libs in ps7_cortexa9_0/libsrc/usbps_v2_4/src"
make -C ps7_cortexa9_0/libsrc/usbps_v2_4/src -s libs  "SHELL=CMD" "COMPILER=arm-none-eabi-gcc" "ARCHIVER=arm-none-eabi-ar" "COMPILER_FLAGS=  -O2 -c" "EXTRA_COMPILER_FLAGS=-mcpu=cortex-a9 -mfpu=vfpv3 -mfloat-abi=hard -nostartfiles -g -Wall -Wextra"
"Compiling usbps"
"Running Make libs in ps7_cortexa9_0/libsrc/xadcps_v2_3/src"
make -C ps7_cortexa9_0/libsrc/xadcps_v2_3/src -s libs  "SHELL=CMD" "COMPILER=arm-none-eabi-gcc" "ARCHIVER=arm-none-eabi-ar" "COMPILER_FLAGS=  -O2 -c" "EXTRA_COMPILER_FLAGS=-mcpu=cortex-a9 -mfpu=vfpv3 -mfloat-abi=hard -nostartfiles -g -Wall -Wextra"
"Compiling xadcps"
'Finished building libraries'
17:52:09 **** Auto Build of configuration Debug for project BaseProject ****
make pre-build main-build 
a9-linaro-pre-build-step
' '
'Building file: ../src/helloworld.c'
'Invoking: ARM v7 gcc compiler'
arm-none-eabi-gcc -Wall -O0 -g3 -c -fmessage-length=0 -MT"src/helloworld.o" -mcpu=cortex-a9 -mfpu=vfpv3 -mfloat-abi=hard -I../../BaseProject_bsp/ps7_cortexa9_0/include -MMD -MP -MF"src/helloworld.d" -MT"src/helloworld.o" -o "src/helloworld.o" "../src/helloworld.c"
'Finished building: ../src/helloworld.c'
' '
'Building file: ../src/platform.c'
'Invoking: ARM v7 gcc compiler'
arm-none-eabi-gcc -Wall -O0 -g3 -c -fmessage-length=0 -MT"src/platform.o" -mcpu=cortex-a9 -mfpu=vfpv3 -mfloat-abi=hard -I../../BaseProject_bsp/ps7_cortexa9_0/include -MMD -MP -MF"src/platform.d" -MT"src/platform.o" -o "src/platform.o" "../src/platform.c"
'Finished building: ../src/platform.c'
' '
'Building target: BaseProject.elf'
'Invoking: ARM v7 gcc linker'
arm-none-eabi-gcc -mcpu=cortex-a9 -mfpu=vfpv3 -mfloat-abi=hard -Wl,-build-id=none -specs=Xilinx.spec -Wl,-T -Wl,../src/lscript.ld -L../../BaseProject_bsp/ps7_cortexa9_0/lib -o "BaseProject.elf"  ./src/helloworld.o ./src/platform.o   -Wl,--start-group,-lxil,-lgcc,-lc,--end-group
'Finished building target: BaseProject.elf'
' '
'Invoking: ARM v7 Print Size'
arm-none-eabi-size BaseProject.elf  |tee "BaseProject.elf.size"
   text	   data	    bss	    dec	    hex	filename
  19064	   1144	  22568	  42776	   a718	BaseProject.elf
'Finished building: BaseProject.elf.size'
' '
17:52:10 **** Build of configuration Debug for project Uart_Driver ****
make pre-build main-build 
a9-linaro-pre-build-step
' '
'Building file: ../src/Uart.c'
'Invoking: ARM v7 gcc compiler'
arm-none-eabi-gcc -Wall -O0 -g3 -c -fmessage-length=0 -MT"src/Uart.o" -mcpu=cortex-a9 -mfpu=vfpv3 -mfloat-abi=hard -I../../BaseProject_bsp/ps7_cortexa9_0/include -MMD -MP -MF"src/Uart.d" -MT"src/Uart.o" -o "src/Uart.o" "../src/Uart.c"
../src/Uart.c: In function 'uartReset':
../src/Uart.c:207:2: warning: implicit declaration of function 'usleep'; did you mean 'fseek'? [-Wimplicit-function-declaration]
  usleep(10000); // wait for 10ms
  ^~~~~~
  fseek
../src/Uart.c: In function 'TxDataPolling':
../src/Uart.c:392:13: warning: assignment to 'RUINT8' {aka 'unsigned char'} from 'RUINT8 *' {aka 'unsigned char *'} makes integer from pointer without a cast [-Wint-conversion]
  u1TempAddr = pu1Data;
             ^
../src/Uart.c:407:1: warning: no return statement in function returning non-void [-Wreturn-type]
 }
 ^
../src/Uart.c: At top level:
../src/Uart.c:115:19: warning: 'uartTx' declared 'static' but never defined [-Wunused-function]
 static ReturnType uartTx (RUINT32 *TxBuffer, RUINT32 size);
                   ^~~~~~
../src/Uart.c:116:19: warning: 'uartRx' declared 'static' but never defined [-Wunused-function]
 static ReturnType uartRx (RUINT32 *RxBuffer, RUINT32 size);
                   ^~~~~~
../src/Uart.c: In function 'initializeUartCfg':
../src/Uart.c:220:1: warning: control reaches end of non-void function [-Wreturn-type]
 }
 ^
../src/Uart.c: In function 'configureUart':
../src/Uart.c:363:1: warning: control reaches end of non-void function [-Wreturn-type]
 }
 ^
At top level:
../src/Uart.c:177:13: warning: 'uartClearRegBit' defined but not used [-Wunused-function]
 static void uartClearRegBit (RUINT32 u4RegAddr, RUINT8 u1BitPos)
             ^~~~~~~~~~~~~~~
../src/Uart.c:163:13: warning: 'uartSetRegBit' defined but not used [-Wunused-function]
 static void uartSetRegBit (RUINT32 u4RegAddr, RUINT8 u1BitPos)
             ^~~~~~~~~~~~~
'Finished building: ../src/Uart.c'
' '
'Building file: ../src/helloworld.c'
'Invoking: ARM v7 gcc compiler'
arm-none-eabi-gcc -Wall -O0 -g3 -c -fmessage-length=0 -MT"src/helloworld.o" -mcpu=cortex-a9 -mfpu=vfpv3 -mfloat-abi=hard -I../../BaseProject_bsp/ps7_cortexa9_0/include -MMD -MP -MF"src/helloworld.d" -MT"src/helloworld.o" -o "src/helloworld.o" "../src/helloworld.c"
../src/helloworld.c: In function 'main':
../src/helloworld.c:62:5: warning: implicit declaration of function 'configureUart'; did you mean 'ConfigureUart'? [-Wimplicit-function-declaration]
     configureUart(cfgInstance0);
     ^~~~~~~~~~~~~
     ConfigureUart
'Finished building: ../src/helloworld.c'
' '
'Building file: ../src/platform.c'
'Invoking: ARM v7 gcc compiler'
arm-none-eabi-gcc -Wall -O0 -g3 -c -fmessage-length=0 -MT"src/platform.o" -mcpu=cortex-a9 -mfpu=vfpv3 -mfloat-abi=hard -I../../BaseProject_bsp/ps7_cortexa9_0/include -MMD -MP -MF"src/platform.d" -MT"src/platform.o" -o "src/platform.o" "../src/platform.c"
'Finished building: ../src/platform.c'
' '
'Building target: Uart_Driver.elf'
'Invoking: ARM v7 gcc linker'
arm-none-eabi-gcc -mcpu=cortex-a9 -mfpu=vfpv3 -mfloat-abi=hard -Wl,-build-id=none -specs=Xilinx.spec -Wl,-T -Wl,../src/lscript.ld -L../../BaseProject_bsp/ps7_cortexa9_0/lib -o "Uart_Driver.elf"  ./src/Uart.o ./src/helloworld.o ./src/platform.o   -Wl,--start-group,-lxil,-lgcc,-lc,--end-group
'Finished building target: Uart_Driver.elf'
' '
'Invoking: ARM v7 Print Size'
arm-none-eabi-size Uart_Driver.elf  |tee "Uart_Driver.elf.size"
   text	   data	    bss	    dec	    hex	filename
  20936	   1144	  22584	  44664	   ae78	Uart_Driver.elf
'Finished building: Uart_Driver.elf.size'
' '
17:52:26 **** Incremental Build of configuration Debug for project Uart_Driver ****
make pre-build main-build 
a9-linaro-pre-build-step
' '
make: Nothing to be done for 'main-build'.
17:53:16 **** Auto Build of configuration Debug for project Uart_Driver ****
make pre-build main-build 
a9-linaro-pre-build-step
' '
'Building file: ../src/Uart.c'
'Invoking: ARM v7 gcc compiler'
arm-none-eabi-gcc -Wall -O0 -g3 -c -fmessage-length=0 -MT"src/Uart.o" -mcpu=cortex-a9 -mfpu=vfpv3 -mfloat-abi=hard -I../../BaseProject_bsp/ps7_cortexa9_0/include -MMD -MP -MF"src/Uart.d" -MT"src/Uart.o" -o "src/Uart.o" "../src/Uart.c"
../src/Uart.c: In function 'uartReset':
../src/Uart.c:207:2: warning: implicit declaration of function 'usleep'; did you mean 'fseek'? [-Wimplicit-function-declaration]
  usleep(10000); // wait for 10ms
  ^~~~~~
  fseek
../src/Uart.c: In function 'TxDataPolling':
../src/Uart.c:392:13: warning: assignment to 'RUINT32' {aka 'unsigned int'} from 'RUINT8 *' {aka 'unsigned char *'} makes integer from pointer without a cast [-Wint-conversion]
  u4TempAddr = pu1Data;
             ^
../src/Uart.c:396:29: error: 'u1TempAddr' undeclared (first use in this function); did you mean 'u4TempAddr'?
   u1TempValue = *(RUINT8 *)(u1TempAddr + u4Index);
                             ^~~~~~~~~~
                             u4TempAddr
../src/Uart.c:396:29: note: each undeclared identifier is reported only once for each function it appears in
../src/Uart.c:389:10: warning: variable 'u4TempAddr' set but not used [-Wunused-but-set-variable]
  RUINT32 u4TempAddr;
          ^~~~~~~~~~
../src/Uart.c:407:1: warning: no return statement in function returning non-void [-Wreturn-type]
 }
 ^
../src/Uart.c: At top level:
../src/Uart.c:115:19: warning: 'uartTx' declared 'static' but never defined [-Wunused-function]
 static ReturnType uartTx (RUINT32 *TxBuffer, RUINT32 size);
                   ^~~~~~
../src/Uart.c:116:19: warning: 'uartRx' declared 'static' but never defined [-Wunused-function]
 static ReturnType uartRx (RUINT32 *RxBuffer, RUINT32 size);
                   ^~~~~~
../src/Uart.c: In function 'initializeUartCfg':
../src/Uart.c:220:1: warning: control reaches end of non-void function [-Wreturn-type]
 }
 ^
../src/Uart.c: In function 'configureUart':
../src/Uart.c:363:1: warning: control reaches end of non-void function [-Wreturn-type]
 }
 ^
At top level:
../src/Uart.c:177:13: warning: 'uartClearRegBit' defined but not used [-Wunused-function]
 static void uartClearRegBit (RUINT32 u4RegAddr, RUINT8 u1BitPos)
             ^~~~~~~~~~~~~~~
../src/Uart.c:163:13: warning: 'uartSetRegBit' defined but not used [-Wunused-function]
 static void uartSetRegBit (RUINT32 u4RegAddr, RUINT8 u1BitPos)
             ^~~~~~~~~~~~~
make: *** [src/subdir.mk:29: src/Uart.o] Error 1
17:53:24 **** Auto Build of configuration Debug for project Uart_Driver ****
make pre-build main-build 
a9-linaro-pre-build-step
' '
'Building file: ../src/Uart.c'
'Invoking: ARM v7 gcc compiler'
arm-none-eabi-gcc -Wall -O0 -g3 -c -fmessage-length=0 -MT"src/Uart.o" -mcpu=cortex-a9 -mfpu=vfpv3 -mfloat-abi=hard -I../../BaseProject_bsp/ps7_cortexa9_0/include -MMD -MP -MF"src/Uart.d" -MT"src/Uart.o" -o "src/Uart.o" "../src/Uart.c"
../src/Uart.c: In function 'uartReset':
../src/Uart.c:207:2: warning: implicit declaration of function 'usleep'; did you mean 'fseek'? [-Wimplicit-function-declaration]
  usleep(10000); // wait for 10ms
  ^~~~~~
  fseek
../src/Uart.c: In function 'TxDataPolling':
../src/Uart.c:392:13: warning: assignment to 'RUINT32' {aka 'unsigned int'} from 'RUINT8 *' {aka 'unsigned char *'} makes integer from pointer without a cast [-Wint-conversion]
  u4TempAddr = pu1Data;
             ^
../src/Uart.c:407:1: warning: no return statement in function returning non-void [-Wreturn-type]
 }
 ^
../src/Uart.c: At top level:
../src/Uart.c:115:19: warning: 'uartTx' declared 'static' but never defined [-Wunused-function]
 static ReturnType uartTx (RUINT32 *TxBuffer, RUINT32 size);
                   ^~~~~~
../src/Uart.c:116:19: warning: 'uartRx' declared 'static' but never defined [-Wunused-function]
 static ReturnType uartRx (RUINT32 *RxBuffer, RUINT32 size);
                   ^~~~~~
../src/Uart.c: In function 'initializeUartCfg':
../src/Uart.c:220:1: warning: control reaches end of non-void function [-Wreturn-type]
 }
 ^
../src/Uart.c: In function 'configureUart':
../src/Uart.c:363:1: warning: control reaches end of non-void function [-Wreturn-type]
 }
 ^
At top level:
../src/Uart.c:177:13: warning: 'uartClearRegBit' defined but not used [-Wunused-function]
 static void uartClearRegBit (RUINT32 u4RegAddr, RUINT8 u1BitPos)
             ^~~~~~~~~~~~~~~
../src/Uart.c:163:13: warning: 'uartSetRegBit' defined but not used [-Wunused-function]
 static void uartSetRegBit (RUINT32 u4RegAddr, RUINT8 u1BitPos)
             ^~~~~~~~~~~~~
'Finished building: ../src/Uart.c'
' '
'Building target: Uart_Driver.elf'
'Invoking: ARM v7 gcc linker'
arm-none-eabi-gcc -mcpu=cortex-a9 -mfpu=vfpv3 -mfloat-abi=hard -Wl,-build-id=none -specs=Xilinx.spec -Wl,-T -Wl,../src/lscript.ld -L../../BaseProject_bsp/ps7_cortexa9_0/lib -o "Uart_Driver.elf"  ./src/Uart.o ./src/helloworld.o ./src/platform.o   -Wl,--start-group,-lxil,-lgcc,-lc,--end-group
'Finished building target: Uart_Driver.elf'
' '
'Invoking: ARM v7 Print Size'
arm-none-eabi-size Uart_Driver.elf  |tee "Uart_Driver.elf.size"
   text	   data	    bss	    dec	    hex	filename
  20936	   1144	  22584	  44664	   ae78	Uart_Driver.elf
'Finished building: Uart_Driver.elf.size'
' '
17:53:31 **** Incremental Build of configuration Debug for project Uart_Driver ****
make pre-build main-build 
a9-linaro-pre-build-step
' '
make: Nothing to be done for 'main-build'.
17:54:22 **** Incremental Build of configuration Debug for project Uart_Driver ****
make pre-build main-build 
a9-linaro-pre-build-step
' '
make: Nothing to be done for 'main-build'.
17:56:26 **** Auto Build of configuration Debug for project Uart_Driver ****
make pre-build main-build 
a9-linaro-pre-build-step
' '
'Building file: ../src/Uart.c'
'Invoking: ARM v7 gcc compiler'
arm-none-eabi-gcc -Wall -O0 -g3 -c -fmessage-length=0 -MT"src/Uart.o" -mcpu=cortex-a9 -mfpu=vfpv3 -mfloat-abi=hard -I../../BaseProject_bsp/ps7_cortexa9_0/include -MMD -MP -MF"src/Uart.d" -MT"src/Uart.o" -o "src/Uart.o" "../src/Uart.c"
../src/Uart.c: In function 'uartReset':
../src/Uart.c:207:2: warning: implicit declaration of function 'usleep'; did you mean 'fseek'? [-Wimplicit-function-declaration]
  usleep(10000); // wait for 10ms
  ^~~~~~
  fseek
../src/Uart.c: In function 'TxDataPolling':
../src/Uart.c:393:13: warning: assignment to 'RUINT32' {aka 'unsigned int'} from 'RUINT8 *' {aka 'unsigned char *'} makes integer from pointer without a cast [-Wint-conversion]
  u4TempAddr = pu1Data;
             ^
../src/Uart.c:408:1: warning: no return statement in function returning non-void [-Wreturn-type]
 }
 ^
../src/Uart.c: At top level:
../src/Uart.c:115:19: warning: 'uartTx' declared 'static' but never defined [-Wunused-function]
 static ReturnType uartTx (RUINT32 *TxBuffer, RUINT32 size);
                   ^~~~~~
../src/Uart.c:116:19: warning: 'uartRx' declared 'static' but never defined [-Wunused-function]
 static ReturnType uartRx (RUINT32 *RxBuffer, RUINT32 size);
                   ^~~~~~
../src/Uart.c: In function 'initializeUartCfg':
../src/Uart.c:220:1: warning: control reaches end of non-void function [-Wreturn-type]
 }
 ^
../src/Uart.c: In function 'configureUart':
../src/Uart.c:363:1: warning: control reaches end of non-void function [-Wreturn-type]
 }
 ^
At top level:
../src/Uart.c:177:13: warning: 'uartClearRegBit' defined but not used [-Wunused-function]
 static void uartClearRegBit (RUINT32 u4RegAddr, RUINT8 u1BitPos)
             ^~~~~~~~~~~~~~~
../src/Uart.c:163:13: warning: 'uartSetRegBit' defined but not used [-Wunused-function]
 static void uartSetRegBit (RUINT32 u4RegAddr, RUINT8 u1BitPos)
             ^~~~~~~~~~~~~
'Finished building: ../src/Uart.c'
' '
'Building target: Uart_Driver.elf'
'Invoking: ARM v7 gcc linker'
arm-none-eabi-gcc -mcpu=cortex-a9 -mfpu=vfpv3 -mfloat-abi=hard -Wl,-build-id=none -specs=Xilinx.spec -Wl,-T -Wl,../src/lscript.ld -L../../BaseProject_bsp/ps7_cortexa9_0/lib -o "Uart_Driver.elf"  ./src/Uart.o ./src/helloworld.o ./src/platform.o   -Wl,--start-group,-lxil,-lgcc,-lc,--end-group
'Finished building target: Uart_Driver.elf'
' '
'Invoking: ARM v7 Print Size'
arm-none-eabi-size Uart_Driver.elf  |tee "Uart_Driver.elf.size"
   text	   data	    bss	    dec	    hex	filename
  20944	   1144	  22584	  44672	   ae80	Uart_Driver.elf
'Finished building: Uart_Driver.elf.size'
' '
17:56:29 **** Incremental Build of configuration Debug for project Uart_Driver ****
make pre-build main-build 
a9-linaro-pre-build-step
' '
make: Nothing to be done for 'main-build'.
18:35:55 **** Incremental Build of configuration Debug for project Uart_Driver ****
make pre-build main-build 
a9-linaro-pre-build-step
' '
make: Nothing to be done for 'main-build'.
18:45:00 **** Auto Build of configuration Debug for project Uart_Driver ****
make pre-build main-build 
a9-linaro-pre-build-step
' '
'Building file: ../src/Uart.c'
'Invoking: ARM v7 gcc compiler'
arm-none-eabi-gcc -Wall -O0 -g3 -c -fmessage-length=0 -MT"src/Uart.o" -mcpu=cortex-a9 -mfpu=vfpv3 -mfloat-abi=hard -I../../BaseProject_bsp/ps7_cortexa9_0/include -MMD -MP -MF"src/Uart.d" -MT"src/Uart.o" -o "src/Uart.o" "../src/Uart.c"
../src/Uart.c: In function 'uartReset':
../src/Uart.c:207:2: warning: implicit declaration of function 'usleep'; did you mean 'fseek'? [-Wimplicit-function-declaration]
  usleep(10000); // wait for 10ms
  ^~~~~~
  fseek
../src/Uart.c: In function 'TxDataPolling':
../src/Uart.c:393:13: warning: assignment to 'RUINT32' {aka 'unsigned int'} from 'RUINT8 *' {aka 'unsigned char *'} makes integer from pointer without a cast [-Wint-conversion]
  u4TempAddr = pu1Data;
             ^
../src/Uart.c:408:1: warning: no return statement in function returning non-void [-Wreturn-type]
 }
 ^
../src/Uart.c: At top level:
../src/Uart.c:115:19: warning: 'uartTx' declared 'static' but never defined [-Wunused-function]
 static ReturnType uartTx (RUINT32 *TxBuffer, RUINT32 size);
                   ^~~~~~
../src/Uart.c:116:19: warning: 'uartRx' declared 'static' but never defined [-Wunused-function]
 static ReturnType uartRx (RUINT32 *RxBuffer, RUINT32 size);
                   ^~~~~~
../src/Uart.c: In function 'initializeUartCfg':
../src/Uart.c:220:1: warning: control reaches end of non-void function [-Wreturn-type]
 }
 ^
../src/Uart.c: In function 'configureUart':
../src/Uart.c:363:1: warning: control reaches end of non-void function [-Wreturn-type]
 }
 ^
At top level:
../src/Uart.c:177:13: warning: 'uartClearRegBit' defined but not used [-Wunused-function]
 static void uartClearRegBit (RUINT32 u4RegAddr, RUINT8 u1BitPos)
             ^~~~~~~~~~~~~~~
../src/Uart.c:163:13: warning: 'uartSetRegBit' defined but not used [-Wunused-function]
 static void uartSetRegBit (RUINT32 u4RegAddr, RUINT8 u1BitPos)
             ^~~~~~~~~~~~~
'Finished building: ../src/Uart.c'
' '
'Building target: Uart_Driver.elf'
'Invoking: ARM v7 gcc linker'
arm-none-eabi-gcc -mcpu=cortex-a9 -mfpu=vfpv3 -mfloat-abi=hard -Wl,-build-id=none -specs=Xilinx.spec -Wl,-T -Wl,../src/lscript.ld -L../../BaseProject_bsp/ps7_cortexa9_0/lib -o "Uart_Driver.elf"  ./src/Uart.o ./src/helloworld.o ./src/platform.o   -Wl,--start-group,-lxil,-lgcc,-lc,--end-group
'Finished building target: Uart_Driver.elf'
' '
'Invoking: ARM v7 Print Size'
arm-none-eabi-size Uart_Driver.elf  |tee "Uart_Driver.elf.size"
   text	   data	    bss	    dec	    hex	filename
  20944	   1144	  22584	  44672	   ae80	Uart_Driver.elf
'Finished building: Uart_Driver.elf.size'
' '
18:45:02 **** Auto Build of configuration Debug for project Uart_Driver ****
make pre-build main-build 
a9-linaro-pre-build-step
' '
'Building file: ../src/Uart.c'
'Invoking: ARM v7 gcc compiler'
arm-none-eabi-gcc -Wall -O0 -g3 -c -fmessage-length=0 -MT"src/Uart.o" -mcpu=cortex-a9 -mfpu=vfpv3 -mfloat-abi=hard -I../../BaseProject_bsp/ps7_cortexa9_0/include -MMD -MP -MF"src/Uart.d" -MT"src/Uart.o" -o "src/Uart.o" "../src/Uart.c"
../src/Uart.c: In function 'uartReset':
../src/Uart.c:207:2: warning: implicit declaration of function 'usleep'; did you mean 'fseek'? [-Wimplicit-function-declaration]
  usleep(10000); // wait for 10ms
  ^~~~~~
  fseek
../src/Uart.c: In function 'TxDataPolling':
../src/Uart.c:393:13: warning: assignment to 'RUINT32' {aka 'unsigned int'} from 'RUINT8 *' {aka 'unsigned char *'} makes integer from pointer without a cast [-Wint-conversion]
  u4TempAddr = pu1Data;
             ^
../src/Uart.c:408:1: warning: no return statement in function returning non-void [-Wreturn-type]
 }
 ^
../src/Uart.c: At top level:
../src/Uart.c:115:19: warning: 'uartTx' declared 'static' but never defined [-Wunused-function]
 static ReturnType uartTx (RUINT32 *TxBuffer, RUINT32 size);
                   ^~~~~~
../src/Uart.c:116:19: warning: 'uartRx' declared 'static' but never defined [-Wunused-function]
 static ReturnType uartRx (RUINT32 *RxBuffer, RUINT32 size);
                   ^~~~~~
../src/Uart.c: In function 'initializeUartCfg':
../src/Uart.c:220:1: warning: control reaches end of non-void function [-Wreturn-type]
 }
 ^
../src/Uart.c: In function 'configureUart':
../src/Uart.c:363:1: warning: control reaches end of non-void function [-Wreturn-type]
 }
 ^
At top level:
../src/Uart.c:177:13: warning: 'uartClearRegBit' defined but not used [-Wunused-function]
 static void uartClearRegBit (RUINT32 u4RegAddr, RUINT8 u1BitPos)
             ^~~~~~~~~~~~~~~
../src/Uart.c:163:13: warning: 'uartSetRegBit' defined but not used [-Wunused-function]
 static void uartSetRegBit (RUINT32 u4RegAddr, RUINT8 u1BitPos)
             ^~~~~~~~~~~~~
'Finished building: ../src/Uart.c'
' '
'Building target: Uart_Driver.elf'
'Invoking: ARM v7 gcc linker'
arm-none-eabi-gcc -mcpu=cortex-a9 -mfpu=vfpv3 -mfloat-abi=hard -Wl,-build-id=none -specs=Xilinx.spec -Wl,-T -Wl,../src/lscript.ld -L../../BaseProject_bsp/ps7_cortexa9_0/lib -o "Uart_Driver.elf"  ./src/Uart.o ./src/helloworld.o ./src/platform.o   -Wl,--start-group,-lxil,-lgcc,-lc,--end-group
'Finished building target: Uart_Driver.elf'
' '
'Invoking: ARM v7 Print Size'
arm-none-eabi-size Uart_Driver.elf  |tee "Uart_Driver.elf.size"
   text	   data	    bss	    dec	    hex	filename
  20944	   1144	  22584	  44672	   ae80	Uart_Driver.elf
'Finished building: Uart_Driver.elf.size'
' '
18:45:06 **** Auto Build of configuration Debug for project Uart_Driver ****
make pre-build main-build 
a9-linaro-pre-build-step
' '
'Building file: ../src/Uart.c'
'Invoking: ARM v7 gcc compiler'
arm-none-eabi-gcc -Wall -O0 -g3 -c -fmessage-length=0 -MT"src/Uart.o" -mcpu=cortex-a9 -mfpu=vfpv3 -mfloat-abi=hard -I../../BaseProject_bsp/ps7_cortexa9_0/include -MMD -MP -MF"src/Uart.d" -MT"src/Uart.o" -o "src/Uart.o" "../src/Uart.c"
../src/Uart.c: In function 'uartReset':
../src/Uart.c:207:2: warning: implicit declaration of function 'usleep'; did you mean 'fseek'? [-Wimplicit-function-declaration]
  usleep(10000); // wait for 10ms
  ^~~~~~
  fseek
../src/Uart.c: In function 'TxDataPolling':
../src/Uart.c:393:13: warning: assignment to 'RUINT32' {aka 'unsigned int'} from 'RUINT8 *' {aka 'unsigned char *'} makes integer from pointer without a cast [-Wint-conversion]
  u4TempAddr = pu1Data;
             ^
../src/Uart.c:408:1: warning: no return statement in function returning non-void [-Wreturn-type]
 }
 ^
../src/Uart.c: At top level:
../src/Uart.c:115:19: warning: 'uartTx' declared 'static' but never defined [-Wunused-function]
 static ReturnType uartTx (RUINT32 *TxBuffer, RUINT32 size);
                   ^~~~~~
../src/Uart.c:116:19: warning: 'uartRx' declared 'static' but never defined [-Wunused-function]
 static ReturnType uartRx (RUINT32 *RxBuffer, RUINT32 size);
                   ^~~~~~
../src/Uart.c: In function 'initializeUartCfg':
../src/Uart.c:220:1: warning: control reaches end of non-void function [-Wreturn-type]
 }
 ^
../src/Uart.c: In function 'configureUart':
../src/Uart.c:363:1: warning: control reaches end of non-void function [-Wreturn-type]
 }
 ^
At top level:
../src/Uart.c:177:13: warning: 'uartClearRegBit' defined but not used [-Wunused-function]
 static void uartClearRegBit (RUINT32 u4RegAddr, RUINT8 u1BitPos)
             ^~~~~~~~~~~~~~~
../src/Uart.c:163:13: warning: 'uartSetRegBit' defined but not used [-Wunused-function]
 static void uartSetRegBit (RUINT32 u4RegAddr, RUINT8 u1BitPos)
             ^~~~~~~~~~~~~
'Finished building: ../src/Uart.c'
' '
'Building target: Uart_Driver.elf'
'Invoking: ARM v7 gcc linker'
arm-none-eabi-gcc -mcpu=cortex-a9 -mfpu=vfpv3 -mfloat-abi=hard -Wl,-build-id=none -specs=Xilinx.spec -Wl,-T -Wl,../src/lscript.ld -L../../BaseProject_bsp/ps7_cortexa9_0/lib -o "Uart_Driver.elf"  ./src/Uart.o ./src/helloworld.o ./src/platform.o   -Wl,--start-group,-lxil,-lgcc,-lc,--end-group
'Finished building target: Uart_Driver.elf'
' '
'Invoking: ARM v7 Print Size'
arm-none-eabi-size Uart_Driver.elf  |tee "Uart_Driver.elf.size"
   text	   data	    bss	    dec	    hex	filename
  20944	   1144	  22584	  44672	   ae80	Uart_Driver.elf
'Finished building: Uart_Driver.elf.size'
' '
18:45:14 **** Auto Build of configuration Debug for project Uart_Driver ****
make pre-build main-build 
a9-linaro-pre-build-step
' '
'Building file: ../src/Uart.c'
'Invoking: ARM v7 gcc compiler'
arm-none-eabi-gcc -Wall -O0 -g3 -c -fmessage-length=0 -MT"src/Uart.o" -mcpu=cortex-a9 -mfpu=vfpv3 -mfloat-abi=hard -I../../BaseProject_bsp/ps7_cortexa9_0/include -MMD -MP -MF"src/Uart.d" -MT"src/Uart.o" -o "src/Uart.o" "../src/Uart.c"
../src/Uart.c: In function 'uartReset':
../src/Uart.c:207:2: warning: implicit declaration of function 'usleep'; did you mean 'fseek'? [-Wimplicit-function-declaration]
  usleep(10000); // wait for 10ms
  ^~~~~~
  fseek
../src/Uart.c: In function 'TxDataPolling':
../src/Uart.c:393:13: warning: assignment to 'RUINT32' {aka 'unsigned int'} from 'RUINT8 *' {aka 'unsigned char *'} makes integer from pointer without a cast [-Wint-conversion]
  u4TempAddr = pu1Data;
             ^
../src/Uart.c:408:1: warning: no return statement in function returning non-void [-Wreturn-type]
 }
 ^
../src/Uart.c: At top level:
../src/Uart.c:115:19: warning: 'uartTx' declared 'static' but never defined [-Wunused-function]
 static ReturnType uartTx (RUINT32 *TxBuffer, RUINT32 size);
                   ^~~~~~
../src/Uart.c:116:19: warning: 'uartRx' declared 'static' but never defined [-Wunused-function]
 static ReturnType uartRx (RUINT32 *RxBuffer, RUINT32 size);
                   ^~~~~~
../src/Uart.c: In function 'initializeUartCfg':
../src/Uart.c:220:1: warning: control reaches end of non-void function [-Wreturn-type]
 }
 ^
../src/Uart.c: In function 'configureUart':
../src/Uart.c:363:1: warning: control reaches end of non-void function [-Wreturn-type]
 }
 ^
At top level:
../src/Uart.c:177:13: warning: 'uartClearRegBit' defined but not used [-Wunused-function]
 static void uartClearRegBit (RUINT32 u4RegAddr, RUINT8 u1BitPos)
             ^~~~~~~~~~~~~~~
../src/Uart.c:163:13: warning: 'uartSetRegBit' defined but not used [-Wunused-function]
 static void uartSetRegBit (RUINT32 u4RegAddr, RUINT8 u1BitPos)
             ^~~~~~~~~~~~~
'Finished building: ../src/Uart.c'
' '
'Building target: Uart_Driver.elf'
'Invoking: ARM v7 gcc linker'
arm-none-eabi-gcc -mcpu=cortex-a9 -mfpu=vfpv3 -mfloat-abi=hard -Wl,-build-id=none -specs=Xilinx.spec -Wl,-T -Wl,../src/lscript.ld -L../../BaseProject_bsp/ps7_cortexa9_0/lib -o "Uart_Driver.elf"  ./src/Uart.o ./src/helloworld.o ./src/platform.o   -Wl,--start-group,-lxil,-lgcc,-lc,--end-group
'Finished building target: Uart_Driver.elf'
' '
'Invoking: ARM v7 Print Size'
arm-none-eabi-size Uart_Driver.elf  |tee "Uart_Driver.elf.size"
   text	   data	    bss	    dec	    hex	filename
  20944	   1144	  22584	  44672	   ae80	Uart_Driver.elf
'Finished building: Uart_Driver.elf.size'
' '
18:45:15 **** Incremental Build of configuration Debug for project Uart_Driver ****
make pre-build main-build 
a9-linaro-pre-build-step
' '
make: Nothing to be done for 'main-build'.
18:45:45 **** Incremental Build of configuration Debug for project Uart_Driver ****
make pre-build main-build 
a9-linaro-pre-build-step
' '
make: Nothing to be done for 'main-build'.
18:46:24 **** Incremental Build of configuration Debug for project Uart_Driver ****
make pre-build main-build 
a9-linaro-pre-build-step
' '
make: Nothing to be done for 'main-build'.
18:48:49 **** Auto Build of configuration Debug for project Uart_Driver ****
make pre-build main-build 
a9-linaro-pre-build-step
' '
'Building file: ../src/Uart.c'
'Invoking: ARM v7 gcc compiler'
arm-none-eabi-gcc -Wall -O0 -g3 -c -fmessage-length=0 -MT"src/Uart.o" -mcpu=cortex-a9 -mfpu=vfpv3 -mfloat-abi=hard -I../../BaseProject_bsp/ps7_cortexa9_0/include -MMD -MP -MF"src/Uart.d" -MT"src/Uart.o" -o "src/Uart.o" "../src/Uart.c"
../src/Uart.c: In function 'uartReset':
../src/Uart.c:207:2: warning: implicit declaration of function 'usleep'; did you mean 'fseek'? [-Wimplicit-function-declaration]
  usleep(10000); // wait for 10ms
  ^~~~~~
  fseek
../src/Uart.c: In function 'TxDataPolling':
../src/Uart.c:393:13: warning: assignment to 'RUINT32' {aka 'unsigned int'} from 'RUINT8 *' {aka 'unsigned char *'} makes integer from pointer without a cast [-Wint-conversion]
  u4TempAddr = pu1Data;
             ^
../src/Uart.c:408:1: warning: no return statement in function returning non-void [-Wreturn-type]
 }
 ^
../src/Uart.c: At top level:
../src/Uart.c:115:19: warning: 'uartTx' declared 'static' but never defined [-Wunused-function]
 static ReturnType uartTx (RUINT32 *TxBuffer, RUINT32 size);
                   ^~~~~~
../src/Uart.c:116:19: warning: 'uartRx' declared 'static' but never defined [-Wunused-function]
 static ReturnType uartRx (RUINT32 *RxBuffer, RUINT32 size);
                   ^~~~~~
../src/Uart.c: In function 'initializeUartCfg':
../src/Uart.c:220:1: warning: control reaches end of non-void function [-Wreturn-type]
 }
 ^
../src/Uart.c: In function 'configureUart':
../src/Uart.c:363:1: warning: control reaches end of non-void function [-Wreturn-type]
 }
 ^
At top level:
../src/Uart.c:222:13: warning: 'setIORouting' defined but not used [-Wunused-function]
 static void setIORouting(void)
             ^~~~~~~~~~~~
../src/Uart.c:202:13: warning: 'uartReset' defined but not used [-Wunused-function]
 static void uartReset (void){
             ^~~~~~~~~
../src/Uart.c:177:13: warning: 'uartClearRegBit' defined but not used [-Wunused-function]
 static void uartClearRegBit (RUINT32 u4RegAddr, RUINT8 u1BitPos)
             ^~~~~~~~~~~~~~~
../src/Uart.c:163:13: warning: 'uartSetRegBit' defined but not used [-Wunused-function]
 static void uartSetRegBit (RUINT32 u4RegAddr, RUINT8 u1BitPos)
             ^~~~~~~~~~~~~
'Finished building: ../src/Uart.c'
' '
'Building target: Uart_Driver.elf'
'Invoking: ARM v7 gcc linker'
arm-none-eabi-gcc -mcpu=cortex-a9 -mfpu=vfpv3 -mfloat-abi=hard -Wl,-build-id=none -specs=Xilinx.spec -Wl,-T -Wl,../src/lscript.ld -L../../BaseProject_bsp/ps7_cortexa9_0/lib -o "Uart_Driver.elf"  ./src/Uart.o ./src/helloworld.o ./src/platform.o   -Wl,--start-group,-lxil,-lgcc,-lc,--end-group
'Finished building target: Uart_Driver.elf'
' '
'Invoking: ARM v7 Print Size'
arm-none-eabi-size Uart_Driver.elf  |tee "Uart_Driver.elf.size"
   text	   data	    bss	    dec	    hex	filename
  20936	   1144	  22584	  44664	   ae78	Uart_Driver.elf
'Finished building: Uart_Driver.elf.size'
' '
18:48:52 **** Incremental Build of configuration Debug for project Uart_Driver ****
make pre-build main-build 
a9-linaro-pre-build-step
' '
make: Nothing to be done for 'main-build'.
18:49:22 **** Incremental Build of configuration Debug for project Uart_Driver ****
make pre-build main-build 
a9-linaro-pre-build-step
' '
make: Nothing to be done for 'main-build'.
18:51:30 **** Auto Build of configuration Debug for project Uart_Driver ****
make pre-build main-build 
a9-linaro-pre-build-step
' '
'Building file: ../src/Uart.c'
'Invoking: ARM v7 gcc compiler'
arm-none-eabi-gcc -Wall -O0 -g3 -c -fmessage-length=0 -MT"src/Uart.o" -mcpu=cortex-a9 -mfpu=vfpv3 -mfloat-abi=hard -I../../BaseProject_bsp/ps7_cortexa9_0/include -MMD -MP -MF"src/Uart.d" -MT"src/Uart.o" -o "src/Uart.o" "../src/Uart.c"
../src/Uart.c: In function 'uartReset':
../src/Uart.c:207:2: warning: implicit declaration of function 'usleep'; did you mean 'fseek'? [-Wimplicit-function-declaration]
  usleep(10000); // wait for 10ms
  ^~~~~~
  fseek
../src/Uart.c: In function 'TxDataPolling':
../src/Uart.c:393:13: warning: assignment to 'RUINT32' {aka 'unsigned int'} from 'RUINT8 *' {aka 'unsigned char *'} makes integer from pointer without a cast [-Wint-conversion]
  u4TempAddr = pu1Data;
             ^
../src/Uart.c:408:1: warning: no return statement in function returning non-void [-Wreturn-type]
 }
 ^
../src/Uart.c: At top level:
../src/Uart.c:115:19: warning: 'uartTx' declared 'static' but never defined [-Wunused-function]
 static ReturnType uartTx (RUINT32 *TxBuffer, RUINT32 size);
                   ^~~~~~
../src/Uart.c:116:19: warning: 'uartRx' declared 'static' but never defined [-Wunused-function]
 static ReturnType uartRx (RUINT32 *RxBuffer, RUINT32 size);
                   ^~~~~~
../src/Uart.c: In function 'initializeUartCfg':
../src/Uart.c:220:1: warning: control reaches end of non-void function [-Wreturn-type]
 }
 ^
../src/Uart.c: In function 'configureUart':
../src/Uart.c:363:1: warning: control reaches end of non-void function [-Wreturn-type]
 }
 ^
At top level:
../src/Uart.c:222:13: warning: 'setIORouting' defined but not used [-Wunused-function]
 static void setIORouting(void)
             ^~~~~~~~~~~~
../src/Uart.c:177:13: warning: 'uartClearRegBit' defined but not used [-Wunused-function]
 static void uartClearRegBit (RUINT32 u4RegAddr, RUINT8 u1BitPos)
             ^~~~~~~~~~~~~~~
../src/Uart.c:163:13: warning: 'uartSetRegBit' defined but not used [-Wunused-function]
 static void uartSetRegBit (RUINT32 u4RegAddr, RUINT8 u1BitPos)
             ^~~~~~~~~~~~~
'Finished building: ../src/Uart.c'
' '
'Building target: Uart_Driver.elf'
'Invoking: ARM v7 gcc linker'
arm-none-eabi-gcc -mcpu=cortex-a9 -mfpu=vfpv3 -mfloat-abi=hard -Wl,-build-id=none -specs=Xilinx.spec -Wl,-T -Wl,../src/lscript.ld -L../../BaseProject_bsp/ps7_cortexa9_0/lib -o "Uart_Driver.elf"  ./src/Uart.o ./src/helloworld.o ./src/platform.o   -Wl,--start-group,-lxil,-lgcc,-lc,--end-group
'Finished building target: Uart_Driver.elf'
' '
'Invoking: ARM v7 Print Size'
arm-none-eabi-size Uart_Driver.elf  |tee "Uart_Driver.elf.size"
   text	   data	    bss	    dec	    hex	filename
  20940	   1144	  22584	  44668	   ae7c	Uart_Driver.elf
'Finished building: Uart_Driver.elf.size'
' '
18:51:32 **** Incremental Build of configuration Debug for project Uart_Driver ****
make pre-build main-build 
a9-linaro-pre-build-step
' '
make: Nothing to be done for 'main-build'.
18:52:02 **** Incremental Build of configuration Debug for project Uart_Driver ****
make pre-build main-build 
a9-linaro-pre-build-step
' '
make: Nothing to be done for 'main-build'.
18:52:17 **** Auto Build of configuration Debug for project Uart_Driver ****
make pre-build main-build 
a9-linaro-pre-build-step
' '
'Building file: ../src/Uart.c'
'Invoking: ARM v7 gcc compiler'
arm-none-eabi-gcc -Wall -O0 -g3 -c -fmessage-length=0 -MT"src/Uart.o" -mcpu=cortex-a9 -mfpu=vfpv3 -mfloat-abi=hard -I../../BaseProject_bsp/ps7_cortexa9_0/include -MMD -MP -MF"src/Uart.d" -MT"src/Uart.o" -o "src/Uart.o" "../src/Uart.c"
../src/Uart.c: In function 'uartReset':
../src/Uart.c:207:2: warning: implicit declaration of function 'usleep'; did you mean 'fseek'? [-Wimplicit-function-declaration]
  usleep(10000); // wait for 10ms
  ^~~~~~
  fseek
../src/Uart.c: In function 'TxDataPolling':
../src/Uart.c:393:13: warning: assignment to 'RUINT32' {aka 'unsigned int'} from 'RUINT8 *' {aka 'unsigned char *'} makes integer from pointer without a cast [-Wint-conversion]
  u4TempAddr = pu1Data;
             ^
../src/Uart.c:408:1: warning: no return statement in function returning non-void [-Wreturn-type]
 }
 ^
../src/Uart.c: At top level:
../src/Uart.c:115:19: warning: 'uartTx' declared 'static' but never defined [-Wunused-function]
 static ReturnType uartTx (RUINT32 *TxBuffer, RUINT32 size);
                   ^~~~~~
../src/Uart.c:116:19: warning: 'uartRx' declared 'static' but never defined [-Wunused-function]
 static ReturnType uartRx (RUINT32 *RxBuffer, RUINT32 size);
                   ^~~~~~
../src/Uart.c: In function 'initializeUartCfg':
../src/Uart.c:220:1: warning: control reaches end of non-void function [-Wreturn-type]
 }
 ^
../src/Uart.c: In function 'configureUart':
../src/Uart.c:363:1: warning: control reaches end of non-void function [-Wreturn-type]
 }
 ^
At top level:
../src/Uart.c:177:13: warning: 'uartClearRegBit' defined but not used [-Wunused-function]
 static void uartClearRegBit (RUINT32 u4RegAddr, RUINT8 u1BitPos)
             ^~~~~~~~~~~~~~~
../src/Uart.c:163:13: warning: 'uartSetRegBit' defined but not used [-Wunused-function]
 static void uartSetRegBit (RUINT32 u4RegAddr, RUINT8 u1BitPos)
             ^~~~~~~~~~~~~
'Finished building: ../src/Uart.c'
' '
'Building target: Uart_Driver.elf'
'Invoking: ARM v7 gcc linker'
arm-none-eabi-gcc -mcpu=cortex-a9 -mfpu=vfpv3 -mfloat-abi=hard -Wl,-build-id=none -specs=Xilinx.spec -Wl,-T -Wl,../src/lscript.ld -L../../BaseProject_bsp/ps7_cortexa9_0/lib -o "Uart_Driver.elf"  ./src/Uart.o ./src/helloworld.o ./src/platform.o   -Wl,--start-group,-lxil,-lgcc,-lc,--end-group
'Finished building target: Uart_Driver.elf'
' '
'Invoking: ARM v7 Print Size'
arm-none-eabi-size Uart_Driver.elf  |tee "Uart_Driver.elf.size"
   text	   data	    bss	    dec	    hex	filename
  20944	   1144	  22584	  44672	   ae80	Uart_Driver.elf
'Finished building: Uart_Driver.elf.size'
' '
18:52:35 **** Auto Build of configuration Debug for project Uart_Driver ****
make pre-build main-build 
a9-linaro-pre-build-step
' '
'Building file: ../src/Uart.c'
'Invoking: ARM v7 gcc compiler'
arm-none-eabi-gcc -Wall -O0 -g3 -c -fmessage-length=0 -MT"src/Uart.o" -mcpu=cortex-a9 -mfpu=vfpv3 -mfloat-abi=hard -I../../BaseProject_bsp/ps7_cortexa9_0/include -MMD -MP -MF"src/Uart.d" -MT"src/Uart.o" -o "src/Uart.o" "../src/Uart.c"
../src/Uart.c: In function 'uartReset':
../src/Uart.c:207:2: warning: implicit declaration of function 'usleep'; did you mean 'fseek'? [-Wimplicit-function-declaration]
  usleep(10000); // wait for 10ms
  ^~~~~~
  fseek
../src/Uart.c: In function 'TxDataPolling':
../src/Uart.c:393:13: warning: assignment to 'RUINT32' {aka 'unsigned int'} from 'RUINT8 *' {aka 'unsigned char *'} makes integer from pointer without a cast [-Wint-conversion]
  u4TempAddr = pu1Data;
             ^
../src/Uart.c:408:1: warning: no return statement in function returning non-void [-Wreturn-type]
 }
 ^
../src/Uart.c: At top level:
../src/Uart.c:115:19: warning: 'uartTx' declared 'static' but never defined [-Wunused-function]
 static ReturnType uartTx (RUINT32 *TxBuffer, RUINT32 size);
                   ^~~~~~
../src/Uart.c:116:19: warning: 'uartRx' declared 'static' but never defined [-Wunused-function]
 static ReturnType uartRx (RUINT32 *RxBuffer, RUINT32 size);
                   ^~~~~~
../src/Uart.c: In function 'initializeUartCfg':
../src/Uart.c:220:1: warning: control reaches end of non-void function [-Wreturn-type]
 }
 ^
../src/Uart.c: In function 'configureUart':
../src/Uart.c:363:1: warning: control reaches end of non-void function [-Wreturn-type]
 }
 ^
At top level:
../src/Uart.c:177:13: warning: 'uartClearRegBit' defined but not used [-Wunused-function]
 static void uartClearRegBit (RUINT32 u4RegAddr, RUINT8 u1BitPos)
             ^~~~~~~~~~~~~~~
../src/Uart.c:163:13: warning: 'uartSetRegBit' defined but not used [-Wunused-function]
 static void uartSetRegBit (RUINT32 u4RegAddr, RUINT8 u1BitPos)
             ^~~~~~~~~~~~~
'Finished building: ../src/Uart.c'
' '
'Building target: Uart_Driver.elf'
'Invoking: ARM v7 gcc linker'
arm-none-eabi-gcc -mcpu=cortex-a9 -mfpu=vfpv3 -mfloat-abi=hard -Wl,-build-id=none -specs=Xilinx.spec -Wl,-T -Wl,../src/lscript.ld -L../../BaseProject_bsp/ps7_cortexa9_0/lib -o "Uart_Driver.elf"  ./src/Uart.o ./src/helloworld.o ./src/platform.o   -Wl,--start-group,-lxil,-lgcc,-lc,--end-group
'Finished building target: Uart_Driver.elf'
' '
'Invoking: ARM v7 Print Size'
arm-none-eabi-size Uart_Driver.elf  |tee "Uart_Driver.elf.size"
   text	   data	    bss	    dec	    hex	filename
  20944	   1144	  22584	  44672	   ae80	Uart_Driver.elf
'Finished building: Uart_Driver.elf.size'
' '
18:53:52 **** Auto Build of configuration Debug for project Uart_Driver ****
make pre-build main-build 
a9-linaro-pre-build-step
' '
'Building file: ../src/Uart.c'
'Invoking: ARM v7 gcc compiler'
arm-none-eabi-gcc -Wall -O0 -g3 -c -fmessage-length=0 -MT"src/Uart.o" -mcpu=cortex-a9 -mfpu=vfpv3 -mfloat-abi=hard -I../../BaseProject_bsp/ps7_cortexa9_0/include -MMD -MP -MF"src/Uart.d" -MT"src/Uart.o" -o "src/Uart.o" "../src/Uart.c"
../src/Uart.c: In function 'uartReset':
../src/Uart.c:207:2: warning: implicit declaration of function 'usleep'; did you mean 'fseek'? [-Wimplicit-function-declaration]
  usleep(10000); // wait for 10ms
  ^~~~~~
  fseek
../src/Uart.c: In function 'TxDataPolling':
../src/Uart.c:393:13: warning: assignment to 'RUINT32' {aka 'unsigned int'} from 'RUINT8 *' {aka 'unsigned char *'} makes integer from pointer without a cast [-Wint-conversion]
  u4TempAddr = pu1Data;
             ^
../src/Uart.c:408:1: warning: no return statement in function returning non-void [-Wreturn-type]
 }
 ^
../src/Uart.c: At top level:
../src/Uart.c:115:19: warning: 'uartTx' declared 'static' but never defined [-Wunused-function]
 static ReturnType uartTx (RUINT32 *TxBuffer, RUINT32 size);
                   ^~~~~~
../src/Uart.c:116:19: warning: 'uartRx' declared 'static' but never defined [-Wunused-function]
 static ReturnType uartRx (RUINT32 *RxBuffer, RUINT32 size);
                   ^~~~~~
../src/Uart.c: In function 'initializeUartCfg':
../src/Uart.c:220:1: warning: control reaches end of non-void function [-Wreturn-type]
 }
 ^
../src/Uart.c: In function 'configureUart':
../src/Uart.c:363:1: warning: control reaches end of non-void function [-Wreturn-type]
 }
 ^
At top level:
../src/Uart.c:177:13: warning: 'uartClearRegBit' defined but not used [-Wunused-function]
 static void uartClearRegBit (RUINT32 u4RegAddr, RUINT8 u1BitPos)
             ^~~~~~~~~~~~~~~
../src/Uart.c:163:13: warning: 'uartSetRegBit' defined but not used [-Wunused-function]
 static void uartSetRegBit (RUINT32 u4RegAddr, RUINT8 u1BitPos)
             ^~~~~~~~~~~~~
'Finished building: ../src/Uart.c'
' '
'Building target: Uart_Driver.elf'
'Invoking: ARM v7 gcc linker'
arm-none-eabi-gcc -mcpu=cortex-a9 -mfpu=vfpv3 -mfloat-abi=hard -Wl,-build-id=none -specs=Xilinx.spec -Wl,-T -Wl,../src/lscript.ld -L../../BaseProject_bsp/ps7_cortexa9_0/lib -o "Uart_Driver.elf"  ./src/Uart.o ./src/helloworld.o ./src/platform.o   -Wl,--start-group,-lxil,-lgcc,-lc,--end-group
'Finished building target: Uart_Driver.elf'
' '
'Invoking: ARM v7 Print Size'
arm-none-eabi-size Uart_Driver.elf  |tee "Uart_Driver.elf.size"
   text	   data	    bss	    dec	    hex	filename
  20944	   1144	  22584	  44672	   ae80	Uart_Driver.elf
'Finished building: Uart_Driver.elf.size'
' '
18:53:54 **** Incremental Build of configuration Debug for project Uart_Driver ****
make pre-build main-build 
a9-linaro-pre-build-step
' '
make: Nothing to be done for 'main-build'.
