21:30:32 **** Build of project BaseProject_bsp ****
make -k all 
"Running Make include in ps7_cortexa9_0/libsrc/coresightps_dcc_v1_5/src"
make -C ps7_cortexa9_0/libsrc/coresightps_dcc_v1_5/src -s include  "SHELL=CMD" "COMPILER=arm-none-eabi-gcc" "ARCHIVER=arm-none-eabi-ar" "COMPILER_FLAGS=  -O2 -c" "EXTRA_COMPILER_FLAGS=-mcpu=cortex-a9 -mfpu=vfpv3 -mfloat-abi=hard -nostartfiles -g -Wall -Wextra"
"Running Make include in ps7_cortexa9_0/libsrc/cpu_cortexa9_v2_7/src"
make -C ps7_cortexa9_0/libsrc/cpu_cortexa9_v2_7/src -s include  "SHELL=CMD" "COMPILER=arm-none-eabi-gcc" "ARCHIVER=arm-none-eabi-ar" "COMPILER_FLAGS=  -O2 -c" "EXTRA_COMPILER_FLAGS=-mcpu=cortex-a9 -mfpu=vfpv3 -mfloat-abi=hard -nostartfiles -g -Wall -Wextra"
"Running Make include in ps7_cortexa9_0/libsrc/ddrps_v1_0/src"
make -C ps7_cortexa9_0/libsrc/ddrps_v1_0/src -s include  "SHELL=CMD" "COMPILER=arm-none-eabi-gcc" "ARCHIVER=arm-none-eabi-ar" "COMPILER_FLAGS=  -O2 -c" "EXTRA_COMPILER_FLAGS=-mcpu=cortex-a9 -mfpu=vfpv3 -mfloat-abi=hard -nostartfiles -g -Wall -Wextra"
"Running Make include in ps7_cortexa9_0/libsrc/devcfg_v3_5/src"
make -C ps7_cortexa9_0/libsrc/devcfg_v3_5/src -s include  "SHELL=CMD" "COMPILER=arm-none-eabi-gcc" "ARCHIVER=arm-none-eabi-ar" "COMPILER_FLAGS=  -O2 -c" "EXTRA_COMPILER_FLAGS=-mcpu=cortex-a9 -mfpu=vfpv3 -mfloat-abi=hard -nostartfiles -g -Wall -Wextra"
"Running Make include in ps7_cortexa9_0/libsrc/dmaps_v2_4/src"
make -C ps7_cortexa9_0/libsrc/dmaps_v2_4/src -s include  "SHELL=CMD" "COMPILER=arm-none-eabi-gcc" "ARCHIVER=arm-none-eabi-ar" "COMPILER_FLAGS=  -O2 -c" "EXTRA_COMPILER_FLAGS=-mcpu=cortex-a9 -mfpu=vfpv3 -mfloat-abi=hard -nostartfiles -g -Wall -Wextra"
"Running Make include in ps7_cortexa9_0/libsrc/emacps_v3_9/src"
make -C ps7_cortexa9_0/libsrc/emacps_v3_9/src -s include  "SHELL=CMD" "COMPILER=arm-none-eabi-gcc" "ARCHIVER=arm-none-eabi-ar" "COMPILER_FLAGS=  -O2 -c" "EXTRA_COMPILER_FLAGS=-mcpu=cortex-a9 -mfpu=vfpv3 -mfloat-abi=hard -nostartfiles -g -Wall -Wextra"
"Running Make include in ps7_cortexa9_0/libsrc/gpiops_v3_5/src"
make -C ps7_cortexa9_0/libsrc/gpiops_v3_5/src -s include  "SHELL=CMD" "COMPILER=arm-none-eabi-gcc" "ARCHIVER=arm-none-eabi-ar" "COMPILER_FLAGS=  -O2 -c" "EXTRA_COMPILER_FLAGS=-mcpu=cortex-a9 -mfpu=vfpv3 -mfloat-abi=hard -nostartfiles -g -Wall -Wextra"
"Running Make include in ps7_cortexa9_0/libsrc/iicps_v3_9/src"
make -C ps7_cortexa9_0/libsrc/iicps_v3_9/src -s include  "SHELL=CMD" "COMPILER=arm-none-eabi-gcc" "ARCHIVER=arm-none-eabi-ar" "COMPILER_FLAGS=  -O2 -c" "EXTRA_COMPILER_FLAGS=-mcpu=cortex-a9 -mfpu=vfpv3 -mfloat-abi=hard -nostartfiles -g -Wall -Wextra"
"Running Make include in ps7_cortexa9_0/libsrc/qspips_v3_6/src"
make -C ps7_cortexa9_0/libsrc/qspips_v3_6/src -s include  "SHELL=CMD" "COMPILER=arm-none-eabi-gcc" "ARCHIVER=arm-none-eabi-ar" "COMPILER_FLAGS=  -O2 -c" "EXTRA_COMPILER_FLAGS=-mcpu=cortex-a9 -mfpu=vfpv3 -mfloat-abi=hard -nostartfiles -g -Wall -Wextra"
"Running Make include in ps7_cortexa9_0/libsrc/scugic_v4_0/src"
make -C ps7_cortexa9_0/libsrc/scugic_v4_0/src -s include  "SHELL=CMD" "COMPILER=arm-none-eabi-gcc" "ARCHIVER=arm-none-eabi-ar" "COMPILER_FLAGS=  -O2 -c" "EXTRA_COMPILER_FLAGS=-mcpu=cortex-a9 -mfpu=vfpv3 -mfloat-abi=hard -nostartfiles -g -Wall -Wextra"
"Running Make include in ps7_cortexa9_0/libsrc/scutimer_v2_1/src"
make -C ps7_cortexa9_0/libsrc/scutimer_v2_1/src -s include  "SHELL=CMD" "COMPILER=arm-none-eabi-gcc" "ARCHIVER=arm-none-eabi-ar" "COMPILER_FLAGS=  -O2 -c" "EXTRA_COMPILER_FLAGS=-mcpu=cortex-a9 -mfpu=vfpv3 -mfloat-abi=hard -nostartfiles -g -Wall -Wextra"
"Running Make include in ps7_cortexa9_0/libsrc/scuwdt_v2_1/src"
make -C ps7_cortexa9_0/libsrc/scuwdt_v2_1/src -s include  "SHELL=CMD" "COMPILER=arm-none-eabi-gcc" "ARCHIVER=arm-none-eabi-ar" "COMPILER_FLAGS=  -O2 -c" "EXTRA_COMPILER_FLAGS=-mcpu=cortex-a9 -mfpu=vfpv3 -mfloat-abi=hard -nostartfiles -g -Wall -Wextra"
"Running Make include in ps7_cortexa9_0/libsrc/sdps_v3_7/src"
make -C ps7_cortexa9_0/libsrc/sdps_v3_7/src -s include  "SHELL=CMD" "COMPILER=arm-none-eabi-gcc" "ARCHIVER=arm-none-eabi-ar" "COMPILER_FLAGS=  -O2 -c" "EXTRA_COMPILER_FLAGS=-mcpu=cortex-a9 -mfpu=vfpv3 -mfloat-abi=hard -nostartfiles -g -Wall -Wextra"
"Running Make include in ps7_cortexa9_0/libsrc/spips_v3_2/src"
make -C ps7_cortexa9_0/libsrc/spips_v3_2/src -s include  "SHELL=CMD" "COMPILER=arm-none-eabi-gcc" "ARCHIVER=arm-none-eabi-ar" "COMPILER_FLAGS=  -O2 -c" "EXTRA_COMPILER_FLAGS=-mcpu=cortex-a9 -mfpu=vfpv3 -mfloat-abi=hard -nostartfiles -g -Wall -Wextra"
"Running Make include in ps7_cortexa9_0/libsrc/standalone_v7_0/src"
make -C ps7_cortexa9_0/libsrc/standalone_v7_0/src -s include  "SHELL=CMD" "COMPILER=arm-none-eabi-gcc" "ARCHIVER=arm-none-eabi-ar" "COMPILER_FLAGS=  -O2 -c" "EXTRA_COMPILER_FLAGS=-mcpu=cortex-a9 -mfpu=vfpv3 -mfloat-abi=hard -nostartfiles -g -Wall -Wextra"
"Running Make include in ps7_cortexa9_0/libsrc/uartps_v3_7/src"
make -C ps7_cortexa9_0/libsrc/uartps_v3_7/src -s include  "SHELL=CMD" "COMPILER=arm-none-eabi-gcc" "ARCHIVER=arm-none-eabi-ar" "COMPILER_FLAGS=  -O2 -c" "EXTRA_COMPILER_FLAGS=-mcpu=cortex-a9 -mfpu=vfpv3 -mfloat-abi=hard -nostartfiles -g -Wall -Wextra"
"Running Make include in ps7_cortexa9_0/libsrc/usbps_v2_4/src"
make -C ps7_cortexa9_0/libsrc/usbps_v2_4/src -s include  "SHELL=CMD" "COMPILER=arm-none-eabi-gcc" "ARCHIVER=arm-none-eabi-ar" "COMPILER_FLAGS=  -O2 -c" "EXTRA_COMPILER_FLAGS=-mcpu=cortex-a9 -mfpu=vfpv3 -mfloat-abi=hard -nostartfiles -g -Wall -Wextra"
"Running Make include in ps7_cortexa9_0/libsrc/xadcps_v2_3/src"
make -C ps7_cortexa9_0/libsrc/xadcps_v2_3/src -s include  "SHELL=CMD" "COMPILER=arm-none-eabi-gcc" "ARCHIVER=arm-none-eabi-ar" "COMPILER_FLAGS=  -O2 -c" "EXTRA_COMPILER_FLAGS=-mcpu=cortex-a9 -mfpu=vfpv3 -mfloat-abi=hard -nostartfiles -g -Wall -Wextra"
"Running Make libs in ps7_cortexa9_0/libsrc/coresightps_dcc_v1_5/src"
make -C ps7_cortexa9_0/libsrc/coresightps_dcc_v1_5/src -s libs  "SHELL=CMD" "COMPILER=arm-none-eabi-gcc" "ARCHIVER=arm-none-eabi-ar" "COMPILER_FLAGS=  -O2 -c" "EXTRA_COMPILER_FLAGS=-mcpu=cortex-a9 -mfpu=vfpv3 -mfloat-abi=hard -nostartfiles -g -Wall -Wextra"
"Compiling coresightps_dcc"
"Running Make libs in ps7_cortexa9_0/libsrc/cpu_cortexa9_v2_7/src"
make -C ps7_cortexa9_0/libsrc/cpu_cortexa9_v2_7/src -s libs  "SHELL=CMD" "COMPILER=arm-none-eabi-gcc" "ARCHIVER=arm-none-eabi-ar" "COMPILER_FLAGS=  -O2 -c" "EXTRA_COMPILER_FLAGS=-mcpu=cortex-a9 -mfpu=vfpv3 -mfloat-abi=hard -nostartfiles -g -Wall -Wextra"
"Compiling cpu_cortexa9"
"Running Make libs in ps7_cortexa9_0/libsrc/ddrps_v1_0/src"
make -C ps7_cortexa9_0/libsrc/ddrps_v1_0/src -s libs  "SHELL=CMD" "COMPILER=arm-none-eabi-gcc" "ARCHIVER=arm-none-eabi-ar" "COMPILER_FLAGS=  -O2 -c" "EXTRA_COMPILER_FLAGS=-mcpu=cortex-a9 -mfpu=vfpv3 -mfloat-abi=hard -nostartfiles -g -Wall -Wextra"
"Compiling ddrps"
"Running Make libs in ps7_cortexa9_0/libsrc/devcfg_v3_5/src"
make -C ps7_cortexa9_0/libsrc/devcfg_v3_5/src -s libs  "SHELL=CMD" "COMPILER=arm-none-eabi-gcc" "ARCHIVER=arm-none-eabi-ar" "COMPILER_FLAGS=  -O2 -c" "EXTRA_COMPILER_FLAGS=-mcpu=cortex-a9 -mfpu=vfpv3 -mfloat-abi=hard -nostartfiles -g -Wall -Wextra"
"Compiling devcfg"
"Running Make libs in ps7_cortexa9_0/libsrc/dmaps_v2_4/src"
make -C ps7_cortexa9_0/libsrc/dmaps_v2_4/src -s libs  "SHELL=CMD" "COMPILER=arm-none-eabi-gcc" "ARCHIVER=arm-none-eabi-ar" "COMPILER_FLAGS=  -O2 -c" "EXTRA_COMPILER_FLAGS=-mcpu=cortex-a9 -mfpu=vfpv3 -mfloat-abi=hard -nostartfiles -g -Wall -Wextra"
"Compiling dmaps"
"Running Make libs in ps7_cortexa9_0/libsrc/emacps_v3_9/src"
make -C ps7_cortexa9_0/libsrc/emacps_v3_9/src -s libs  "SHELL=CMD" "COMPILER=arm-none-eabi-gcc" "ARCHIVER=arm-none-eabi-ar" "COMPILER_FLAGS=  -O2 -c" "EXTRA_COMPILER_FLAGS=-mcpu=cortex-a9 -mfpu=vfpv3 -mfloat-abi=hard -nostartfiles -g -Wall -Wextra"
"Compiling emacps"
"Running Make libs in ps7_cortexa9_0/libsrc/gpiops_v3_5/src"
make -C ps7_cortexa9_0/libsrc/gpiops_v3_5/src -s libs  "SHELL=CMD" "COMPILER=arm-none-eabi-gcc" "ARCHIVER=arm-none-eabi-ar" "COMPILER_FLAGS=  -O2 -c" "EXTRA_COMPILER_FLAGS=-mcpu=cortex-a9 -mfpu=vfpv3 -mfloat-abi=hard -nostartfiles -g -Wall -Wextra"
"Compiling gpiops"
"Running Make libs in ps7_cortexa9_0/libsrc/iicps_v3_9/src"
make -C ps7_cortexa9_0/libsrc/iicps_v3_9/src -s libs  "SHELL=CMD" "COMPILER=arm-none-eabi-gcc" "ARCHIVER=arm-none-eabi-ar" "COMPILER_FLAGS=  -O2 -c" "EXTRA_COMPILER_FLAGS=-mcpu=cortex-a9 -mfpu=vfpv3 -mfloat-abi=hard -nostartfiles -g -Wall -Wextra"
"Compiling iicps"
"Running Make libs in ps7_cortexa9_0/libsrc/qspips_v3_6/src"
make -C ps7_cortexa9_0/libsrc/qspips_v3_6/src -s libs  "SHELL=CMD" "COMPILER=arm-none-eabi-gcc" "ARCHIVER=arm-none-eabi-ar" "COMPILER_FLAGS=  -O2 -c" "EXTRA_COMPILER_FLAGS=-mcpu=cortex-a9 -mfpu=vfpv3 -mfloat-abi=hard -nostartfiles -g -Wall -Wextra"
"Compiling qspips"
"Running Make libs in ps7_cortexa9_0/libsrc/scugic_v4_0/src"
make -C ps7_cortexa9_0/libsrc/scugic_v4_0/src -s libs  "SHELL=CMD" "COMPILER=arm-none-eabi-gcc" "ARCHIVER=arm-none-eabi-ar" "COMPILER_FLAGS=  -O2 -c" "EXTRA_COMPILER_FLAGS=-mcpu=cortex-a9 -mfpu=vfpv3 -mfloat-abi=hard -nostartfiles -g -Wall -Wextra"
"Compiling scugic"
"Running Make libs in ps7_cortexa9_0/libsrc/scutimer_v2_1/src"
make -C ps7_cortexa9_0/libsrc/scutimer_v2_1/src -s libs  "SHELL=CMD" "COMPILER=arm-none-eabi-gcc" "ARCHIVER=arm-none-eabi-ar" "COMPILER_FLAGS=  -O2 -c" "EXTRA_COMPILER_FLAGS=-mcpu=cortex-a9 -mfpu=vfpv3 -mfloat-abi=hard -nostartfiles -g -Wall -Wextra"
"Compiling scutimer"
"Running Make libs in ps7_cortexa9_0/libsrc/scuwdt_v2_1/src"
make -C ps7_cortexa9_0/libsrc/scuwdt_v2_1/src -s libs  "SHELL=CMD" "COMPILER=arm-none-eabi-gcc" "ARCHIVER=arm-none-eabi-ar" "COMPILER_FLAGS=  -O2 -c" "EXTRA_COMPILER_FLAGS=-mcpu=cortex-a9 -mfpu=vfpv3 -mfloat-abi=hard -nostartfiles -g -Wall -Wextra"
"Compiling scuwdt"
"Running Make libs in ps7_cortexa9_0/libsrc/sdps_v3_7/src"
make -C ps7_cortexa9_0/libsrc/sdps_v3_7/src -s libs  "SHELL=CMD" "COMPILER=arm-none-eabi-gcc" "ARCHIVER=arm-none-eabi-ar" "COMPILER_FLAGS=  -O2 -c" "EXTRA_COMPILER_FLAGS=-mcpu=cortex-a9 -mfpu=vfpv3 -mfloat-abi=hard -nostartfiles -g -Wall -Wextra"
"Compiling sdps"
"Running Make libs in ps7_cortexa9_0/libsrc/spips_v3_2/src"
make -C ps7_cortexa9_0/libsrc/spips_v3_2/src -s libs  "SHELL=CMD" "COMPILER=arm-none-eabi-gcc" "ARCHIVER=arm-none-eabi-ar" "COMPILER_FLAGS=  -O2 -c" "EXTRA_COMPILER_FLAGS=-mcpu=cortex-a9 -mfpu=vfpv3 -mfloat-abi=hard -nostartfiles -g -Wall -Wextra"
"Compiling spips"
"Running Make libs in ps7_cortexa9_0/libsrc/standalone_v7_0/src"
make -C ps7_cortexa9_0/libsrc/standalone_v7_0/src -s libs  "SHELL=CMD" "COMPILER=arm-none-eabi-gcc" "ARCHIVER=arm-none-eabi-ar" "COMPILER_FLAGS=  -O2 -c" "EXTRA_COMPILER_FLAGS=-mcpu=cortex-a9 -mfpu=vfpv3 -mfloat-abi=hard -nostartfiles -g -Wall -Wextra"
"Compiling standalone"
In file included from usleep.c:56:
xtime_l.h:87:9: note: #pragma message: For the sleep routines, Global timer is being used
 #pragma message ("For the sleep routines, Global timer is being used")
         ^~~~~~~
In file included from sleep.c:53:
xtime_l.h:87:9: note: #pragma message: For the sleep routines, Global timer is being used
 #pragma message ("For the sleep routines, Global timer is being used")
         ^~~~~~~
In file included from xil_sleeptimer.c:51:
xtime_l.h:87:9: note: #pragma message: For the sleep routines, Global timer is being used
 #pragma message ("For the sleep routines, Global timer is being used")
         ^~~~~~~
In file included from xtime_l.c:49:
xtime_l.h:87:9: note: #pragma message: For the sleep routines, Global timer is being used
 #pragma message ("For the sleep routines, Global timer is being used")
         ^~~~~~~
"Running Make libs in ps7_cortexa9_0/libsrc/uartps_v3_7/src"
make -C ps7_cortexa9_0/libsrc/uartps_v3_7/src -s libs  "SHELL=CMD" "COMPILER=arm-none-eabi-gcc" "ARCHIVER=arm-none-eabi-ar" "COMPILER_FLAGS=  -O2 -c" "EXTRA_COMPILER_FLAGS=-mcpu=cortex-a9 -mfpu=vfpv3 -mfloat-abi=hard -nostartfiles -g -Wall -Wextra"
"Compiling uartps"
"Running Make libs in ps7_cortexa9_0/libsrc/usbps_v2_4/src"
make -C ps7_cortexa9_0/libsrc/usbps_v2_4/src -s libs  "SHELL=CMD" "COMPILER=arm-none-eabi-gcc" "ARCHIVER=arm-none-eabi-ar" "COMPILER_FLAGS=  -O2 -c" "EXTRA_COMPILER_FLAGS=-mcpu=cortex-a9 -mfpu=vfpv3 -mfloat-abi=hard -nostartfiles -g -Wall -Wextra"
"Compiling usbps"
"Running Make libs in ps7_cortexa9_0/libsrc/xadcps_v2_3/src"
make -C ps7_cortexa9_0/libsrc/xadcps_v2_3/src -s libs  "SHELL=CMD" "COMPILER=arm-none-eabi-gcc" "ARCHIVER=arm-none-eabi-ar" "COMPILER_FLAGS=  -O2 -c" "EXTRA_COMPILER_FLAGS=-mcpu=cortex-a9 -mfpu=vfpv3 -mfloat-abi=hard -nostartfiles -g -Wall -Wextra"
"Compiling xadcps"
'Finished building libraries'
21:30:54 **** Auto Build of project BaseProject_bsp ****
make -k all 
"Running Make include in ps7_cortexa9_0/libsrc/coresightps_dcc_v1_5/src"
make -C ps7_cortexa9_0/libsrc/coresightps_dcc_v1_5/src -s include  "SHELL=CMD" "COMPILER=arm-none-eabi-gcc" "ARCHIVER=arm-none-eabi-ar" "COMPILER_FLAGS=  -O2 -c" "EXTRA_COMPILER_FLAGS=-mcpu=cortex-a9 -mfpu=vfpv3 -mfloat-abi=hard -nostartfiles -g -Wall -Wextra"
"Running Make include in ps7_cortexa9_0/libsrc/cpu_cortexa9_v2_7/src"
make -C ps7_cortexa9_0/libsrc/cpu_cortexa9_v2_7/src -s include  "SHELL=CMD" "COMPILER=arm-none-eabi-gcc" "ARCHIVER=arm-none-eabi-ar" "COMPILER_FLAGS=  -O2 -c" "EXTRA_COMPILER_FLAGS=-mcpu=cortex-a9 -mfpu=vfpv3 -mfloat-abi=hard -nostartfiles -g -Wall -Wextra"
"Running Make include in ps7_cortexa9_0/libsrc/ddrps_v1_0/src"
make -C ps7_cortexa9_0/libsrc/ddrps_v1_0/src -s include  "SHELL=CMD" "COMPILER=arm-none-eabi-gcc" "ARCHIVER=arm-none-eabi-ar" "COMPILER_FLAGS=  -O2 -c" "EXTRA_COMPILER_FLAGS=-mcpu=cortex-a9 -mfpu=vfpv3 -mfloat-abi=hard -nostartfiles -g -Wall -Wextra"
"Running Make include in ps7_cortexa9_0/libsrc/devcfg_v3_5/src"
make -C ps7_cortexa9_0/libsrc/devcfg_v3_5/src -s include  "SHELL=CMD" "COMPILER=arm-none-eabi-gcc" "ARCHIVER=arm-none-eabi-ar" "COMPILER_FLAGS=  -O2 -c" "EXTRA_COMPILER_FLAGS=-mcpu=cortex-a9 -mfpu=vfpv3 -mfloat-abi=hard -nostartfiles -g -Wall -Wextra"
"Running Make include in ps7_cortexa9_0/libsrc/dmaps_v2_4/src"
make -C ps7_cortexa9_0/libsrc/dmaps_v2_4/src -s include  "SHELL=CMD" "COMPILER=arm-none-eabi-gcc" "ARCHIVER=arm-none-eabi-ar" "COMPILER_FLAGS=  -O2 -c" "EXTRA_COMPILER_FLAGS=-mcpu=cortex-a9 -mfpu=vfpv3 -mfloat-abi=hard -nostartfiles -g -Wall -Wextra"
"Running Make include in ps7_cortexa9_0/libsrc/emacps_v3_9/src"
make -C ps7_cortexa9_0/libsrc/emacps_v3_9/src -s include  "SHELL=CMD" "COMPILER=arm-none-eabi-gcc" "ARCHIVER=arm-none-eabi-ar" "COMPILER_FLAGS=  -O2 -c" "EXTRA_COMPILER_FLAGS=-mcpu=cortex-a9 -mfpu=vfpv3 -mfloat-abi=hard -nostartfiles -g -Wall -Wextra"
"Running Make include in ps7_cortexa9_0/libsrc/gpiops_v3_5/src"
make -C ps7_cortexa9_0/libsrc/gpiops_v3_5/src -s include  "SHELL=CMD" "COMPILER=arm-none-eabi-gcc" "ARCHIVER=arm-none-eabi-ar" "COMPILER_FLAGS=  -O2 -c" "EXTRA_COMPILER_FLAGS=-mcpu=cortex-a9 -mfpu=vfpv3 -mfloat-abi=hard -nostartfiles -g -Wall -Wextra"
"Running Make include in ps7_cortexa9_0/libsrc/iicps_v3_9/src"
make -C ps7_cortexa9_0/libsrc/iicps_v3_9/src -s include  "SHELL=CMD" "COMPILER=arm-none-eabi-gcc" "ARCHIVER=arm-none-eabi-ar" "COMPILER_FLAGS=  -O2 -c" "EXTRA_COMPILER_FLAGS=-mcpu=cortex-a9 -mfpu=vfpv3 -mfloat-abi=hard -nostartfiles -g -Wall -Wextra"
"Running Make include in ps7_cortexa9_0/libsrc/qspips_v3_6/src"
make -C ps7_cortexa9_0/libsrc/qspips_v3_6/src -s include  "SHELL=CMD" "COMPILER=arm-none-eabi-gcc" "ARCHIVER=arm-none-eabi-ar" "COMPILER_FLAGS=  -O2 -c" "EXTRA_COMPILER_FLAGS=-mcpu=cortex-a9 -mfpu=vfpv3 -mfloat-abi=hard -nostartfiles -g -Wall -Wextra"
"Running Make include in ps7_cortexa9_0/libsrc/scugic_v4_0/src"
make -C ps7_cortexa9_0/libsrc/scugic_v4_0/src -s include  "SHELL=CMD" "COMPILER=arm-none-eabi-gcc" "ARCHIVER=arm-none-eabi-ar" "COMPILER_FLAGS=  -O2 -c" "EXTRA_COMPILER_FLAGS=-mcpu=cortex-a9 -mfpu=vfpv3 -mfloat-abi=hard -nostartfiles -g -Wall -Wextra"
"Running Make include in ps7_cortexa9_0/libsrc/scutimer_v2_1/src"
make -C ps7_cortexa9_0/libsrc/scutimer_v2_1/src -s include  "SHELL=CMD" "COMPILER=arm-none-eabi-gcc" "ARCHIVER=arm-none-eabi-ar" "COMPILER_FLAGS=  -O2 -c" "EXTRA_COMPILER_FLAGS=-mcpu=cortex-a9 -mfpu=vfpv3 -mfloat-abi=hard -nostartfiles -g -Wall -Wextra"
"Running Make include in ps7_cortexa9_0/libsrc/scuwdt_v2_1/src"
make -C ps7_cortexa9_0/libsrc/scuwdt_v2_1/src -s include  "SHELL=CMD" "COMPILER=arm-none-eabi-gcc" "ARCHIVER=arm-none-eabi-ar" "COMPILER_FLAGS=  -O2 -c" "EXTRA_COMPILER_FLAGS=-mcpu=cortex-a9 -mfpu=vfpv3 -mfloat-abi=hard -nostartfiles -g -Wall -Wextra"
"Running Make include in ps7_cortexa9_0/libsrc/sdps_v3_7/src"
make -C ps7_cortexa9_0/libsrc/sdps_v3_7/src -s include  "SHELL=CMD" "COMPILER=arm-none-eabi-gcc" "ARCHIVER=arm-none-eabi-ar" "COMPILER_FLAGS=  -O2 -c" "EXTRA_COMPILER_FLAGS=-mcpu=cortex-a9 -mfpu=vfpv3 -mfloat-abi=hard -nostartfiles -g -Wall -Wextra"
"Running Make include in ps7_cortexa9_0/libsrc/spips_v3_2/src"
make -C ps7_cortexa9_0/libsrc/spips_v3_2/src -s include  "SHELL=CMD" "COMPILER=arm-none-eabi-gcc" "ARCHIVER=arm-none-eabi-ar" "COMPILER_FLAGS=  -O2 -c" "EXTRA_COMPILER_FLAGS=-mcpu=cortex-a9 -mfpu=vfpv3 -mfloat-abi=hard -nostartfiles -g -Wall -Wextra"
"Running Make include in ps7_cortexa9_0/libsrc/standalone_v7_0/src"
make -C ps7_cortexa9_0/libsrc/standalone_v7_0/src -s include  "SHELL=CMD" "COMPILER=arm-none-eabi-gcc" "ARCHIVER=arm-none-eabi-ar" "COMPILER_FLAGS=  -O2 -c" "EXTRA_COMPILER_FLAGS=-mcpu=cortex-a9 -mfpu=vfpv3 -mfloat-abi=hard -nostartfiles -g -Wall -Wextra"
"Running Make include in ps7_cortexa9_0/libsrc/uartps_v3_7/src"
make -C ps7_cortexa9_0/libsrc/uartps_v3_7/src -s include  "SHELL=CMD" "COMPILER=arm-none-eabi-gcc" "ARCHIVER=arm-none-eabi-ar" "COMPILER_FLAGS=  -O2 -c" "EXTRA_COMPILER_FLAGS=-mcpu=cortex-a9 -mfpu=vfpv3 -mfloat-abi=hard -nostartfiles -g -Wall -Wextra"
"Running Make include in ps7_cortexa9_0/libsrc/usbps_v2_4/src"
make -C ps7_cortexa9_0/libsrc/usbps_v2_4/src -s include  "SHELL=CMD" "COMPILER=arm-none-eabi-gcc" "ARCHIVER=arm-none-eabi-ar" "COMPILER_FLAGS=  -O2 -c" "EXTRA_COMPILER_FLAGS=-mcpu=cortex-a9 -mfpu=vfpv3 -mfloat-abi=hard -nostartfiles -g -Wall -Wextra"
"Running Make include in ps7_cortexa9_0/libsrc/xadcps_v2_3/src"
make -C ps7_cortexa9_0/libsrc/xadcps_v2_3/src -s include  "SHELL=CMD" "COMPILER=arm-none-eabi-gcc" "ARCHIVER=arm-none-eabi-ar" "COMPILER_FLAGS=  -O2 -c" "EXTRA_COMPILER_FLAGS=-mcpu=cortex-a9 -mfpu=vfpv3 -mfloat-abi=hard -nostartfiles -g -Wall -Wextra"
"Running Make libs in ps7_cortexa9_0/libsrc/coresightps_dcc_v1_5/src"
make -C ps7_cortexa9_0/libsrc/coresightps_dcc_v1_5/src -s libs  "SHELL=CMD" "COMPILER=arm-none-eabi-gcc" "ARCHIVER=arm-none-eabi-ar" "COMPILER_FLAGS=  -O2 -c" "EXTRA_COMPILER_FLAGS=-mcpu=cortex-a9 -mfpu=vfpv3 -mfloat-abi=hard -nostartfiles -g -Wall -Wextra"
"Compiling coresightps_dcc"
"Running Make libs in ps7_cortexa9_0/libsrc/cpu_cortexa9_v2_7/src"
make -C ps7_cortexa9_0/libsrc/cpu_cortexa9_v2_7/src -s libs  "SHELL=CMD" "COMPILER=arm-none-eabi-gcc" "ARCHIVER=arm-none-eabi-ar" "COMPILER_FLAGS=  -O2 -c" "EXTRA_COMPILER_FLAGS=-mcpu=cortex-a9 -mfpu=vfpv3 -mfloat-abi=hard -nostartfiles -g -Wall -Wextra"
"Compiling cpu_cortexa9"
"Running Make libs in ps7_cortexa9_0/libsrc/ddrps_v1_0/src"
make -C ps7_cortexa9_0/libsrc/ddrps_v1_0/src -s libs  "SHELL=CMD" "COMPILER=arm-none-eabi-gcc" "ARCHIVER=arm-none-eabi-ar" "COMPILER_FLAGS=  -O2 -c" "EXTRA_COMPILER_FLAGS=-mcpu=cortex-a9 -mfpu=vfpv3 -mfloat-abi=hard -nostartfiles -g -Wall -Wextra"
"Compiling ddrps"
"Running Make libs in ps7_cortexa9_0/libsrc/devcfg_v3_5/src"
make -C ps7_cortexa9_0/libsrc/devcfg_v3_5/src -s libs  "SHELL=CMD" "COMPILER=arm-none-eabi-gcc" "ARCHIVER=arm-none-eabi-ar" "COMPILER_FLAGS=  -O2 -c" "EXTRA_COMPILER_FLAGS=-mcpu=cortex-a9 -mfpu=vfpv3 -mfloat-abi=hard -nostartfiles -g -Wall -Wextra"
"Compiling devcfg"
"Running Make libs in ps7_cortexa9_0/libsrc/dmaps_v2_4/src"
make -C ps7_cortexa9_0/libsrc/dmaps_v2_4/src -s libs  "SHELL=CMD" "COMPILER=arm-none-eabi-gcc" "ARCHIVER=arm-none-eabi-ar" "COMPILER_FLAGS=  -O2 -c" "EXTRA_COMPILER_FLAGS=-mcpu=cortex-a9 -mfpu=vfpv3 -mfloat-abi=hard -nostartfiles -g -Wall -Wextra"
"Compiling dmaps"
"Running Make libs in ps7_cortexa9_0/libsrc/emacps_v3_9/src"
make -C ps7_cortexa9_0/libsrc/emacps_v3_9/src -s libs  "SHELL=CMD" "COMPILER=arm-none-eabi-gcc" "ARCHIVER=arm-none-eabi-ar" "COMPILER_FLAGS=  -O2 -c" "EXTRA_COMPILER_FLAGS=-mcpu=cortex-a9 -mfpu=vfpv3 -mfloat-abi=hard -nostartfiles -g -Wall -Wextra"
"Compiling emacps"
"Running Make libs in ps7_cortexa9_0/libsrc/gpiops_v3_5/src"
make -C ps7_cortexa9_0/libsrc/gpiops_v3_5/src -s libs  "SHELL=CMD" "COMPILER=arm-none-eabi-gcc" "ARCHIVER=arm-none-eabi-ar" "COMPILER_FLAGS=  -O2 -c" "EXTRA_COMPILER_FLAGS=-mcpu=cortex-a9 -mfpu=vfpv3 -mfloat-abi=hard -nostartfiles -g -Wall -Wextra"
"Compiling gpiops"
"Running Make libs in ps7_cortexa9_0/libsrc/iicps_v3_9/src"
make -C ps7_cortexa9_0/libsrc/iicps_v3_9/src -s libs  "SHELL=CMD" "COMPILER=arm-none-eabi-gcc" "ARCHIVER=arm-none-eabi-ar" "COMPILER_FLAGS=  -O2 -c" "EXTRA_COMPILER_FLAGS=-mcpu=cortex-a9 -mfpu=vfpv3 -mfloat-abi=hard -nostartfiles -g -Wall -Wextra"
"Compiling iicps"
"Running Make libs in ps7_cortexa9_0/libsrc/qspips_v3_6/src"
make -C ps7_cortexa9_0/libsrc/qspips_v3_6/src -s libs  "SHELL=CMD" "COMPILER=arm-none-eabi-gcc" "ARCHIVER=arm-none-eabi-ar" "COMPILER_FLAGS=  -O2 -c" "EXTRA_COMPILER_FLAGS=-mcpu=cortex-a9 -mfpu=vfpv3 -mfloat-abi=hard -nostartfiles -g -Wall -Wextra"
"Compiling qspips"
"Running Make libs in ps7_cortexa9_0/libsrc/scugic_v4_0/src"
make -C ps7_cortexa9_0/libsrc/scugic_v4_0/src -s libs  "SHELL=CMD" "COMPILER=arm-none-eabi-gcc" "ARCHIVER=arm-none-eabi-ar" "COMPILER_FLAGS=  -O2 -c" "EXTRA_COMPILER_FLAGS=-mcpu=cortex-a9 -mfpu=vfpv3 -mfloat-abi=hard -nostartfiles -g -Wall -Wextra"
"Compiling scugic"
"Running Make libs in ps7_cortexa9_0/libsrc/scutimer_v2_1/src"
make -C ps7_cortexa9_0/libsrc/scutimer_v2_1/src -s libs  "SHELL=CMD" "COMPILER=arm-none-eabi-gcc" "ARCHIVER=arm-none-eabi-ar" "COMPILER_FLAGS=  -O2 -c" "EXTRA_COMPILER_FLAGS=-mcpu=cortex-a9 -mfpu=vfpv3 -mfloat-abi=hard -nostartfiles -g -Wall -Wextra"
"Compiling scutimer"
"Running Make libs in ps7_cortexa9_0/libsrc/scuwdt_v2_1/src"
make -C ps7_cortexa9_0/libsrc/scuwdt_v2_1/src -s libs  "SHELL=CMD" "COMPILER=arm-none-eabi-gcc" "ARCHIVER=arm-none-eabi-ar" "COMPILER_FLAGS=  -O2 -c" "EXTRA_COMPILER_FLAGS=-mcpu=cortex-a9 -mfpu=vfpv3 -mfloat-abi=hard -nostartfiles -g -Wall -Wextra"
"Compiling scuwdt"
"Running Make libs in ps7_cortexa9_0/libsrc/sdps_v3_7/src"
make -C ps7_cortexa9_0/libsrc/sdps_v3_7/src -s libs  "SHELL=CMD" "COMPILER=arm-none-eabi-gcc" "ARCHIVER=arm-none-eabi-ar" "COMPILER_FLAGS=  -O2 -c" "EXTRA_COMPILER_FLAGS=-mcpu=cortex-a9 -mfpu=vfpv3 -mfloat-abi=hard -nostartfiles -g -Wall -Wextra"
"Compiling sdps"
"Running Make libs in ps7_cortexa9_0/libsrc/spips_v3_2/src"
make -C ps7_cortexa9_0/libsrc/spips_v3_2/src -s libs  "SHELL=CMD" "COMPILER=arm-none-eabi-gcc" "ARCHIVER=arm-none-eabi-ar" "COMPILER_FLAGS=  -O2 -c" "EXTRA_COMPILER_FLAGS=-mcpu=cortex-a9 -mfpu=vfpv3 -mfloat-abi=hard -nostartfiles -g -Wall -Wextra"
"Compiling spips"
"Running Make libs in ps7_cortexa9_0/libsrc/standalone_v7_0/src"
make -C ps7_cortexa9_0/libsrc/standalone_v7_0/src -s libs  "SHELL=CMD" "COMPILER=arm-none-eabi-gcc" "ARCHIVER=arm-none-eabi-ar" "COMPILER_FLAGS=  -O2 -c" "EXTRA_COMPILER_FLAGS=-mcpu=cortex-a9 -mfpu=vfpv3 -mfloat-abi=hard -nostartfiles -g -Wall -Wextra"
"Compiling standalone"
In file included from usleep.c:56:
xtime_l.h:87:9: note: #pragma message: For the sleep routines, Global timer is being used
 #pragma message ("For the sleep routines, Global timer is being used")
         ^~~~~~~
In file included from sleep.c:53:
xtime_l.h:87:9: note: #pragma message: For the sleep routines, Global timer is being used
 #pragma message ("For the sleep routines, Global timer is being used")
         ^~~~~~~
In file included from xil_sleeptimer.c:51:
xtime_l.h:87:9: note: #pragma message: For the sleep routines, Global timer is being used
 #pragma message ("For the sleep routines, Global timer is being used")
         ^~~~~~~
In file included from xtime_l.c:49:
xtime_l.h:87:9: note: #pragma message: For the sleep routines, Global timer is being used
 #pragma message ("For the sleep routines, Global timer is being used")
         ^~~~~~~
"Running Make libs in ps7_cortexa9_0/libsrc/uartps_v3_7/src"
make -C ps7_cortexa9_0/libsrc/uartps_v3_7/src -s libs  "SHELL=CMD" "COMPILER=arm-none-eabi-gcc" "ARCHIVER=arm-none-eabi-ar" "COMPILER_FLAGS=  -O2 -c" "EXTRA_COMPILER_FLAGS=-mcpu=cortex-a9 -mfpu=vfpv3 -mfloat-abi=hard -nostartfiles -g -Wall -Wextra"
"Compiling uartps"
"Running Make libs in ps7_cortexa9_0/libsrc/usbps_v2_4/src"
make -C ps7_cortexa9_0/libsrc/usbps_v2_4/src -s libs  "SHELL=CMD" "COMPILER=arm-none-eabi-gcc" "ARCHIVER=arm-none-eabi-ar" "COMPILER_FLAGS=  -O2 -c" "EXTRA_COMPILER_FLAGS=-mcpu=cortex-a9 -mfpu=vfpv3 -mfloat-abi=hard -nostartfiles -g -Wall -Wextra"
"Compiling usbps"
"Running Make libs in ps7_cortexa9_0/libsrc/xadcps_v2_3/src"
make -C ps7_cortexa9_0/libsrc/xadcps_v2_3/src -s libs  "SHELL=CMD" "COMPILER=arm-none-eabi-gcc" "ARCHIVER=arm-none-eabi-ar" "COMPILER_FLAGS=  -O2 -c" "EXTRA_COMPILER_FLAGS=-mcpu=cortex-a9 -mfpu=vfpv3 -mfloat-abi=hard -nostartfiles -g -Wall -Wextra"
"Compiling xadcps"
'Finished building libraries'
21:31:13 **** Clean-only build of configuration Debug for project BaseProject ****
make clean 
rm -rf  ./src/helloworld.o ./src/platform.o  ./src/helloworld.d ./src/platform.d  BaseProject.elf.size  BaseProject.elf
' '
21:31:13 **** Build of configuration Debug for project BaseProject ****
make pre-build main-build 
a9-linaro-pre-build-step
' '
'Building file: ../src/helloworld.c'
'Invoking: ARM v7 gcc compiler'
arm-none-eabi-gcc -Wall -O0 -g3 -c -fmessage-length=0 -MT"src/helloworld.o" -mcpu=cortex-a9 -mfpu=vfpv3 -mfloat-abi=hard -I../../BaseProject_bsp/ps7_cortexa9_0/include -MMD -MP -MF"src/helloworld.d" -MT"src/helloworld.o" -o "src/helloworld.o" "../src/helloworld.c"
'Finished building: ../src/helloworld.c'
' '
'Building file: ../src/platform.c'
'Invoking: ARM v7 gcc compiler'
arm-none-eabi-gcc -Wall -O0 -g3 -c -fmessage-length=0 -MT"src/platform.o" -mcpu=cortex-a9 -mfpu=vfpv3 -mfloat-abi=hard -I../../BaseProject_bsp/ps7_cortexa9_0/include -MMD -MP -MF"src/platform.d" -MT"src/platform.o" -o "src/platform.o" "../src/platform.c"
'Finished building: ../src/platform.c'
' '
'Building target: BaseProject.elf'
'Invoking: ARM v7 gcc linker'
arm-none-eabi-gcc -mcpu=cortex-a9 -mfpu=vfpv3 -mfloat-abi=hard -Wl,-build-id=none -specs=Xilinx.spec -Wl,-T -Wl,../src/lscript.ld -L../../BaseProject_bsp/ps7_cortexa9_0/lib -o "BaseProject.elf"  ./src/helloworld.o ./src/platform.o   -Wl,--start-group,-lxil,-lgcc,-lc,--end-group
'Finished building target: BaseProject.elf'
' '
'Invoking: ARM v7 Print Size'
arm-none-eabi-size BaseProject.elf  |tee "BaseProject.elf.size"
   text	   data	    bss	    dec	    hex	filename
  19064	   1144	  22568	  42776	   a718	BaseProject.elf
'Finished building: BaseProject.elf.size'
' '
21:31:14 **** Build of configuration Debug for project BaseProject_bsp_xscutimer_intr_example_1 ****
make pre-build main-build 
a9-linaro-pre-build-step
' '
'Building file: ../src/xscutimer_intr_example.c'
'Invoking: ARM v7 gcc compiler'
arm-none-eabi-gcc -Wall -O0 -g3 -c -fmessage-length=0 -MT"src/xscutimer_intr_example.o" -mcpu=cortex-a9 -mfpu=vfpv3 -mfloat-abi=hard -I../../BaseProject_bsp/ps7_cortexa9_0/include -MMD -MP -MF"src/xscutimer_intr_example.d" -MT"src/xscutimer_intr_example.o" -o "src/xscutimer_intr_example.o" "../src/xscutimer_intr_example.c"
'Finished building: ../src/xscutimer_intr_example.c'
' '
'Building target: BaseProject_bsp_xscutimer_intr_example_1.elf'
'Invoking: ARM v7 gcc linker'
arm-none-eabi-gcc -mcpu=cortex-a9 -mfpu=vfpv3 -mfloat-abi=hard -Wl,-build-id=none -specs=Xilinx.spec -Wl,-T -Wl,../src/lscript.ld -L../../BaseProject_bsp/ps7_cortexa9_0/lib -o "BaseProject_bsp_xscutimer_intr_example_1.elf"  ./src/xscutimer_intr_example.o   -Wl,--start-group,-lxil,-lgcc,-lc,--end-group
'Finished building target: BaseProject_bsp_xscutimer_intr_example_1.elf'
' '
'Invoking: ARM v7 Print Size'
arm-none-eabi-size BaseProject_bsp_xscutimer_intr_example_1.elf  |tee "BaseProject_bsp_xscutimer_intr_example_1.elf.size"
   text	   data	    bss	    dec	    hex	filename
  34544	   2328	  23304	  60176	   eb10	BaseProject_bsp_xscutimer_intr_example_1.elf
'Finished building: BaseProject_bsp_xscutimer_intr_example_1.elf.size'
' '
21:31:15 **** Clean-only build of configuration Debug for project BaseProject_bsp_xuartps_intr_example_1 ****
make clean 
rm -rf  ./src/xuartps_intr_example.o  ./src/xuartps_intr_example.d  BaseProject_bsp_xuartps_intr_example_1.elf.size  BaseProject_bsp_xuartps_intr_example_1.elf
' '
21:31:15 **** Build of configuration Debug for project BaseProject_bsp_xuartps_intr_example_1 ****
make pre-build main-build 
a9-linaro-pre-build-step
' '
'Building file: ../src/xuartps_intr_example.c'
'Invoking: ARM v7 gcc compiler'
arm-none-eabi-gcc -Wall -O0 -g3 -c -fmessage-length=0 -MT"src/xuartps_intr_example.o" -mcpu=cortex-a9 -mfpu=vfpv3 -mfloat-abi=hard -I../../BaseProject_bsp/ps7_cortexa9_0/include -MMD -MP -MF"src/xuartps_intr_example.d" -MT"src/xuartps_intr_example.o" -o "src/xuartps_intr_example.o" "../src/xuartps_intr_example.c"
'Finished building: ../src/xuartps_intr_example.c'
' '
'Building target: BaseProject_bsp_xuartps_intr_example_1.elf'
'Invoking: ARM v7 gcc linker'
arm-none-eabi-gcc -mcpu=cortex-a9 -mfpu=vfpv3 -mfloat-abi=hard -Wl,-build-id=none -specs=Xilinx.spec -Wl,-T -Wl,../src/lscript.ld -L../../BaseProject_bsp/ps7_cortexa9_0/lib -o "BaseProject_bsp_xuartps_intr_example_1.elf"  ./src/xuartps_intr_example.o   -Wl,--start-group,-lxil,-lgcc,-lc,--end-group
'Finished building target: BaseProject_bsp_xuartps_intr_example_1.elf'
' '
'Invoking: ARM v7 Print Size'
arm-none-eabi-size BaseProject_bsp_xuartps_intr_example_1.elf  |tee "BaseProject_bsp_xuartps_intr_example_1.elf.size"
   text	   data	    bss	    dec	    hex	filename
  38948	   2368	  23592	  64908	   fd8c	BaseProject_bsp_xuartps_intr_example_1.elf
'Finished building: BaseProject_bsp_xuartps_intr_example_1.elf.size'
' '
21:31:16 **** Clean-only build of configuration Debug for project Uart_Driver ****
make clean 
rm -rf  ./src/GIC.o ./src/Uart.o ./src/main.o ./src/platform.o  ./src/GIC.d ./src/Uart.d ./src/main.d ./src/platform.d  Uart_Driver.elf.size  Uart_Driver.elf
' '
21:31:16 **** Build of configuration Debug for project Uart_Driver ****
make pre-build main-build 
a9-linaro-pre-build-step
' '
'Building file: ../src/GIC.c'
'Invoking: ARM v7 gcc compiler'
arm-none-eabi-gcc -Wall -O0 -g3 -c -fmessage-length=0 -MT"src/GIC.o" -mcpu=cortex-a9 -mfpu=vfpv3 -mfloat-abi=hard -I../../BaseProject_bsp/ps7_cortexa9_0/include -MMD -MP -MF"src/GIC.d" -MT"src/GIC.o" -o "src/GIC.o" "../src/GIC.c"
../src/GIC.c: In function 'DistributorEnableInterrupt':
../src/GIC.c:114:16: warning: unused variable 'cu4TotalIntNum' [-Wunused-variable]
  const RUINT32 cu4TotalIntNum = 96U;
                ^~~~~~~~~~~~~~
'Finished building: ../src/GIC.c'
' '
'Building file: ../src/Uart.c'
'Invoking: ARM v7 gcc compiler'
arm-none-eabi-gcc -Wall -O0 -g3 -c -fmessage-length=0 -MT"src/Uart.o" -mcpu=cortex-a9 -mfpu=vfpv3 -mfloat-abi=hard -I../../BaseProject_bsp/ps7_cortexa9_0/include -MMD -MP -MF"src/Uart.d" -MT"src/Uart.o" -o "src/Uart.o" "../src/Uart.c"
../src/Uart.c: In function 'uartReset':
../src/Uart.c:243:2: warning: implicit declaration of function 'usleep'; did you mean 'fseek'? [-Wimplicit-function-declaration]
  usleep(10000); // wait for 10ms
  ^~~~~~
  fseek
../src/Uart.c: In function 'InitializeUart':
../src/Uart.c:402:10: warning: unused variable 'u4TrialVal' [-Wunused-variable]
  RUINT32 u4TrialVal;
          ^~~~~~~~~~
../src/Uart.c: In function 'TxDataPolling':
../src/Uart.c:529:13: warning: assignment to 'RUINT32' {aka 'unsigned int'} from 'RUINT8 *' {aka 'unsigned char *'} makes integer from pointer without a cast [-Wint-conversion]
  u4TempAddr = pu1Data;
             ^
../src/Uart.c:544:1: warning: no return statement in function returning non-void [-Wreturn-type]
 }
 ^
../src/Uart.c: In function 'RxDataPolling':
../src/Uart.c:563:13: warning: assignment to 'RUINT32' {aka 'unsigned int'} from 'RUINT8 *' {aka 'unsigned char *'} makes integer from pointer without a cast [-Wint-conversion]
  u4TempAddr = pu1Data;
             ^
../src/Uart.c:568:37: warning: passing argument 2 of 'uartRegRead' from incompatible pointer type [-Wincompatible-pointer-types]
    uartRegRead(XUARTPS_FIFO_OFFSET, u1TempValue, pCfgInstance);// read if rx fifo is not empty
                                     ^~~~~~~~~~~
../src/Uart.c:196:48: note: expected 'RUINT32 *' {aka 'unsigned int *'} but argument is of type 'RUINT8 *' {aka 'unsigned char *'}
 static void uartRegRead(RUINT32 addr, RUINT32 *value, uartCfgType *Instance)
                                       ~~~~~~~~~^~~~~
../src/Uart.c:577:1: warning: no return statement in function returning non-void [-Wreturn-type]
 }
 ^
../src/Uart.c: In function 'receiveData':
../src/Uart.c:609:1: warning: no return statement in function returning non-void [-Wreturn-type]
 }
 ^
../src/Uart.c: In function 'xUartPsInterruptHandler':
../src/Uart.c:651:26: warning: initialization of 'RUINT32' {aka 'unsigned int'} from 'RUINT8 *' {aka 'unsigned char *'} makes integer from pointer without a cast [-Wint-conversion]
     RUINT32 u4TempAddr = a1UartRxArray;
                          ^~~~~~~~~~~~~
../src/Uart.c:652:13: warning: unused variable 'u4TempRead' [-Wunused-variable]
     RUINT32 u4TempRead;
             ^~~~~~~~~~
../src/Uart.c: At top level:
../src/Uart.c:135:19: warning: 'isRxFifoFull' declared 'static' but never defined [-Wunused-function]
 static ReturnType isRxFifoFull(uartCfgType *pCfgInstance);
                   ^~~~~~~~~~~~
../src/Uart.c:137:19: warning: 'uartTx' declared 'static' but never defined [-Wunused-function]
 static ReturnType uartTx(RUINT32 *TxBuffer, RUINT32 size);
                   ^~~~~~
../src/Uart.c:138:19: warning: 'uartRx' declared 'static' but never defined [-Wunused-function]
 static ReturnType uartRx(RUINT32 *RxBuffer, RUINT32 size);
                   ^~~~~~
../src/Uart.c: In function 'UartSendData':
../src/Uart.c:583:1: warning: control reaches end of non-void function [-Wreturn-type]
 }
 ^
../src/Uart.c: In function 'UartReceiveDataPolling':
../src/Uart.c:588:1: warning: control reaches end of non-void function [-Wreturn-type]
 }
 ^
At top level:
../src/Uart.c:596:19: warning: 'receiveData' defined but not used [-Wunused-function]
 static ReturnType receiveData(RUINT8 *pu1Data, RUINT32 u4Size, uartCfgType *pCfgInstance)
                   ^~~~~~~~~~~
'Finished building: ../src/Uart.c'
' '
'Building file: ../src/main.c'
'Invoking: ARM v7 gcc compiler'
arm-none-eabi-gcc -Wall -O0 -g3 -c -fmessage-length=0 -MT"src/main.o" -mcpu=cortex-a9 -mfpu=vfpv3 -mfloat-abi=hard -I../../BaseProject_bsp/ps7_cortexa9_0/include -MMD -MP -MF"src/main.d" -MT"src/main.o" -o "src/main.o" "../src/main.c"
../src/main.c: In function 'setupGIC':
../src/main.c:101:2: warning: implicit declaration of function 'InitDistributor' [-Wimplicit-function-declaration]
  InitDistributor();
  ^~~~~~~~~~~~~~~
../src/main.c:102:2: warning: implicit declaration of function 'InitCPUInterface' [-Wimplicit-function-declaration]
  InitCPUInterface();
  ^~~~~~~~~~~~~~~~
../src/main.c:113:2: warning: implicit declaration of function 'DistributorEnableInterrupt' [-Wimplicit-function-declaration]
  DistributorEnableInterrupt(82);
  ^~~~~~~~~~~~~~~~~~~~~~~~~~
../src/main.c:115:2: warning: implicit declaration of function 'enableDistributor' [-Wimplicit-function-declaration]
  enableDistributor();
  ^~~~~~~~~~~~~~~~~
../src/main.c:62:18: warning: unused variable 'IntcConfig' [-Wunused-variable]
  XScuGic_Config *IntcConfig; /* Config for interrupt controller */
                  ^~~~~~~~~~
../src/main.c:59:9: warning: unused variable 'Status' [-Wunused-variable]
  RINT32 Status = 0;
         ^~~~~~
../src/main.c: In function 'main':
../src/main.c:139:5: warning: implicit declaration of function 'initializeUartCfg'; did you mean 'InitializeUart'? [-Wimplicit-function-declaration]
     initializeUartCfg (&cfgInstance0);
     ^~~~~~~~~~~~~~~~~
     InitializeUart
../src/main.c:150:6: warning: implicit declaration of function 'sleep'; did you mean 'strsep'? [-Wimplicit-function-declaration]
      sleep(1);
      ^~~~~
      strsep
../src/main.c:148:13: warning: unused variable 'counter' [-Wunused-variable]
     RUINT32 counter = 0;
             ^~~~~~~
../src/main.c:145:12: warning: unused variable 'trialArray2' [-Wunused-variable]
     RUINT8 trialArray2[] = "this message is the received \r\n";
            ^~~~~~~~~~~
../src/main.c:144:12: warning: unused variable 'trialArray' [-Wunused-variable]
     RUINT8 trialArray[] = "hello from my driver \r\n";
            ^~~~~~~~~~
../src/main.c:133:17: warning: variable 'cfgInstance1' set but not used [-Wunused-but-set-variable]
     uartCfgType cfgInstance1;
                 ^~~~~~~~~~~~
../src/main.c:126:6: warning: unused variable 'Status' [-Wunused-variable]
  int Status;
      ^~~~~~
'Finished building: ../src/main.c'
' '
'Building file: ../src/platform.c'
'Invoking: ARM v7 gcc compiler'
arm-none-eabi-gcc -Wall -O0 -g3 -c -fmessage-length=0 -MT"src/platform.o" -mcpu=cortex-a9 -mfpu=vfpv3 -mfloat-abi=hard -I../../BaseProject_bsp/ps7_cortexa9_0/include -MMD -MP -MF"src/platform.d" -MT"src/platform.o" -o "src/platform.o" "../src/platform.c"
'Finished building: ../src/platform.c'
' '
'Building target: Uart_Driver.elf'
'Invoking: ARM v7 gcc linker'
arm-none-eabi-gcc -mcpu=cortex-a9 -mfpu=vfpv3 -mfloat-abi=hard -Wl,-build-id=none -specs=Xilinx.spec -Wl,-T -Wl,../src/lscript.ld -L../../BaseProject_bsp/ps7_cortexa9_0/lib -o "Uart_Driver.elf"  ./src/GIC.o ./src/Uart.o ./src/main.o ./src/platform.o   -Wl,--start-group,-lxil,-lgcc,-lc,--end-group
'Finished building target: Uart_Driver.elf'
' '
'Invoking: ARM v7 Print Size'
arm-none-eabi-size Uart_Driver.elf  |tee "Uart_Driver.elf.size"
   text	   data	    bss	    dec	    hex	filename
  24376	   1144	  23608	  49128	   bfe8	Uart_Driver.elf
'Finished building: Uart_Driver.elf.size'
' '
21:31:51 **** Incremental Build of configuration Debug for project Uart_Driver ****
make pre-build main-build 
a9-linaro-pre-build-step
' '
make: Nothing to be done for 'main-build'.
23:27:59 **** Incremental Build of configuration Debug for project Uart_Driver ****
make pre-build main-build 
a9-linaro-pre-build-step
' '
make: Nothing to be done for 'main-build'.
10:17:54 **** Build of configuration Debug for project BaseProject_bsp_xuartps_hello_world_example_1 ****
make pre-build main-build 
a9-linaro-pre-build-step
' '
'Building file: ../src/xuartps_hello_world_example.c'
'Invoking: ARM v7 gcc compiler'
arm-none-eabi-gcc -Wall -O0 -g3 -c -fmessage-length=0 -MT"src/xuartps_hello_world_example.o" -mcpu=cortex-a9 -mfpu=vfpv3 -mfloat-abi=hard -I../../BaseProject_bsp/ps7_cortexa9_0/include -MMD -MP -MF"src/xuartps_hello_world_example.d" -MT"src/xuartps_hello_world_example.o" -o "src/xuartps_hello_world_example.o" "../src/xuartps_hello_world_example.c"
'Finished building: ../src/xuartps_hello_world_example.c'
' '
'Building target: BaseProject_bsp_xuartps_hello_world_example_1.elf'
'Invoking: ARM v7 gcc linker'
arm-none-eabi-gcc -mcpu=cortex-a9 -mfpu=vfpv3 -mfloat-abi=hard -Wl,-build-id=none -specs=Xilinx.spec -Wl,-T -Wl,../src/lscript.ld -L../../BaseProject_bsp/ps7_cortexa9_0/lib -o "BaseProject_bsp_xuartps_hello_world_example_1.elf"  ./src/xuartps_hello_world_example.o   -Wl,--start-group,-lxil,-lgcc,-lc,--end-group
'Finished building target: BaseProject_bsp_xuartps_hello_world_example_1.elf'
' '
'Invoking: ARM v7 Print Size'
arm-none-eabi-size BaseProject_bsp_xuartps_hello_world_example_1.elf  |tee "BaseProject_bsp_xuartps_hello_world_example_1.elf.size"
   text	   data	    bss	    dec	    hex	filename
  31320	   1560	  23336	  56216	   db98	BaseProject_bsp_xuartps_hello_world_example_1.elf
'Finished building: BaseProject_bsp_xuartps_hello_world_example_1.elf.size'
' '
10:17:56 **** Auto Build of configuration Debug for project BaseProject_bsp_xuartps_hello_world_example_1 ****
make pre-build main-build 
a9-linaro-pre-build-step
' '
make: Nothing to be done for 'main-build'.
10:17:57 **** Auto Build of configuration Debug for project Uart_Driver ****
make pre-build main-build 
a9-linaro-pre-build-step
' '
make: Nothing to be done for 'main-build'.
10:18:17 **** Incremental Build of configuration Debug for project BaseProject_bsp_xuartps_hello_world_example_1 ****
make pre-build main-build 
a9-linaro-pre-build-step
' '
make: Nothing to be done for 'main-build'.
10:39:37 **** Incremental Build of configuration Debug for project BaseProject_bsp_xuartps_hello_world_example_1 ****
make pre-build main-build 
a9-linaro-pre-build-step
' '
make: Nothing to be done for 'main-build'.
10:41:16 **** Incremental Build of configuration Debug for project Uart_Driver ****
make pre-build main-build 
a9-linaro-pre-build-step
' '
make: Nothing to be done for 'main-build'.
10:41:50 **** Incremental Build of configuration Debug for project Uart_Driver ****
make pre-build main-build 
a9-linaro-pre-build-step
' '
make: Nothing to be done for 'main-build'.
10:42:58 **** Auto Build of configuration Debug for project Uart_Driver ****
make pre-build main-build 
a9-linaro-pre-build-step
' '
'Building file: ../src/main.c'
'Invoking: ARM v7 gcc compiler'
arm-none-eabi-gcc -Wall -O0 -g3 -c -fmessage-length=0 -MT"src/main.o" -mcpu=cortex-a9 -mfpu=vfpv3 -mfloat-abi=hard -I../../BaseProject_bsp/ps7_cortexa9_0/include -MMD -MP -MF"src/main.d" -MT"src/main.o" -o "src/main.o" "../src/main.c"
../src/main.c: In function 'setupGIC':
../src/main.c:101:2: warning: implicit declaration of function 'InitDistributor' [-Wimplicit-function-declaration]
  InitDistributor();
  ^~~~~~~~~~~~~~~
../src/main.c:102:2: warning: implicit declaration of function 'InitCPUInterface' [-Wimplicit-function-declaration]
  InitCPUInterface();
  ^~~~~~~~~~~~~~~~
../src/main.c:113:2: warning: implicit declaration of function 'DistributorEnableInterrupt' [-Wimplicit-function-declaration]
  DistributorEnableInterrupt(82);
  ^~~~~~~~~~~~~~~~~~~~~~~~~~
../src/main.c:115:2: warning: implicit declaration of function 'enableDistributor' [-Wimplicit-function-declaration]
  enableDistributor();
  ^~~~~~~~~~~~~~~~~
../src/main.c:62:18: warning: unused variable 'IntcConfig' [-Wunused-variable]
  XScuGic_Config *IntcConfig; /* Config for interrupt controller */
                  ^~~~~~~~~~
../src/main.c:59:9: warning: unused variable 'Status' [-Wunused-variable]
  RINT32 Status = 0;
         ^~~~~~
../src/main.c: In function 'main':
../src/main.c:139:5: warning: implicit declaration of function 'initializeUartCfg'; did you mean 'InitializeUart'? [-Wimplicit-function-declaration]
     initializeUartCfg (&cfgInstance0);
     ^~~~~~~~~~~~~~~~~
     InitializeUart
../src/main.c:150:6: warning: implicit declaration of function 'sleep'; did you mean 'strsep'? [-Wimplicit-function-declaration]
      sleep(1);
      ^~~~~
      strsep
../src/main.c:151:6: warning: implicit declaration of function 'UartReceiveDataPolling' [-Wimplicit-function-declaration]
      UartReceiveDataPolling(trialArray2, &cfgInstance0, sizeof(trialArray2));
      ^~~~~~~~~~~~~~~~~~~~~~
../src/main.c:148:13: warning: unused variable 'counter' [-Wunused-variable]
     RUINT32 counter = 0;
             ^~~~~~~
../src/main.c:144:12: warning: unused variable 'trialArray' [-Wunused-variable]
     RUINT8 trialArray[] = "hello from my driver \r\n";
            ^~~~~~~~~~
../src/main.c:133:17: warning: variable 'cfgInstance1' set but not used [-Wunused-but-set-variable]
     uartCfgType cfgInstance1;
                 ^~~~~~~~~~~~
../src/main.c:126:6: warning: unused variable 'Status' [-Wunused-variable]
  int Status;
      ^~~~~~
'Finished building: ../src/main.c'
' '
'Building target: Uart_Driver.elf'
'Invoking: ARM v7 gcc linker'
arm-none-eabi-gcc -mcpu=cortex-a9 -mfpu=vfpv3 -mfloat-abi=hard -Wl,-build-id=none -specs=Xilinx.spec -Wl,-T -Wl,../src/lscript.ld -L../../BaseProject_bsp/ps7_cortexa9_0/lib -o "Uart_Driver.elf"  ./src/GIC.o ./src/Uart.o ./src/main.o ./src/platform.o   -Wl,--start-group,-lxil,-lgcc,-lc,--end-group
'Finished building target: Uart_Driver.elf'
' '
'Invoking: ARM v7 Print Size'
arm-none-eabi-size Uart_Driver.elf  |tee "Uart_Driver.elf.size"
   text	   data	    bss	    dec	    hex	filename
  24416	   1144	  23608	  49168	   c010	Uart_Driver.elf
'Finished building: Uart_Driver.elf.size'
' '
10:43:02 **** Incremental Build of configuration Debug for project Uart_Driver ****
make pre-build main-build 
a9-linaro-pre-build-step
' '
make: Nothing to be done for 'main-build'.
10:45:25 **** Auto Build of configuration Debug for project Uart_Driver ****
make pre-build main-build 
a9-linaro-pre-build-step
' '
'Building file: ../src/GIC.c'
'Invoking: ARM v7 gcc compiler'
arm-none-eabi-gcc -Wall -O0 -g3 -c -fmessage-length=0 -MT"src/GIC.o" -mcpu=cortex-a9 -mfpu=vfpv3 -mfloat-abi=hard -I../../BaseProject_bsp/ps7_cortexa9_0/include -MMD -MP -MF"src/GIC.d" -MT"src/GIC.o" -o "src/GIC.o" "../src/GIC.c"
../src/GIC.c: In function 'DistributorEnableInterrupt':
../src/GIC.c:110:16: warning: unused variable 'cu4TotalIntNum' [-Wunused-variable]
  const RUINT32 cu4TotalIntNum = 96U;
                ^~~~~~~~~~~~~~
'Finished building: ../src/GIC.c'
' '
'Building target: Uart_Driver.elf'
'Invoking: ARM v7 gcc linker'
arm-none-eabi-gcc -mcpu=cortex-a9 -mfpu=vfpv3 -mfloat-abi=hard -Wl,-build-id=none -specs=Xilinx.spec -Wl,-T -Wl,../src/lscript.ld -L../../BaseProject_bsp/ps7_cortexa9_0/lib -o "Uart_Driver.elf"  ./src/GIC.o ./src/Uart.o ./src/main.o ./src/platform.o   -Wl,--start-group,-lxil,-lgcc,-lc,--end-group
'Finished building target: Uart_Driver.elf'
' '
'Invoking: ARM v7 Print Size'
arm-none-eabi-size Uart_Driver.elf  |tee "Uart_Driver.elf.size"
   text	   data	    bss	    dec	    hex	filename
  24416	   1144	  23608	  49168	   c010	Uart_Driver.elf
'Finished building: Uart_Driver.elf.size'
' '
12:40:21 **** Auto Build of configuration Debug for project Uart_Driver ****
make pre-build main-build 
a9-linaro-pre-build-step
' '
'Building file: ../src/GIC.c'
'Invoking: ARM v7 gcc compiler'
arm-none-eabi-gcc -Wall -O0 -g3 -c -fmessage-length=0 -MT"src/GIC.o" -mcpu=cortex-a9 -mfpu=vfpv3 -mfloat-abi=hard -I../../BaseProject_bsp/ps7_cortexa9_0/include -MMD -MP -MF"src/GIC.d" -MT"src/GIC.o" -o "src/GIC.o" "../src/GIC.c"
../src/GIC.c: In function 'DistributorEnableInterrupt':
../src/GIC.c:110:16: warning: unused variable 'cu4TotalInterruptNum' [-Wunused-variable]
  const RUINT32 cu4TotalInterruptNum = 96U;
                ^~~~~~~~~~~~~~~~~~~~
'Finished building: ../src/GIC.c'
' '
'Building target: Uart_Driver.elf'
'Invoking: ARM v7 gcc linker'
arm-none-eabi-gcc -mcpu=cortex-a9 -mfpu=vfpv3 -mfloat-abi=hard -Wl,-build-id=none -specs=Xilinx.spec -Wl,-T -Wl,../src/lscript.ld -L../../BaseProject_bsp/ps7_cortexa9_0/lib -o "Uart_Driver.elf"  ./src/GIC.o ./src/Uart.o ./src/main.o ./src/platform.o   -Wl,--start-group,-lxil,-lgcc,-lc,--end-group
'Finished building target: Uart_Driver.elf'
' '
'Invoking: ARM v7 Print Size'
arm-none-eabi-size Uart_Driver.elf  |tee "Uart_Driver.elf.size"
   text	   data	    bss	    dec	    hex	filename
  24416	   1144	  23608	  49168	   c010	Uart_Driver.elf
'Finished building: Uart_Driver.elf.size'
' '
12:44:12 **** Auto Build of configuration Debug for project Uart_Driver ****
make pre-build main-build 
a9-linaro-pre-build-step
' '
'Building file: ../src/main.c'
'Invoking: ARM v7 gcc compiler'
arm-none-eabi-gcc -Wall -O0 -g3 -c -fmessage-length=0 -MT"src/main.o" -mcpu=cortex-a9 -mfpu=vfpv3 -mfloat-abi=hard -I../../BaseProject_bsp/ps7_cortexa9_0/include -MMD -MP -MF"src/main.d" -MT"src/main.o" -o "src/main.o" "../src/main.c"
../src/main.c: In function 'setupGIC':
../src/main.c:101:2: warning: implicit declaration of function 'InitDistributor' [-Wimplicit-function-declaration]
  InitDistributor();
  ^~~~~~~~~~~~~~~
../src/main.c:102:2: warning: implicit declaration of function 'InitCPUInterface' [-Wimplicit-function-declaration]
  InitCPUInterface();
  ^~~~~~~~~~~~~~~~
../src/main.c:115:2: warning: implicit declaration of function 'DistributorEnableInterrupt' [-Wimplicit-function-declaration]
  DistributorEnableInterrupt(82);
  ^~~~~~~~~~~~~~~~~~~~~~~~~~
../src/main.c:117:2: warning: implicit declaration of function 'enableDistributor' [-Wimplicit-function-declaration]
  enableDistributor();
  ^~~~~~~~~~~~~~~~~
../src/main.c:62:18: warning: unused variable 'IntcConfig' [-Wunused-variable]
  XScuGic_Config *IntcConfig; /* Config for interrupt controller */
                  ^~~~~~~~~~
../src/main.c:59:9: warning: unused variable 'Status' [-Wunused-variable]
  RINT32 Status = 0;
         ^~~~~~
../src/main.c: In function 'main':
../src/main.c:141:5: warning: implicit declaration of function 'initializeUartCfg'; did you mean 'InitializeUart'? [-Wimplicit-function-declaration]
     initializeUartCfg (&cfgInstance0);
     ^~~~~~~~~~~~~~~~~
     InitializeUart
../src/main.c:152:6: warning: implicit declaration of function 'sleep'; did you mean 'strsep'? [-Wimplicit-function-declaration]
      sleep(1);
      ^~~~~
      strsep
../src/main.c:153:6: warning: implicit declaration of function 'UartReceiveDataPolling' [-Wimplicit-function-declaration]
      UartReceiveDataPolling(trialArray2, &cfgInstance0, sizeof(trialArray2));
      ^~~~~~~~~~~~~~~~~~~~~~
../src/main.c:150:13: warning: unused variable 'counter' [-Wunused-variable]
     RUINT32 counter = 0;
             ^~~~~~~
../src/main.c:146:12: warning: unused variable 'trialArray' [-Wunused-variable]
     RUINT8 trialArray[] = "hello from my driver \r\n";
            ^~~~~~~~~~
../src/main.c:135:17: warning: variable 'cfgInstance1' set but not used [-Wunused-but-set-variable]
     uartCfgType cfgInstance1;
                 ^~~~~~~~~~~~
../src/main.c:128:6: warning: unused variable 'Status' [-Wunused-variable]
  int Status;
      ^~~~~~
'Finished building: ../src/main.c'
' '
'Building target: Uart_Driver.elf'
'Invoking: ARM v7 gcc linker'
arm-none-eabi-gcc -mcpu=cortex-a9 -mfpu=vfpv3 -mfloat-abi=hard -Wl,-build-id=none -specs=Xilinx.spec -Wl,-T -Wl,../src/lscript.ld -L../../BaseProject_bsp/ps7_cortexa9_0/lib -o "Uart_Driver.elf"  ./src/GIC.o ./src/Uart.o ./src/main.o ./src/platform.o   -Wl,--start-group,-lxil,-lgcc,-lc,--end-group
'Finished building target: Uart_Driver.elf'
' '
'Invoking: ARM v7 Print Size'
arm-none-eabi-size Uart_Driver.elf  |tee "Uart_Driver.elf.size"
   text	   data	    bss	    dec	    hex	filename
  24416	   1144	  23608	  49168	   c010	Uart_Driver.elf
'Finished building: Uart_Driver.elf.size'
' '
12:47:59 **** Auto Build of configuration Debug for project Uart_Driver ****
make pre-build main-build 
a9-linaro-pre-build-step
' '
'Building file: ../src/main.c'
'Invoking: ARM v7 gcc compiler'
arm-none-eabi-gcc -Wall -O0 -g3 -c -fmessage-length=0 -MT"src/main.o" -mcpu=cortex-a9 -mfpu=vfpv3 -mfloat-abi=hard -I../../BaseProject_bsp/ps7_cortexa9_0/include -MMD -MP -MF"src/main.d" -MT"src/main.o" -o "src/main.o" "../src/main.c"
../src/main.c: In function 'setupGIC':
../src/main.c:59:9: warning: variable 'Status' set but not used [-Wunused-but-set-variable]
  RINT32 Status = 0;
         ^~~~~~
../src/main.c: In function 'main':
../src/main.c:141:5: warning: implicit declaration of function 'initializeUartCfg'; did you mean 'InitializeUart'? [-Wimplicit-function-declaration]
     initializeUartCfg (&cfgInstance0);
     ^~~~~~~~~~~~~~~~~
     InitializeUart
../src/main.c:152:6: warning: implicit declaration of function 'sleep'; did you mean 'strsep'? [-Wimplicit-function-declaration]
      sleep(1);
      ^~~~~
      strsep
../src/main.c:153:6: warning: implicit declaration of function 'UartReceiveDataPolling' [-Wimplicit-function-declaration]
      UartReceiveDataPolling(trialArray2, &cfgInstance0, sizeof(trialArray2));
      ^~~~~~~~~~~~~~~~~~~~~~
../src/main.c:150:13: warning: unused variable 'counter' [-Wunused-variable]
     RUINT32 counter = 0;
             ^~~~~~~
../src/main.c:146:12: warning: unused variable 'trialArray' [-Wunused-variable]
     RUINT8 trialArray[] = "hello from my driver \r\n";
            ^~~~~~~~~~
../src/main.c:135:17: warning: variable 'cfgInstance1' set but not used [-Wunused-but-set-variable]
     uartCfgType cfgInstance1;
                 ^~~~~~~~~~~~
../src/main.c:128:6: warning: unused variable 'Status' [-Wunused-variable]
  int Status;
      ^~~~~~
'Finished building: ../src/main.c'
' '
'Building target: Uart_Driver.elf'
'Invoking: ARM v7 gcc linker'
arm-none-eabi-gcc -mcpu=cortex-a9 -mfpu=vfpv3 -mfloat-abi=hard -Wl,-build-id=none -specs=Xilinx.spec -Wl,-T -Wl,../src/lscript.ld -L../../BaseProject_bsp/ps7_cortexa9_0/lib -o "Uart_Driver.elf"  ./src/GIC.o ./src/Uart.o ./src/main.o ./src/platform.o   -Wl,--start-group,-lxil,-lgcc,-lc,--end-group
'Finished building target: Uart_Driver.elf'
' '
'Invoking: ARM v7 Print Size'
arm-none-eabi-size Uart_Driver.elf  |tee "Uart_Driver.elf.size"
   text	   data	    bss	    dec	    hex	filename
  27340	   1920	  23624	  52884	   ce94	Uart_Driver.elf
'Finished building: Uart_Driver.elf.size'
' '
13:06:08 **** Auto Build of configuration Debug for project Uart_Driver ****
make pre-build main-build 
a9-linaro-pre-build-step
' '
'Building file: ../src/main.c'
'Invoking: ARM v7 gcc compiler'
arm-none-eabi-gcc -Wall -O0 -g3 -c -fmessage-length=0 -MT"src/main.o" -mcpu=cortex-a9 -mfpu=vfpv3 -mfloat-abi=hard -I../../BaseProject_bsp/ps7_cortexa9_0/include -MMD -MP -MF"src/main.d" -MT"src/main.o" -o "src/main.o" "../src/main.c"
../src/main.c: In function 'setupGIC':
../src/main.c:101:2: warning: implicit declaration of function 'InitDistributor' [-Wimplicit-function-declaration]
  InitDistributor();
  ^~~~~~~~~~~~~~~
../src/main.c:102:2: warning: implicit declaration of function 'InitCPUInterface' [-Wimplicit-function-declaration]
  InitCPUInterface();
  ^~~~~~~~~~~~~~~~
../src/main.c:115:2: warning: implicit declaration of function 'DistributorEnableInterrupt' [-Wimplicit-function-declaration]
  DistributorEnableInterrupt(82);
  ^~~~~~~~~~~~~~~~~~~~~~~~~~
../src/main.c:117:2: warning: implicit declaration of function 'enableDistributor' [-Wimplicit-function-declaration]
  enableDistributor();
  ^~~~~~~~~~~~~~~~~
../src/main.c:59:9: warning: unused variable 'Status' [-Wunused-variable]
  RINT32 Status = 0;
         ^~~~~~
../src/main.c: In function 'main':
../src/main.c:141:5: warning: implicit declaration of function 'initializeUartCfg'; did you mean 'InitializeUart'? [-Wimplicit-function-declaration]
     initializeUartCfg (&cfgInstance0);
     ^~~~~~~~~~~~~~~~~
     InitializeUart
../src/main.c:152:6: warning: implicit declaration of function 'sleep'; did you mean 'strsep'? [-Wimplicit-function-declaration]
      sleep(1);
      ^~~~~
      strsep
../src/main.c:153:6: warning: implicit declaration of function 'UartReceiveDataPolling' [-Wimplicit-function-declaration]
      UartReceiveDataPolling(trialArray2, &cfgInstance0, sizeof(trialArray2));
      ^~~~~~~~~~~~~~~~~~~~~~
../src/main.c:150:13: warning: unused variable 'counter' [-Wunused-variable]
     RUINT32 counter = 0;
             ^~~~~~~
../src/main.c:146:12: warning: unused variable 'trialArray' [-Wunused-variable]
     RUINT8 trialArray[] = "hello from my driver \r\n";
            ^~~~~~~~~~
../src/main.c:135:17: warning: variable 'cfgInstance1' set but not used [-Wunused-but-set-variable]
     uartCfgType cfgInstance1;
                 ^~~~~~~~~~~~
../src/main.c:128:6: warning: unused variable 'Status' [-Wunused-variable]
  int Status;
      ^~~~~~
'Finished building: ../src/main.c'
' '
'Building target: Uart_Driver.elf'
'Invoking: ARM v7 gcc linker'
arm-none-eabi-gcc -mcpu=cortex-a9 -mfpu=vfpv3 -mfloat-abi=hard -Wl,-build-id=none -specs=Xilinx.spec -Wl,-T -Wl,../src/lscript.ld -L../../BaseProject_bsp/ps7_cortexa9_0/lib -o "Uart_Driver.elf"  ./src/GIC.o ./src/Uart.o ./src/main.o ./src/platform.o   -Wl,--start-group,-lxil,-lgcc,-lc,--end-group
'Finished building target: Uart_Driver.elf'
' '
'Invoking: ARM v7 Print Size'
arm-none-eabi-size Uart_Driver.elf  |tee "Uart_Driver.elf.size"
   text	   data	    bss	    dec	    hex	filename
  24416	   1144	  23608	  49168	   c010	Uart_Driver.elf
'Finished building: Uart_Driver.elf.size'
' '
13:07:17 **** Auto Build of configuration Debug for project Uart_Driver ****
make pre-build main-build 
a9-linaro-pre-build-step
' '
'Building file: ../src/main.c'
'Invoking: ARM v7 gcc compiler'
arm-none-eabi-gcc -Wall -O0 -g3 -c -fmessage-length=0 -MT"src/main.o" -mcpu=cortex-a9 -mfpu=vfpv3 -mfloat-abi=hard -I../../BaseProject_bsp/ps7_cortexa9_0/include -MMD -MP -MF"src/main.d" -MT"src/main.o" -o "src/main.o" "../src/main.c"
../src/main.c: In function 'setupGIC':
../src/main.c:101:2: warning: implicit declaration of function 'InitDistributor' [-Wimplicit-function-declaration]
  InitDistributor();
  ^~~~~~~~~~~~~~~
../src/main.c:102:2: warning: implicit declaration of function 'InitCPUInterface' [-Wimplicit-function-declaration]
  InitCPUInterface();
  ^~~~~~~~~~~~~~~~
../src/main.c:115:2: warning: implicit declaration of function 'DistributorEnableInterrupt' [-Wimplicit-function-declaration]
  DistributorEnableInterrupt(82);
  ^~~~~~~~~~~~~~~~~~~~~~~~~~
../src/main.c:117:2: warning: implicit declaration of function 'enableDistributor' [-Wimplicit-function-declaration]
  enableDistributor();
  ^~~~~~~~~~~~~~~~~
../src/main.c:59:9: warning: unused variable 'Status' [-Wunused-variable]
  RINT32 Status = 0;
         ^~~~~~
../src/main.c: In function 'main':
../src/main.c:141:5: warning: implicit declaration of function 'initializeUartCfg'; did you mean 'InitializeUart'? [-Wimplicit-function-declaration]
     initializeUartCfg (&cfgInstance0);
     ^~~~~~~~~~~~~~~~~
     InitializeUart
../src/main.c:152:6: warning: implicit declaration of function 'sleep'; did you mean 'strsep'? [-Wimplicit-function-declaration]
      sleep(1);
      ^~~~~
      strsep
../src/main.c:150:13: warning: unused variable 'counter' [-Wunused-variable]
     RUINT32 counter = 0;
             ^~~~~~~
../src/main.c:147:12: warning: unused variable 'trialArray2' [-Wunused-variable]
     RUINT8 trialArray2[] = "this message is the received \r\n";
            ^~~~~~~~~~~
../src/main.c:146:12: warning: unused variable 'trialArray' [-Wunused-variable]
     RUINT8 trialArray[] = "hello from my driver \r\n";
            ^~~~~~~~~~
../src/main.c:135:17: warning: variable 'cfgInstance1' set but not used [-Wunused-but-set-variable]
     uartCfgType cfgInstance1;
                 ^~~~~~~~~~~~
../src/main.c:128:6: warning: unused variable 'Status' [-Wunused-variable]
  int Status;
      ^~~~~~
'Finished building: ../src/main.c'
' '
'Building target: Uart_Driver.elf'
'Invoking: ARM v7 gcc linker'
arm-none-eabi-gcc -mcpu=cortex-a9 -mfpu=vfpv3 -mfloat-abi=hard -Wl,-build-id=none -specs=Xilinx.spec -Wl,-T -Wl,../src/lscript.ld -L../../BaseProject_bsp/ps7_cortexa9_0/lib -o "Uart_Driver.elf"  ./src/GIC.o ./src/Uart.o ./src/main.o ./src/platform.o   -Wl,--start-group,-lxil,-lgcc,-lc,--end-group
'Finished building target: Uart_Driver.elf'
' '
'Invoking: ARM v7 Print Size'
arm-none-eabi-size Uart_Driver.elf  |tee "Uart_Driver.elf.size"
   text	   data	    bss	    dec	    hex	filename
  24376	   1144	  23608	  49128	   bfe8	Uart_Driver.elf
'Finished building: Uart_Driver.elf.size'
' '
13:07:29 **** Incremental Build of configuration Debug for project Uart_Driver ****
make pre-build main-build 
a9-linaro-pre-build-step
' '
make: Nothing to be done for 'main-build'.
13:12:09 **** Auto Build of configuration Debug for project Uart_Driver ****
make pre-build main-build 
a9-linaro-pre-build-step
' '
'Building file: ../src/main.c'
'Invoking: ARM v7 gcc compiler'
arm-none-eabi-gcc -Wall -O0 -g3 -c -fmessage-length=0 -MT"src/main.o" -mcpu=cortex-a9 -mfpu=vfpv3 -mfloat-abi=hard -I../../BaseProject_bsp/ps7_cortexa9_0/include -MMD -MP -MF"src/main.d" -MT"src/main.o" -o "src/main.o" "../src/main.c"
../src/main.c: In function 'setupGIC':
../src/main.c:59:9: warning: variable 'Status' set but not used [-Wunused-but-set-variable]
  RINT32 Status = 0;
         ^~~~~~
../src/main.c: In function 'main':
../src/main.c:141:5: warning: implicit declaration of function 'initializeUartCfg'; did you mean 'InitializeUart'? [-Wimplicit-function-declaration]
     initializeUartCfg (&cfgInstance0);
     ^~~~~~~~~~~~~~~~~
     InitializeUart
../src/main.c:152:6: warning: implicit declaration of function 'sleep'; did you mean 'strsep'? [-Wimplicit-function-declaration]
      sleep(1);
      ^~~~~
      strsep
../src/main.c:150:13: warning: unused variable 'counter' [-Wunused-variable]
     RUINT32 counter = 0;
             ^~~~~~~
../src/main.c:147:12: warning: unused variable 'trialArray2' [-Wunused-variable]
     RUINT8 trialArray2[] = "this message is the received \r\n";
            ^~~~~~~~~~~
../src/main.c:146:12: warning: unused variable 'trialArray' [-Wunused-variable]
     RUINT8 trialArray[] = "hello from my driver \r\n";
            ^~~~~~~~~~
../src/main.c:135:17: warning: variable 'cfgInstance1' set but not used [-Wunused-but-set-variable]
     uartCfgType cfgInstance1;
                 ^~~~~~~~~~~~
../src/main.c:128:6: warning: unused variable 'Status' [-Wunused-variable]
  int Status;
      ^~~~~~
'Finished building: ../src/main.c'
' '
'Building target: Uart_Driver.elf'
'Invoking: ARM v7 gcc linker'
arm-none-eabi-gcc -mcpu=cortex-a9 -mfpu=vfpv3 -mfloat-abi=hard -Wl,-build-id=none -specs=Xilinx.spec -Wl,-T -Wl,../src/lscript.ld -L../../BaseProject_bsp/ps7_cortexa9_0/lib -o "Uart_Driver.elf"  ./src/GIC.o ./src/Uart.o ./src/main.o ./src/platform.o   -Wl,--start-group,-lxil,-lgcc,-lc,--end-group
'Finished building target: Uart_Driver.elf'
' '
'Invoking: ARM v7 Print Size'
arm-none-eabi-size Uart_Driver.elf  |tee "Uart_Driver.elf.size"
   text	   data	    bss	    dec	    hex	filename
  27300	   1920	  23624	  52844	   ce6c	Uart_Driver.elf
'Finished building: Uart_Driver.elf.size'
' '
13:12:20 **** Incremental Build of configuration Debug for project Uart_Driver ****
make pre-build main-build 
a9-linaro-pre-build-step
' '
make: Nothing to be done for 'main-build'.
13:18:09 **** Auto Build of configuration Debug for project Uart_Driver ****
make pre-build main-build 
a9-linaro-pre-build-step
' '
'Building file: ../src/main.c'
'Invoking: ARM v7 gcc compiler'
arm-none-eabi-gcc -Wall -O0 -g3 -c -fmessage-length=0 -MT"src/main.o" -mcpu=cortex-a9 -mfpu=vfpv3 -mfloat-abi=hard -I../../BaseProject_bsp/ps7_cortexa9_0/include -MMD -MP -MF"src/main.d" -MT"src/main.o" -o "src/main.o" "../src/main.c"
../src/main.c: In function 'setupGIC':
../src/main.c:59:9: warning: unused variable 'Status' [-Wunused-variable]
  RINT32 Status = 0;
         ^~~~~~
../src/main.c: In function 'main':
../src/main.c:141:5: warning: implicit declaration of function 'initializeUartCfg'; did you mean 'InitializeUart'? [-Wimplicit-function-declaration]
     initializeUartCfg (&cfgInstance0);
     ^~~~~~~~~~~~~~~~~
     InitializeUart
../src/main.c:152:6: warning: implicit declaration of function 'sleep'; did you mean 'strsep'? [-Wimplicit-function-declaration]
      sleep(1);
      ^~~~~
      strsep
../src/main.c:150:13: warning: unused variable 'counter' [-Wunused-variable]
     RUINT32 counter = 0;
             ^~~~~~~
../src/main.c:147:12: warning: unused variable 'trialArray2' [-Wunused-variable]
     RUINT8 trialArray2[] = "this message is the received \r\n";
            ^~~~~~~~~~~
../src/main.c:146:12: warning: unused variable 'trialArray' [-Wunused-variable]
     RUINT8 trialArray[] = "hello from my driver \r\n";
            ^~~~~~~~~~
../src/main.c:135:17: warning: variable 'cfgInstance1' set but not used [-Wunused-but-set-variable]
     uartCfgType cfgInstance1;
                 ^~~~~~~~~~~~
../src/main.c:128:6: warning: unused variable 'Status' [-Wunused-variable]
  int Status;
      ^~~~~~
'Finished building: ../src/main.c'
' '
'Building target: Uart_Driver.elf'
'Invoking: ARM v7 gcc linker'
arm-none-eabi-gcc -mcpu=cortex-a9 -mfpu=vfpv3 -mfloat-abi=hard -Wl,-build-id=none -specs=Xilinx.spec -Wl,-T -Wl,../src/lscript.ld -L../../BaseProject_bsp/ps7_cortexa9_0/lib -o "Uart_Driver.elf"  ./src/GIC.o ./src/Uart.o ./src/main.o ./src/platform.o   -Wl,--start-group,-lxil,-lgcc,-lc,--end-group
'Finished building target: Uart_Driver.elf'
' '
'Invoking: ARM v7 Print Size'
arm-none-eabi-size Uart_Driver.elf  |tee "Uart_Driver.elf.size"
   text	   data	    bss	    dec	    hex	filename
  24088	   1144	  23608	  48840	   bec8	Uart_Driver.elf
'Finished building: Uart_Driver.elf.size'
' '
13:18:15 **** Auto Build of configuration Debug for project Uart_Driver ****
make pre-build main-build 
a9-linaro-pre-build-step
' '
'Building file: ../src/main.c'
'Invoking: ARM v7 gcc compiler'
arm-none-eabi-gcc -Wall -O0 -g3 -c -fmessage-length=0 -MT"src/main.o" -mcpu=cortex-a9 -mfpu=vfpv3 -mfloat-abi=hard -I../../BaseProject_bsp/ps7_cortexa9_0/include -MMD -MP -MF"src/main.d" -MT"src/main.o" -o "src/main.o" "../src/main.c"
../src/main.c: In function 'setupGIC':
../src/main.c:101:2: warning: implicit declaration of function 'InitDistributor' [-Wimplicit-function-declaration]
  InitDistributor();
  ^~~~~~~~~~~~~~~
../src/main.c:102:2: warning: implicit declaration of function 'InitCPUInterface' [-Wimplicit-function-declaration]
  InitCPUInterface();
  ^~~~~~~~~~~~~~~~
../src/main.c:115:2: warning: implicit declaration of function 'DistributorEnableInterrupt' [-Wimplicit-function-declaration]
  DistributorEnableInterrupt(82);
  ^~~~~~~~~~~~~~~~~~~~~~~~~~
../src/main.c:117:2: warning: implicit declaration of function 'enableDistributor' [-Wimplicit-function-declaration]
  enableDistributor();
  ^~~~~~~~~~~~~~~~~
../src/main.c:59:9: warning: unused variable 'Status' [-Wunused-variable]
  RINT32 Status = 0;
         ^~~~~~
../src/main.c: In function 'main':
../src/main.c:141:5: warning: implicit declaration of function 'initializeUartCfg'; did you mean 'InitializeUart'? [-Wimplicit-function-declaration]
     initializeUartCfg (&cfgInstance0);
     ^~~~~~~~~~~~~~~~~
     InitializeUart
../src/main.c:152:6: warning: implicit declaration of function 'sleep'; did you mean 'strsep'? [-Wimplicit-function-declaration]
      sleep(1);
      ^~~~~
      strsep
../src/main.c:150:13: warning: unused variable 'counter' [-Wunused-variable]
     RUINT32 counter = 0;
             ^~~~~~~
../src/main.c:147:12: warning: unused variable 'trialArray2' [-Wunused-variable]
     RUINT8 trialArray2[] = "this message is the received \r\n";
            ^~~~~~~~~~~
../src/main.c:146:12: warning: unused variable 'trialArray' [-Wunused-variable]
     RUINT8 trialArray[] = "hello from my driver \r\n";
            ^~~~~~~~~~
../src/main.c:135:17: warning: variable 'cfgInstance1' set but not used [-Wunused-but-set-variable]
     uartCfgType cfgInstance1;
                 ^~~~~~~~~~~~
../src/main.c:128:6: warning: unused variable 'Status' [-Wunused-variable]
  int Status;
      ^~~~~~
'Finished building: ../src/main.c'
' '
'Building target: Uart_Driver.elf'
'Invoking: ARM v7 gcc linker'
arm-none-eabi-gcc -mcpu=cortex-a9 -mfpu=vfpv3 -mfloat-abi=hard -Wl,-build-id=none -specs=Xilinx.spec -Wl,-T -Wl,../src/lscript.ld -L../../BaseProject_bsp/ps7_cortexa9_0/lib -o "Uart_Driver.elf"  ./src/GIC.o ./src/Uart.o ./src/main.o ./src/platform.o   -Wl,--start-group,-lxil,-lgcc,-lc,--end-group
'Finished building target: Uart_Driver.elf'
' '
'Invoking: ARM v7 Print Size'
arm-none-eabi-size Uart_Driver.elf  |tee "Uart_Driver.elf.size"
   text	   data	    bss	    dec	    hex	filename
  24376	   1144	  23608	  49128	   bfe8	Uart_Driver.elf
'Finished building: Uart_Driver.elf.size'
' '
13:21:13 **** Auto Build of configuration Debug for project Uart_Driver ****
make pre-build main-build 
a9-linaro-pre-build-step
' '
'Building file: ../src/GIC.c'
'Invoking: ARM v7 gcc compiler'
arm-none-eabi-gcc -Wall -O0 -g3 -c -fmessage-length=0 -MT"src/GIC.o" -mcpu=cortex-a9 -mfpu=vfpv3 -mfloat-abi=hard -I../../BaseProject_bsp/ps7_cortexa9_0/include -MMD -MP -MF"src/GIC.d" -MT"src/GIC.o" -o "src/GIC.o" "../src/GIC.c"
../src/GIC.c: In function 'DistributorEnableInterrupt':
../src/GIC.c:117:16: warning: unused variable 'cu4TotalInterruptNum' [-Wunused-variable]
  const RUINT32 cu4TotalInterruptNum = 96U;
                ^~~~~~~~~~~~~~~~~~~~
'Finished building: ../src/GIC.c'
' '
'Building target: Uart_Driver.elf'
'Invoking: ARM v7 gcc linker'
arm-none-eabi-gcc -mcpu=cortex-a9 -mfpu=vfpv3 -mfloat-abi=hard -Wl,-build-id=none -specs=Xilinx.spec -Wl,-T -Wl,../src/lscript.ld -L../../BaseProject_bsp/ps7_cortexa9_0/lib -o "Uart_Driver.elf"  ./src/GIC.o ./src/Uart.o ./src/main.o ./src/platform.o   -Wl,--start-group,-lxil,-lgcc,-lc,--end-group
'Finished building target: Uart_Driver.elf'
' '
'Invoking: ARM v7 Print Size'
arm-none-eabi-size Uart_Driver.elf  |tee "Uart_Driver.elf.size"
   text	   data	    bss	    dec	    hex	filename
  24400	   1144	  23608	  49152	   c000	Uart_Driver.elf
'Finished building: Uart_Driver.elf.size'
' '
13:22:55 **** Auto Build of configuration Debug for project Uart_Driver ****
make pre-build main-build 
a9-linaro-pre-build-step
' '
'Building file: ../src/GIC.c'
'Invoking: ARM v7 gcc compiler'
arm-none-eabi-gcc -Wall -O0 -g3 -c -fmessage-length=0 -MT"src/GIC.o" -mcpu=cortex-a9 -mfpu=vfpv3 -mfloat-abi=hard -I../../BaseProject_bsp/ps7_cortexa9_0/include -MMD -MP -MF"src/GIC.d" -MT"src/GIC.o" -o "src/GIC.o" "../src/GIC.c"
../src/GIC.c: In function 'DistributorEnableInterrupt':
../src/GIC.c:119:16: warning: unused variable 'cu4TotalInterruptNum' [-Wunused-variable]
  const RUINT32 cu4TotalInterruptNum = 96U;
                ^~~~~~~~~~~~~~~~~~~~
'Finished building: ../src/GIC.c'
' '
'Building target: Uart_Driver.elf'
'Invoking: ARM v7 gcc linker'
arm-none-eabi-gcc -mcpu=cortex-a9 -mfpu=vfpv3 -mfloat-abi=hard -Wl,-build-id=none -specs=Xilinx.spec -Wl,-T -Wl,../src/lscript.ld -L../../BaseProject_bsp/ps7_cortexa9_0/lib -o "Uart_Driver.elf"  ./src/GIC.o ./src/Uart.o ./src/main.o ./src/platform.o   -Wl,--start-group,-lxil,-lgcc,-lc,--end-group
'Finished building target: Uart_Driver.elf'
' '
'Invoking: ARM v7 Print Size'
arm-none-eabi-size Uart_Driver.elf  |tee "Uart_Driver.elf.size"
   text	   data	    bss	    dec	    hex	filename
  24400	   1144	  23608	  49152	   c000	Uart_Driver.elf
'Finished building: Uart_Driver.elf.size'
' '
13:23:59 **** Auto Build of configuration Debug for project Uart_Driver ****
make pre-build main-build 
a9-linaro-pre-build-step
' '
'Building file: ../src/GIC.c'
'Invoking: ARM v7 gcc compiler'
arm-none-eabi-gcc -Wall -O0 -g3 -c -fmessage-length=0 -MT"src/GIC.o" -mcpu=cortex-a9 -mfpu=vfpv3 -mfloat-abi=hard -I../../BaseProject_bsp/ps7_cortexa9_0/include -MMD -MP -MF"src/GIC.d" -MT"src/GIC.o" -o "src/GIC.o" "../src/GIC.c"
../src/GIC.c: In function 'GICInterruptHandler':
../src/GIC.c:64:35: error: expected expression before ')' token
  readGICReg(&u4InterruptAckValue, );
                                   ^
../src/GIC.c: In function 'DistributorEnableInterrupt':
../src/GIC.c:121:16: warning: unused variable 'cu4TotalInterruptNum' [-Wunused-variable]
  const RUINT32 cu4TotalInterruptNum = 96U;
                ^~~~~~~~~~~~~~~~~~~~
make: *** [src/subdir.mk:32: src/GIC.o] Error 1
13:24:21 **** Auto Build of configuration Debug for project Uart_Driver ****
make pre-build main-build 
a9-linaro-pre-build-step
' '
'Building file: ../src/GIC.c'
'Invoking: ARM v7 gcc compiler'
arm-none-eabi-gcc -Wall -O0 -g3 -c -fmessage-length=0 -MT"src/GIC.o" -mcpu=cortex-a9 -mfpu=vfpv3 -mfloat-abi=hard -I../../BaseProject_bsp/ps7_cortexa9_0/include -MMD -MP -MF"src/GIC.d" -MT"src/GIC.o" -o "src/GIC.o" "../src/GIC.c"
../src/GIC.c: In function 'GICInterruptHandler':
../src/GIC.c:77:35: error: expected expression before ')' token
  readGICReg(&u4InterruptAckValue, );
                                   ^
../src/GIC.c: In function 'DistributorEnableInterrupt':
../src/GIC.c:124:16: warning: unused variable 'cu4TotalInterruptNum' [-Wunused-variable]
  const RUINT32 cu4TotalInterruptNum = 96U;
                ^~~~~~~~~~~~~~~~~~~~
make: *** [src/subdir.mk:32: src/GIC.o] Error 1
13:24:23 **** Auto Build of configuration Debug for project Uart_Driver ****
make pre-build main-build 
a9-linaro-pre-build-step
' '
'Building file: ../src/GIC.c'
'Invoking: ARM v7 gcc compiler'
arm-none-eabi-gcc -Wall -O0 -g3 -c -fmessage-length=0 -MT"src/GIC.o" -mcpu=cortex-a9 -mfpu=vfpv3 -mfloat-abi=hard -I../../BaseProject_bsp/ps7_cortexa9_0/include -MMD -MP -MF"src/GIC.d" -MT"src/GIC.o" -o "src/GIC.o" "../src/GIC.c"
../src/GIC.c: In function 'GICInterruptHandler':
../src/GIC.c:76:35: error: expected expression before ')' token
  readGICReg(&u4InterruptAckValue, );
                                   ^
../src/GIC.c: In function 'DistributorEnableInterrupt':
../src/GIC.c:123:16: warning: unused variable 'cu4TotalInterruptNum' [-Wunused-variable]
  const RUINT32 cu4TotalInterruptNum = 96U;
                ^~~~~~~~~~~~~~~~~~~~
make: *** [src/subdir.mk:32: src/GIC.o] Error 1
13:24:42 **** Auto Build of configuration Debug for project Uart_Driver ****
make pre-build main-build 
a9-linaro-pre-build-step
' '
'Building file: ../src/GIC.c'
'Invoking: ARM v7 gcc compiler'
arm-none-eabi-gcc -Wall -O0 -g3 -c -fmessage-length=0 -MT"src/GIC.o" -mcpu=cortex-a9 -mfpu=vfpv3 -mfloat-abi=hard -I../../BaseProject_bsp/ps7_cortexa9_0/include -MMD -MP -MF"src/GIC.d" -MT"src/GIC.o" -o "src/GIC.o" "../src/GIC.c"
../src/GIC.c: In function 'DistributorEnableInterrupt':
../src/GIC.c:123:16: warning: unused variable 'cu4TotalInterruptNum' [-Wunused-variable]
  const RUINT32 cu4TotalInterruptNum = 96U;
                ^~~~~~~~~~~~~~~~~~~~
'Finished building: ../src/GIC.c'
' '
'Building target: Uart_Driver.elf'
'Invoking: ARM v7 gcc linker'
arm-none-eabi-gcc -mcpu=cortex-a9 -mfpu=vfpv3 -mfloat-abi=hard -Wl,-build-id=none -specs=Xilinx.spec -Wl,-T -Wl,../src/lscript.ld -L../../BaseProject_bsp/ps7_cortexa9_0/lib -o "Uart_Driver.elf"  ./src/GIC.o ./src/Uart.o ./src/main.o ./src/platform.o   -Wl,--start-group,-lxil,-lgcc,-lc,--end-group
'Finished building target: Uart_Driver.elf'
' '
'Invoking: ARM v7 Print Size'
arm-none-eabi-size Uart_Driver.elf  |tee "Uart_Driver.elf.size"
   text	   data	    bss	    dec	    hex	filename
  24416	   1144	  23608	  49168	   c010	Uart_Driver.elf
'Finished building: Uart_Driver.elf.size'
' '
13:27:50 **** Auto Build of configuration Debug for project Uart_Driver ****
make pre-build main-build 
a9-linaro-pre-build-step
' '
'Building file: ../src/GIC.c'
'Invoking: ARM v7 gcc compiler'
arm-none-eabi-gcc -Wall -O0 -g3 -c -fmessage-length=0 -MT"src/GIC.o" -mcpu=cortex-a9 -mfpu=vfpv3 -mfloat-abi=hard -I../../BaseProject_bsp/ps7_cortexa9_0/include -MMD -MP -MF"src/GIC.d" -MT"src/GIC.o" -o "src/GIC.o" "../src/GIC.c"
../src/GIC.c:60:9: error: conflicting types for 'readGICReg'
 RUINT32 readGICReg(RUINT32 offset)
         ^~~~~~~~~~
../src/GIC.c:48:6: note: previous declaration of 'readGICReg' was here
 void readGICReg(RUINT32 *dataHolder, RUINT32 offset);
      ^~~~~~~~~~
../src/GIC.c: In function 'GICInterruptHandler':
../src/GIC.c:76:13: warning: passing argument 1 of 'readGICReg' makes integer from pointer without a cast [-Wint-conversion]
  readGICReg(&u4InterruptAckValue, ICCIAR_OFFSET);
             ^~~~~~~~~~~~~~~~~~~~
../src/GIC.c:60:28: note: expected 'RUINT32' {aka 'unsigned int'} but argument is of type 'RUINT32 *' {aka 'unsigned int *'}
 RUINT32 readGICReg(RUINT32 offset)
                    ~~~~~~~~^~~~~~
../src/GIC.c:76:2: error: too many arguments to function 'readGICReg'
  readGICReg(&u4InterruptAckValue, ICCIAR_OFFSET);
  ^~~~~~~~~~
../src/GIC.c:60:9: note: declared here
 RUINT32 readGICReg(RUINT32 offset)
         ^~~~~~~~~~
../src/GIC.c: In function 'DistributorEnableInterrupt':
../src/GIC.c:139:13: warning: passing argument 1 of 'readGICReg' makes integer from pointer without a cast [-Wint-conversion]
  readGICReg(&u4TempReadRegister, ICDISEROffset(u4TempRegisterOffset));
             ^~~~~~~~~~~~~~~~~~~
../src/GIC.c:60:28: note: expected 'RUINT32' {aka 'unsigned int'} but argument is of type 'RUINT32 *' {aka 'unsigned int *'}
 RUINT32 readGICReg(RUINT32 offset)
                    ~~~~~~~~^~~~~~
../src/GIC.c:139:2: error: too many arguments to function 'readGICReg'
  readGICReg(&u4TempReadRegister, ICDISEROffset(u4TempRegisterOffset));
  ^~~~~~~~~~
../src/GIC.c:60:9: note: declared here
 RUINT32 readGICReg(RUINT32 offset)
         ^~~~~~~~~~
../src/GIC.c:123:16: warning: unused variable 'cu4TotalInterruptNum' [-Wunused-variable]
  const RUINT32 cu4TotalInterruptNum = 96U;
                ^~~~~~~~~~~~~~~~~~~~
make: *** [src/subdir.mk:32: src/GIC.o] Error 1
13:27:59 **** Auto Build of configuration Debug for project Uart_Driver ****
make pre-build main-build 
a9-linaro-pre-build-step
' '
'Building file: ../src/GIC.c'
'Invoking: ARM v7 gcc compiler'
arm-none-eabi-gcc -Wall -O0 -g3 -c -fmessage-length=0 -MT"src/GIC.o" -mcpu=cortex-a9 -mfpu=vfpv3 -mfloat-abi=hard -I../../BaseProject_bsp/ps7_cortexa9_0/include -MMD -MP -MF"src/GIC.d" -MT"src/GIC.o" -o "src/GIC.o" "../src/GIC.c"
../src/GIC.c: In function 'readGICReg':
../src/GIC.c:61:1: error: expected '=', ',', ';', 'asm' or '__attribute__' before '{' token
 {
 ^
../src/GIC.c:67:1: error: expected '=', ',', ';', 'asm' or '__attribute__' before '{' token
 {
 ^
../src/GIC.c:73:1: error: expected '=', ',', ';', 'asm' or '__attribute__' before '{' token
 {
 ^
../src/GIC.c:113:1: error: expected '=', ',', ';', 'asm' or '__attribute__' before '{' token
 {
 ^
../src/GIC.c:122:1: error: expected '=', ',', ';', 'asm' or '__attribute__' before '{' token
 {
 ^
../src/GIC.c:150:1: error: expected '=', ',', ';', 'asm' or '__attribute__' before '{' token
 {
 ^
../src/GIC.c:194:1: error: expected '=', ',', ';', 'asm' or '__attribute__' before '{' token
 {
 ^
../src/GIC.c:48:9: error: old-style parameter declarations in prototyped function definition
 RUINT32 readGICReg(RUINT32 offset)
         ^~~~~~~~~~
../src/GIC.c:217: error: expected '{' at end of input
../src/GIC.c:216:1: warning: control reaches end of non-void function [-Wreturn-type]
 }
 ^
make: *** [src/subdir.mk:32: src/GIC.o] Error 1
13:28:08 **** Auto Build of configuration Debug for project Uart_Driver ****
make pre-build main-build 
a9-linaro-pre-build-step
' '
'Building file: ../src/GIC.c'
'Invoking: ARM v7 gcc compiler'
arm-none-eabi-gcc -Wall -O0 -g3 -c -fmessage-length=0 -MT"src/GIC.o" -mcpu=cortex-a9 -mfpu=vfpv3 -mfloat-abi=hard -I../../BaseProject_bsp/ps7_cortexa9_0/include -MMD -MP -MF"src/GIC.d" -MT"src/GIC.o" -o "src/GIC.o" "../src/GIC.c"
../src/GIC.c: In function 'readGICReg':
../src/GIC.c:61:1: error: expected '=', ',', ';', 'asm' or '__attribute__' before '{' token
 {
 ^
../src/GIC.c:67:1: error: expected '=', ',', ';', 'asm' or '__attribute__' before '{' token
 {
 ^
../src/GIC.c:73:1: error: expected '=', ',', ';', 'asm' or '__attribute__' before '{' token
 {
 ^
../src/GIC.c:113:1: error: expected '=', ',', ';', 'asm' or '__attribute__' before '{' token
 {
 ^
../src/GIC.c:122:1: error: expected '=', ',', ';', 'asm' or '__attribute__' before '{' token
 {
 ^
../src/GIC.c:150:1: error: expected '=', ',', ';', 'asm' or '__attribute__' before '{' token
 {
 ^
../src/GIC.c:194:1: error: expected '=', ',', ';', 'asm' or '__attribute__' before '{' token
 {
 ^
../src/GIC.c:48:9: error: old-style parameter declarations in prototyped function definition
 RUINT32 readGICReg(RUINT32 offset)
         ^~~~~~~~~~
../src/GIC.c:217: error: expected '{' at end of input
../src/GIC.c:216:1: warning: control reaches end of non-void function [-Wreturn-type]
 }
 ^
make: *** [src/subdir.mk:32: src/GIC.o] Error 1
[...]
 #define NULL ((void *)0)
 
../src/main.c: In function 'setupGIC':
../src/main.c:61:2: warning: implicit declaration of function 'InitDistributor' [-Wimplicit-function-declaration]
  InitDistributor();
  ^~~~~~~~~~~~~~~
../src/main.c:62:2: warning: implicit declaration of function 'InitCPUInterface' [-Wimplicit-function-declaration]
  InitCPUInterface();
  ^~~~~~~~~~~~~~~~
../src/main.c:64:8: warning: implicit declaration of function 'GICInstanceInitializer' [-Wimplicit-function-declaration]
  (void)GICInstanceInitializer(InstancePtr);
        ^~~~~~~~~~~~~~~~~~~~~~
../src/main.c:68:28: error: 'GICInterruptHandler' undeclared (first use in this function); did you mean 'XInterruptHandler'?
     (Xil_ExceptionHandler) GICInterruptHandler,
                            ^~~~~~~~~~~~~~~~~~~
                            XInterruptHandler
../src/main.c:68:28: note: each undeclared identifier is reported only once for each function it appears in
../src/main.c:72:2: warning: implicit declaration of function 'DistributorEnableInterrupt' [-Wimplicit-function-declaration]
  DistributorEnableInterrupt(82);
  ^~~~~~~~~~~~~~~~~~~~~~~~~~
../src/main.c:73:2: warning: implicit declaration of function 'GICConnectInterruptHandler'; did you mean 'XScuGic_InterruptHandler'? [-Wimplicit-function-declaration]
  GICConnectInterruptHandler(InstancePtr, 82, xUartPsInterruptHandler, intDevicePtr);
  ^~~~~~~~~~~~~~~~~~~~~~~~~~
  XScuGic_InterruptHandler
../src/main.c:74:2: warning: implicit declaration of function 'enableDistributor' [-Wimplicit-function-declaration]
  enableDistributor();
  ^~~~~~~~~~~~~~~~~
../src/main.c:59:9: warning: unused variable 'Status' [-Wunused-variable]
  RINT32 Status = 0;
         ^~~~~~
../src/main.c: In function 'main':
../src/main.c:98:5: warning: implicit declaration of function 'initializeUartCfg'; did you mean 'InitializeUart'? [-Wimplicit-function-declaration]
     initializeUartCfg (&cfgInstance0);
     ^~~~~~~~~~~~~~~~~
     InitializeUart
../src/main.c:104:11: warning: implicit declaration of function 'GICEnableInterruptID'; did you mean 'Xil_EnableNestedInterrupts'? [-Wimplicit-function-declaration]
     (void)GICEnableInterruptID(82);
           ^~~~~~~~~~~~~~~~~~~~
           Xil_EnableNestedInterrupts
../src/main.c:114:6: warning: implicit declaration of function 'sleep'; did you mean 'strsep'? [-Wimplicit-function-declaration]
      sleep(1);
      ^~~~~
      strsep
../src/main.c:112:13: warning: unused variable 'counter' [-Wunused-variable]
     RUINT32 counter = 0;
             ^~~~~~~
../src/main.c:109:12: warning: unused variable 'trialArray2' [-Wunused-variable]
     RUINT8 trialArray2[] = "this message is the received \r\n";
            ^~~~~~~~~~~
../src/main.c:108:12: warning: unused variable 'trialArray' [-Wunused-variable]
     RUINT8 trialArray[] = "hello from my driver \r\n";
            ^~~~~~~~~~
../src/main.c:92:17: warning: variable 'cfgInstance1' set but not used [-Wunused-but-set-variable]
     uartCfgType cfgInstance1;
                 ^~~~~~~~~~~~
../src/main.c:85:6: warning: unused variable 'Status' [-Wunused-variable]
  int Status;
      ^~~~~~
make: *** [src/subdir.mk:32: src/main.o] Error 1
16:25:58 **** Auto Build of configuration Debug for project Uart_Driver ****
make pre-build main-build 
a9-linaro-pre-build-step
' '
'Building file: ../src/GIC.c'
'Invoking: ARM v7 gcc compiler'
arm-none-eabi-gcc -Wall -O0 -g3 -c -fmessage-length=0 -MT"src/GIC.o" -mcpu=cortex-a9 -mfpu=vfpv3 -mfloat-abi=hard -I../../BaseProject_bsp/ps7_cortexa9_0/include -MMD -MP -MF"src/GIC.d" -MT"src/GIC.o" -o "src/GIC.o" "../src/GIC.c"
In file included from ../src/GIC.c:9:
../src/GIC.h:39:45: error: unknown type name 'InterruptHandlerFunc'; did you mean 'InterruptHandlerType'?
 void ConnectInterruptHandler(RUINT32 IntId, InterruptHandlerFunc HandlerFunc);
                                             ^~~~~~~~~~~~~~~~~~~~
                                             InterruptHandlerType
make: *** [src/subdir.mk:32: src/GIC.o] Error 1
16:26:09 **** Auto Build of configuration Debug for project Uart_Driver ****
make pre-build main-build 
a9-linaro-pre-build-step
' '
'Building file: ../src/GIC.c'
'Invoking: ARM v7 gcc compiler'
arm-none-eabi-gcc -Wall -O0 -g3 -c -fmessage-length=0 -MT"src/GIC.o" -mcpu=cortex-a9 -mfpu=vfpv3 -mfloat-abi=hard -I../../BaseProject_bsp/ps7_cortexa9_0/include -MMD -MP -MF"src/GIC.d" -MT"src/GIC.o" -o "src/GIC.o" "../src/GIC.c"
'Finished building: ../src/GIC.c'
' '
'Building file: ../src/main.c'
'Invoking: ARM v7 gcc compiler'
arm-none-eabi-gcc -Wall -O0 -g3 -c -fmessage-length=0 -MT"src/main.o" -mcpu=cortex-a9 -mfpu=vfpv3 -mfloat-abi=hard -I../../BaseProject_bsp/ps7_cortexa9_0/include -MMD -MP -MF"src/main.d" -MT"src/main.o" -o "src/main.o" "../src/main.c"
In file included from ../src/Uart.h:11,
                 from ../src/main.c:50:
../src/CommonTypes.h:27: warning: "NULL" redefined
 #define NULL  0U
 
In file included from c:\xilinx\sdk\2019.1\gnu\aarch32\nt\gcc-arm-none-eabi\arm-none-eabi\libc\usr\include\sys\_types.h:159,
                 from c:\xilinx\sdk\2019.1\gnu\aarch32\nt\gcc-arm-none-eabi\arm-none-eabi\libc\usr\include\sys\reent.h:15,
                 from c:\xilinx\sdk\2019.1\gnu\aarch32\nt\gcc-arm-none-eabi\arm-none-eabi\libc\usr\include\stdio.h:60,
                 from ../src/main.c:48:
c:\xilinx\sdk\2019.1\gnu\aarch32\nt\gcc-arm-none-eabi\lib\gcc\arm-none-eabi\8.2.0\include\stddef.h:406: note: this is the location of the previous definition
 #define NULL ((void *)0)
 
../src/main.c: In function 'setupGIC':
../src/main.c:61:2: warning: implicit declaration of function 'InitDistributor' [-Wimplicit-function-declaration]
  InitDistributor();
  ^~~~~~~~~~~~~~~
../src/main.c:62:2: warning: implicit declaration of function 'InitCPUInterface' [-Wimplicit-function-declaration]
  InitCPUInterface();
  ^~~~~~~~~~~~~~~~
../src/main.c:68:28: error: 'GICInterruptHandler' undeclared (first use in this function); did you mean 'XInterruptHandler'?
     (Xil_ExceptionHandler) GICInterruptHandler,
                            ^~~~~~~~~~~~~~~~~~~
                            XInterruptHandler
../src/main.c:68:28: note: each undeclared identifier is reported only once for each function it appears in
../src/main.c:72:2: warning: implicit declaration of function 'DistributorEnableInterrupt' [-Wimplicit-function-declaration]
  DistributorEnableInterrupt(82);
  ^~~~~~~~~~~~~~~~~~~~~~~~~~
../src/main.c:74:2: warning: implicit declaration of function 'enableDistributor' [-Wimplicit-function-declaration]
  enableDistributor();
  ^~~~~~~~~~~~~~~~~
../src/main.c:59:9: warning: unused variable 'Status' [-Wunused-variable]
  RINT32 Status = 0;
         ^~~~~~
../src/main.c: In function 'main':
../src/main.c:98:5: warning: implicit declaration of function 'initializeUartCfg'; did you mean 'InitializeUart'? [-Wimplicit-function-declaration]
     initializeUartCfg (&cfgInstance0);
     ^~~~~~~~~~~~~~~~~
     InitializeUart
../src/main.c:104:11: warning: implicit declaration of function 'GICEnableInterruptID'; did you mean 'Xil_EnableNestedInterrupts'? [-Wimplicit-function-declaration]
     (void)GICEnableInterruptID(82);
           ^~~~~~~~~~~~~~~~~~~~
           Xil_EnableNestedInterrupts
../src/main.c:114:6: warning: implicit declaration of function 'sleep'; did you mean 'strsep'? [-Wimplicit-function-declaration]
      sleep(1);
      ^~~~~
      strsep
../src/main.c:112:13: warning: unused variable 'counter' [-Wunused-variable]
     RUINT32 counter = 0;
             ^~~~~~~
../src/main.c:109:12: warning: unused variable 'trialArray2' [-Wunused-variable]
     RUINT8 trialArray2[] = "this message is the received \r\n";
            ^~~~~~~~~~~
../src/main.c:108:12: warning: unused variable 'trialArray' [-Wunused-variable]
     RUINT8 trialArray[] = "hello from my driver \r\n";
            ^~~~~~~~~~
../src/main.c:92:17: warning: variable 'cfgInstance1' set but not used [-Wunused-but-set-variable]
     uartCfgType cfgInstance1;
                 ^~~~~~~~~~~~
../src/main.c:85:6: warning: unused variable 'Status' [-Wunused-variable]
  int Status;
      ^~~~~~
make: *** [src/subdir.mk:32: src/main.o] Error 1
16:26:14 **** Auto Build of configuration Debug for project Uart_Driver ****
make pre-build main-build 
a9-linaro-pre-build-step
' '
'Building file: ../src/GIC.c'
'Invoking: ARM v7 gcc compiler'
arm-none-eabi-gcc -Wall -O0 -g3 -c -fmessage-length=0 -MT"src/GIC.o" -mcpu=cortex-a9 -mfpu=vfpv3 -mfloat-abi=hard -I../../BaseProject_bsp/ps7_cortexa9_0/include -MMD -MP -MF"src/GIC.d" -MT"src/GIC.o" -o "src/GIC.o" "../src/GIC.c"
'Finished building: ../src/GIC.c'
' '
'Building file: ../src/main.c'
'Invoking: ARM v7 gcc compiler'
arm-none-eabi-gcc -Wall -O0 -g3 -c -fmessage-length=0 -MT"src/main.o" -mcpu=cortex-a9 -mfpu=vfpv3 -mfloat-abi=hard -I../../BaseProject_bsp/ps7_cortexa9_0/include -MMD -MP -MF"src/main.d" -MT"src/main.o" -o "src/main.o" "../src/main.c"
In file included from ../src/Uart.h:11,
                 from ../src/main.c:50:
../src/CommonTypes.h:27: warning: "NULL" redefined
 #define NULL  0U
 
In file included from c:\xilinx\sdk\2019.1\gnu\aarch32\nt\gcc-arm-none-eabi\arm-none-eabi\libc\usr\include\sys\_types.h:159,
                 from c:\xilinx\sdk\2019.1\gnu\aarch32\nt\gcc-arm-none-eabi\arm-none-eabi\libc\usr\include\sys\reent.h:15,
                 from c:\xilinx\sdk\2019.1\gnu\aarch32\nt\gcc-arm-none-eabi\arm-none-eabi\libc\usr\include\stdio.h:60,
                 from ../src/main.c:48:
c:\xilinx\sdk\2019.1\gnu\aarch32\nt\gcc-arm-none-eabi\lib\gcc\arm-none-eabi\8.2.0\include\stddef.h:406: note: this is the location of the previous definition
 #define NULL ((void *)0)
 
../src/main.c: In function 'setupGIC':
../src/main.c:61:2: warning: implicit declaration of function 'InitDistributor' [-Wimplicit-function-declaration]
  InitDistributor();
  ^~~~~~~~~~~~~~~
../src/main.c:62:2: warning: implicit declaration of function 'InitCPUInterface' [-Wimplicit-function-declaration]
  InitCPUInterface();
  ^~~~~~~~~~~~~~~~
../src/main.c:68:28: error: 'GICInterruptHandler' undeclared (first use in this function); did you mean 'XInterruptHandler'?
     (Xil_ExceptionHandler) GICInterruptHandler,
                            ^~~~~~~~~~~~~~~~~~~
                            XInterruptHandler
../src/main.c:68:28: note: each undeclared identifier is reported only once for each function it appears in
../src/main.c:72:2: warning: implicit declaration of function 'DistributorEnableInterrupt' [-Wimplicit-function-declaration]
  DistributorEnableInterrupt(82);
  ^~~~~~~~~~~~~~~~~~~~~~~~~~
../src/main.c:74:2: warning: implicit declaration of function 'enableDistributor' [-Wimplicit-function-declaration]
  enableDistributor();
  ^~~~~~~~~~~~~~~~~
../src/main.c:59:9: warning: unused variable 'Status' [-Wunused-variable]
  RINT32 Status = 0;
         ^~~~~~
../src/main.c: In function 'main':
../src/main.c:98:5: warning: implicit declaration of function 'initializeUartCfg'; did you mean 'InitializeUart'? [-Wimplicit-function-declaration]
     initializeUartCfg (&cfgInstance0);
     ^~~~~~~~~~~~~~~~~
     InitializeUart
../src/main.c:104:11: warning: implicit declaration of function 'GICEnableInterruptID'; did you mean 'Xil_EnableNestedInterrupts'? [-Wimplicit-function-declaration]
     (void)GICEnableInterruptID(82);
           ^~~~~~~~~~~~~~~~~~~~
           Xil_EnableNestedInterrupts
../src/main.c:114:6: warning: implicit declaration of function 'sleep'; did you mean 'strsep'? [-Wimplicit-function-declaration]
      sleep(1);
      ^~~~~
      strsep
../src/main.c:112:13: warning: unused variable 'counter' [-Wunused-variable]
     RUINT32 counter = 0;
             ^~~~~~~
../src/main.c:109:12: warning: unused variable 'trialArray2' [-Wunused-variable]
     RUINT8 trialArray2[] = "this message is the received \r\n";
            ^~~~~~~~~~~
../src/main.c:108:12: warning: unused variable 'trialArray' [-Wunused-variable]
     RUINT8 trialArray[] = "hello from my driver \r\n";
            ^~~~~~~~~~
../src/main.c:92:17: warning: variable 'cfgInstance1' set but not used [-Wunused-but-set-variable]
     uartCfgType cfgInstance1;
                 ^~~~~~~~~~~~
../src/main.c:85:6: warning: unused variable 'Status' [-Wunused-variable]
  int Status;
      ^~~~~~
make: *** [src/subdir.mk:32: src/main.o] Error 1
16:26:42 **** Auto Build of configuration Debug for project Uart_Driver ****
make pre-build main-build 
a9-linaro-pre-build-step
' '
'Building file: ../src/main.c'
'Invoking: ARM v7 gcc compiler'
arm-none-eabi-gcc -Wall -O0 -g3 -c -fmessage-length=0 -MT"src/main.o" -mcpu=cortex-a9 -mfpu=vfpv3 -mfloat-abi=hard -I../../BaseProject_bsp/ps7_cortexa9_0/include -MMD -MP -MF"src/main.d" -MT"src/main.o" -o "src/main.o" "../src/main.c"
In file included from ../src/Uart.h:11,
                 from ../src/main.c:50:
../src/CommonTypes.h:27: warning: "NULL" redefined
 #define NULL  0U
 
In file included from c:\xilinx\sdk\2019.1\gnu\aarch32\nt\gcc-arm-none-eabi\arm-none-eabi\libc\usr\include\sys\_types.h:159,
                 from c:\xilinx\sdk\2019.1\gnu\aarch32\nt\gcc-arm-none-eabi\arm-none-eabi\libc\usr\include\sys\reent.h:15,
                 from c:\xilinx\sdk\2019.1\gnu\aarch32\nt\gcc-arm-none-eabi\arm-none-eabi\libc\usr\include\stdio.h:60,
                 from ../src/main.c:48:
c:\xilinx\sdk\2019.1\gnu\aarch32\nt\gcc-arm-none-eabi\lib\gcc\arm-none-eabi\8.2.0\include\stddef.h:406: note: this is the location of the previous definition
 #define NULL ((void *)0)
 
../src/main.c: In function 'setupGIC':
../src/main.c:61:2: warning: implicit declaration of function 'InitDistributor' [-Wimplicit-function-declaration]
  InitDistributor();
  ^~~~~~~~~~~~~~~
../src/main.c:62:2: warning: implicit declaration of function 'InitCPUInterface' [-Wimplicit-function-declaration]
  InitCPUInterface();
  ^~~~~~~~~~~~~~~~
../src/main.c:68:28: error: 'GICInterruptHandler' undeclared (first use in this function); did you mean 'XInterruptHandler'?
     (Xil_ExceptionHandler) GICInterruptHandler,
                            ^~~~~~~~~~~~~~~~~~~
                            XInterruptHandler
../src/main.c:68:28: note: each undeclared identifier is reported only once for each function it appears in
../src/main.c:72:2: warning: implicit declaration of function 'DistributorEnableInterrupt' [-Wimplicit-function-declaration]
  DistributorEnableInterrupt(82);
  ^~~~~~~~~~~~~~~~~~~~~~~~~~
../src/main.c:74:2: warning: implicit declaration of function 'enableDistributor' [-Wimplicit-function-declaration]
  enableDistributor();
  ^~~~~~~~~~~~~~~~~
../src/main.c:59:9: warning: unused variable 'Status' [-Wunused-variable]
  RINT32 Status = 0;
         ^~~~~~
../src/main.c: In function 'main':
../src/main.c:98:5: warning: implicit declaration of function 'initializeUartCfg'; did you mean 'InitializeUart'? [-Wimplicit-function-declaration]
     initializeUartCfg (&cfgInstance0);
     ^~~~~~~~~~~~~~~~~
     InitializeUart
../src/main.c:104:11: warning: implicit declaration of function 'GICEnableInterruptID'; did you mean 'Xil_EnableNestedInterrupts'? [-Wimplicit-function-declaration]
     (void)GICEnableInterruptID(82);
           ^~~~~~~~~~~~~~~~~~~~
           Xil_EnableNestedInterrupts
../src/main.c:106:5: warning: implicit declaration of function 'StartGIC' [-Wimplicit-function-declaration]
     StartGIC();
     ^~~~~~~~
../src/main.c:114:6: warning: implicit declaration of function 'sleep'; did you mean 'strsep'? [-Wimplicit-function-declaration]
      sleep(1);
      ^~~~~
      strsep
../src/main.c:112:13: warning: unused variable 'counter' [-Wunused-variable]
     RUINT32 counter = 0;
             ^~~~~~~
../src/main.c:109:12: warning: unused variable 'trialArray2' [-Wunused-variable]
     RUINT8 trialArray2[] = "this message is the received \r\n";
            ^~~~~~~~~~~
../src/main.c:108:12: warning: unused variable 'trialArray' [-Wunused-variable]
     RUINT8 trialArray[] = "hello from my driver \r\n";
            ^~~~~~~~~~
../src/main.c:92:17: warning: variable 'cfgInstance1' set but not used [-Wunused-but-set-variable]
     uartCfgType cfgInstance1;
                 ^~~~~~~~~~~~
../src/main.c:85:6: warning: unused variable 'Status' [-Wunused-variable]
  int Status;
      ^~~~~~
make: *** [src/subdir.mk:32: src/main.o] Error 1
16:26:47 **** Auto Build of configuration Debug for project Uart_Driver ****
make pre-build main-build 
a9-linaro-pre-build-step
' '
'Building file: ../src/main.c'
'Invoking: ARM v7 gcc compiler'
arm-none-eabi-gcc -Wall -O0 -g3 -c -fmessage-length=0 -MT"src/main.o" -mcpu=cortex-a9 -mfpu=vfpv3 -mfloat-abi=hard -I../../BaseProject_bsp/ps7_cortexa9_0/include -MMD -MP -MF"src/main.d" -MT"src/main.o" -o "src/main.o" "../src/main.c"
In file included from ../src/Uart.h:11,
                 from ../src/main.c:50:
../src/CommonTypes.h:27: warning: "NULL" redefined
 #define NULL  0U
 
In file included from c:\xilinx\sdk\2019.1\gnu\aarch32\nt\gcc-arm-none-eabi\arm-none-eabi\libc\usr\include\sys\_types.h:159,
                 from c:\xilinx\sdk\2019.1\gnu\aarch32\nt\gcc-arm-none-eabi\arm-none-eabi\libc\usr\include\sys\reent.h:15,
                 from c:\xilinx\sdk\2019.1\gnu\aarch32\nt\gcc-arm-none-eabi\arm-none-eabi\libc\usr\include\stdio.h:60,
                 from ../src/main.c:48:
c:\xilinx\sdk\2019.1\gnu\aarch32\nt\gcc-arm-none-eabi\lib\gcc\arm-none-eabi\8.2.0\include\stddef.h:406: note: this is the location of the previous definition
 #define NULL ((void *)0)
 
../src/main.c: In function 'main':
../src/main.c:74:5: warning: implicit declaration of function 'initializeUartCfg'; did you mean 'InitializeUart'? [-Wimplicit-function-declaration]
     initializeUartCfg (&cfgInstance0);
     ^~~~~~~~~~~~~~~~~
     InitializeUart
../src/main.c:80:11: warning: implicit declaration of function 'GICEnableInterruptID'; did you mean 'Xil_EnableNestedInterrupts'? [-Wimplicit-function-declaration]
     (void)GICEnableInterruptID(82);
           ^~~~~~~~~~~~~~~~~~~~
           Xil_EnableNestedInterrupts
../src/main.c:82:5: warning: implicit declaration of function 'StartGIC' [-Wimplicit-function-declaration]
     StartGIC();
     ^~~~~~~~
../src/main.c:90:6: warning: implicit declaration of function 'sleep'; did you mean 'strsep'? [-Wimplicit-function-declaration]
      sleep(1);
      ^~~~~
      strsep
../src/main.c:88:13: warning: unused variable 'counter' [-Wunused-variable]
     RUINT32 counter = 0;
             ^~~~~~~
../src/main.c:85:12: warning: unused variable 'trialArray2' [-Wunused-variable]
     RUINT8 trialArray2[] = "this message is the received \r\n";
            ^~~~~~~~~~~
../src/main.c:84:12: warning: unused variable 'trialArray' [-Wunused-variable]
     RUINT8 trialArray[] = "hello from my driver \r\n";
            ^~~~~~~~~~
../src/main.c:68:17: warning: variable 'cfgInstance1' set but not used [-Wunused-but-set-variable]
     uartCfgType cfgInstance1;
                 ^~~~~~~~~~~~
../src/main.c:61:6: warning: unused variable 'Status' [-Wunused-variable]
  int Status;
      ^~~~~~
'Finished building: ../src/main.c'
' '
'Building target: Uart_Driver.elf'
'Invoking: ARM v7 gcc linker'
arm-none-eabi-gcc -mcpu=cortex-a9 -mfpu=vfpv3 -mfloat-abi=hard -Wl,-build-id=none -specs=Xilinx.spec -Wl,-T -Wl,../src/lscript.ld -L../../BaseProject_bsp/ps7_cortexa9_0/lib -o "Uart_Driver.elf"  ./src/GIC.o ./src/Uart.o ./src/main.o ./src/platform.o   -Wl,--start-group,-lxil,-lgcc,-lc,--end-group
'Finished building target: Uart_Driver.elf'
' '
'Invoking: ARM v7 Print Size'
arm-none-eabi-size Uart_Driver.elf  |tee "Uart_Driver.elf.size"
   text	   data	    bss	    dec	    hex	filename
  24728	   1144	  23608	  49480	   c148	Uart_Driver.elf
'Finished building: Uart_Driver.elf.size'
' '
16:27:04 **** Incremental Build of configuration Debug for project Uart_Driver ****
make pre-build main-build 
a9-linaro-pre-build-step
' '
make: Nothing to be done for 'main-build'.
