21:27:52 **** Build of configuration Debug for project hello_world_bsp_xiicps_polled_master_example_1 ****
make pre-build main-build 
a9-linaro-pre-build-step
' '
'Building file: ../src/xiicps_polled_master_example.c'
'Invoking: ARM v7 gcc compiler'
arm-none-eabi-gcc -Wall -O0 -g3 -c -fmessage-length=0 -MT"src/xiicps_polled_master_example.o" -mcpu=cortex-a9 -mfpu=vfpv3 -mfloat-abi=hard -I../../hello_world_bsp/ps7_cortexa9_0/include -MMD -MP -MF"src/xiicps_polled_master_example.d" -MT"src/xiicps_polled_master_example.o" -o "src/xiicps_polled_master_example.o" "../src/xiicps_polled_master_example.c"
'Finished building: ../src/xiicps_polled_master_example.c'
' '
'Building target: hello_world_bsp_xiicps_polled_master_example_1.elf'
'Invoking: ARM v7 gcc linker'
arm-none-eabi-gcc -mcpu=cortex-a9 -mfpu=vfpv3 -mfloat-abi=hard -Wl,-build-id=none -specs=Xilinx.spec -Wl,-T -Wl,../src/lscript.ld -L../../hello_world_bsp/ps7_cortexa9_0/lib -o "hello_world_bsp_xiicps_polled_master_example_1.elf"  ./src/xiicps_polled_master_example.o   -Wl,--start-group,-lxil,-lgcc,-lc,--end-group
'Finished building target: hello_world_bsp_xiicps_polled_master_example_1.elf'
' '
'Invoking: ARM v7 Print Size'
arm-none-eabi-size hello_world_bsp_xiicps_polled_master_example_1.elf  |tee "hello_world_bsp_xiicps_polled_master_example_1.elf.size"
   text	   data	    bss	    dec	    hex	filename
  35792	   1560	  23592	  60944	   ee10	hello_world_bsp_xiicps_polled_master_example_1.elf
'Finished building: hello_world_bsp_xiicps_polled_master_example_1.elf.size'
' '

21:27:53 Build Finished (took 684ms)

