20:16:49 **** Auto Build of configuration Debug for project Uart_Driver ****
make pre-build main-build 
a9-linaro-pre-build-step
' '
'Building file: ../src/UartDriver/Uart.c'
'Invoking: ARM v7 gcc compiler'
arm-none-eabi-gcc -Wall -O0 -g3 -c -fmessage-length=0 -MT"src/UartDriver/Uart.o" -mcpu=cortex-a9 -mfpu=vfpv3 -mfloat-abi=hard -I../../BaseProject_bsp/ps7_cortexa9_0/include -MMD -MP -MF"src/UartDriver/Uart.d" -MT"src/UartDriver/Uart.o" -o "src/UartDriver/Uart.o" "../src/UartDriver/Uart.c"
../src/UartDriver/Uart.c: In function 'configureUart':
../src/UartDriver/Uart.c:249:1: warning: no return statement in function returning non-void [-Wreturn-type]
 }
 ^
../src/UartDriver/Uart.c: At top level:
../src/UartDriver/Uart.c:90:19: warning: 'ConfigureUart' declared 'static' but never defined [-Wunused-function]
 static ReturnType ConfigureUart (uartCfgType cfgInstance);
                   ^~~~~~~~~~~~~
../src/UartDriver/Uart.c:91:19: warning: 'uartTx' declared 'static' but never defined [-Wunused-function]
 static ReturnType uartTx (RUINT32 *TxBuffer, RUINT32 size);
                   ^~~~~~
../src/UartDriver/Uart.c:92:19: warning: 'uartRx' declared 'static' but never defined [-Wunused-function]
 static ReturnType uartRx (RUINT32 *RxBuffer, RUINT32 size);
                   ^~~~~~
../src/UartDriver/Uart.c: In function 'initializeUartCfg':
../src/UartDriver/Uart.c:165:1: warning: control reaches end of non-void function [-Wreturn-type]
 }
 ^
At top level:
../src/UartDriver/Uart.c:216:19: warning: 'configureUart' defined but not used [-Wunused-function]
 static ReturnType configureUart (uartCfgType cfgInstance){
                   ^~~~~~~~~~~~~
../src/UartDriver/Uart.c:195:13: warning: 'configuraBaudRate' defined but not used [-Wunused-function]
 static void configuraBaudRate(uartBaudRateType baudRate)
             ^~~~~~~~~~~~~~~~~
../src/UartDriver/Uart.c:111:13: warning: 'uartSetRegBit' defined but not used [-Wunused-function]
 static void uartSetRegBit (RUINT32 u4RegAddr, RUINT8 u1BitPos)
             ^~~~~~~~~~~~~
'Finished building: ../src/UartDriver/Uart.c'
' '
'Building target: Uart_Driver.elf'
'Invoking: ARM v7 gcc linker'
arm-none-eabi-gcc -mcpu=cortex-a9 -mfpu=vfpv3 -mfloat-abi=hard -Wl,-build-id=none -specs=Xilinx.spec -Wl,-T -Wl,../src/lscript.ld -L../../BaseProject_bsp/ps7_cortexa9_0/lib -o "Uart_Driver.elf"  ./src/UartDriver/Uart.o  ./src/helloworld.o ./src/platform.o   -Wl,--start-group,-lxil,-lgcc,-lc,--end-group
'Finished building target: Uart_Driver.elf'
' '
'Invoking: ARM v7 Print Size'
arm-none-eabi-size Uart_Driver.elf  |tee "Uart_Driver.elf.size"
   text	   data	    bss	    dec	    hex	filename
  19832	   1144	  22584	  43560	   aa28	Uart_Driver.elf
'Finished building: Uart_Driver.elf.size'
' '

20:16:49 Build Finished (took 469ms)

